Modules list:
-------------
main.o:
    CODE              Offs=000000  Size=00007B  Align=00001  Fill=0000
    RODATA            Offs=000000  Size=000036  Align=00001  Fill=0000
boot.o:
    CODE              Offs=00007B  Size=0001D8  Align=00001  Fill=0000
    RODATA            Offs=000036  Size=000113  Align=00001  Fill=0000
    BSS               Offs=000000  Size=000004  Align=00001  Fill=0000
ci.o:
    CODE              Offs=000253  Size=0004F2  Align=00001  Fill=0000
    RODATA            Offs=000149  Size=00043F  Align=00001  Fill=0000
    BSS               Offs=000004  Size=00011D  Align=00001  Fill=0000
    DATA              Offs=000000  Size=00008D  Align=00001  Fill=0000
ckt.o:
common.o:
    CODE              Offs=000745  Size=0000EF  Align=00001  Fill=0000
    RODATA            Offs=000588  Size=00001B  Align=00001  Fill=0000
diskut.o:
    CODE              Offs=000834  Size=00017A  Align=00001  Fill=0000
    RODATA            Offs=0005A3  Size=000065  Align=00001  Fill=0000
module.o:
    CODE              Offs=0009AE  Size=000264  Align=00001  Fill=0000
    RODATA            Offs=000608  Size=00010A  Align=00001  Fill=0000
pause.o:
    CODE              Offs=000C12  Size=00006D  Align=00001  Fill=0000
restart.o:
    CODE              Offs=000C7F  Size=000059  Align=00001  Fill=0000
    RODATA            Offs=000712  Size=00009A  Align=00001  Fill=0000
    BSS               Offs=000121  Size=000002  Align=00001  Fill=0000
trk.o:
    CODE              Offs=000CD8  Size=0002B2  Align=00001  Fill=0000
    RODATA            Offs=0007AC  Size=000078  Align=00001  Fill=0000
    BSS               Offs=000123  Size=000004  Align=00001  Fill=0000
    DATA              Offs=00008D  Size=000020  Align=00001  Fill=0000
ttp.o:
    CODE              Offs=000F8A  Size=0006C3  Align=00001  Fill=0000
    RODATA            Offs=000824  Size=0002ED  Align=00001  Fill=0000
    BSS               Offs=000127  Size=000040  Align=00001  Fill=0000
    DATA              Offs=0000AD  Size=000028  Align=00001  Fill=0000
volumes.o:
    CODE              Offs=00164D  Size=000648  Align=00001  Fill=0000
    RODATA            Offs=000B11  Size=000130  Align=00001  Fill=0000
    BSS               Offs=000167  Size=000022  Align=00001  Fill=0000
    DATA              Offs=0000D5  Size=000010  Align=00001  Fill=0000
/Users/rje/git/cc65/lib/cx16.lib(_cursor.o):
    BSS               Offs=000189  Size=000001  Align=00001  Fill=0000
/Users/rje/git/cc65/lib/cx16.lib(_directerrno.o):
    CODE              Offs=001C95  Size=000009  Align=00001  Fill=0000
/Users/rje/git/cc65/lib/cx16.lib(_file.o):
    DATA              Offs=0000E5  Size=00001E  Align=00001  Fill=0000
/Users/rje/git/cc65/lib/cx16.lib(_hextab.o):
    RODATA            Offs=000C41  Size=000010  Align=00001  Fill=0000
/Users/rje/git/cc65/lib/cx16.lib(_longminstr.o):
    RODATA            Offs=000C51  Size=00000C  Align=00001  Fill=0000
/Users/rje/git/cc65/lib/cx16.lib(_mappederrno.o):
    CODE              Offs=001C9E  Size=00000F  Align=00001  Fill=0000
/Users/rje/git/cc65/lib/cx16.lib(_oserror.o):
    BSS               Offs=00018A  Size=000001  Align=00001  Fill=0000
/Users/rje/git/cc65/lib/cx16.lib(_printf.o):
    CODE              Offs=001CAD  Size=0003A5  Align=00001  Fill=0000
    BSS               Offs=00018B  Size=00002B  Align=00001  Fill=0000
    DATA              Offs=000103  Size=000003  Align=00001  Fill=0000
/Users/rje/git/cc65/lib/cx16.lib(_scanf.o):
    CODE              Offs=002052  Size=00075C  Align=00001  Fill=0000
    RODATA            Offs=000C5D  Size=000010  Align=00001  Fill=0000
    BSS               Offs=0001B6  Size=000042  Align=00001  Fill=0000
/Users/rje/git/cc65/lib/cx16.lib(_seterrno.o):
    CODE              Offs=0027AE  Size=000009  Align=00001  Fill=0000
/Users/rje/git/cc65/lib/cx16.lib(add.o):
    CODE              Offs=0027B7  Size=000018  Align=00001  Fill=0000
/Users/rje/git/cc65/lib/cx16.lib(addeqsp.o):
    CODE              Offs=0027CF  Size=000011  Align=00001  Fill=0000
/Users/rje/git/cc65/lib/cx16.lib(addysp.o):
    CODE              Offs=0027E0  Size=00000E  Align=00001  Fill=0000
/Users/rje/git/cc65/lib/cx16.lib(aslax1.o):
    CODE              Offs=0027EE  Size=000008  Align=00001  Fill=0000
/Users/rje/git/cc65/lib/cx16.lib(aslax2.o):
    CODE              Offs=0027F6  Size=00000B  Align=00001  Fill=0000
/Users/rje/git/cc65/lib/cx16.lib(aslax4.o):
    CODE              Offs=002801  Size=000011  Align=00001  Fill=0000
/Users/rje/git/cc65/lib/cx16.lib(asleax1.o):
    CODE              Offs=002812  Size=00000C  Align=00001  Fill=0000
/Users/rje/git/cc65/lib/cx16.lib(asleax2.o):
    CODE              Offs=00281E  Size=000013  Align=00001  Fill=0000
/Users/rje/git/cc65/lib/cx16.lib(axlong.o):
    CODE              Offs=002831  Size=00000D  Align=00001  Fill=0000
/Users/rje/git/cc65/lib/cx16.lib(c_bsout.o):
/Users/rje/git/cc65/lib/cx16.lib(c_load.o):
    CODE              Offs=00283E  Size=00001D  Align=00001  Fill=0000
/Users/rje/git/cc65/lib/cx16.lib(c_setlfs.o):
    CODE              Offs=00285B  Size=00000E  Align=00001  Fill=0000
/Users/rje/git/cc65/lib/cx16.lib(c_setnam.o):
    CODE              Offs=002869  Size=000013  Align=00001  Fill=0000
/Users/rje/git/cc65/lib/cx16.lib(callmain.o):
    CODE              Offs=00287C  Size=000017  Align=00001  Fill=0000
    DATA              Offs=000106  Size=000004  Align=00001  Fill=0000
/Users/rje/git/cc65/lib/cx16.lib(cclear.o):
    CODE              Offs=002893  Size=000015  Align=00001  Fill=0000
/Users/rje/git/cc65/lib/cx16.lib(cgetc.o):
    CODE              Offs=0028A8  Size=000064  Align=00001  Fill=0000
/Users/rje/git/cc65/lib/cx16.lib(clock.o):
    CODE              Offs=00290C  Size=00000F  Align=00001  Fill=0000
/Users/rje/git/cc65/lib/cx16.lib(clrscr.o):
    CODE              Offs=00291B  Size=000011  Align=00001  Fill=0000
/Users/rje/git/cc65/lib/cx16.lib(color.o):
    CODE              Offs=00292C  Size=00002A  Align=00001  Fill=0000
/Users/rje/git/cc65/lib/cx16.lib(compl.o):
    CODE              Offs=002956  Size=000009  Align=00001  Fill=0000
/Users/rje/git/cc65/lib/cx16.lib(condes.o):
    CODE              Offs=00295F  Size=00000C  Align=00001  Fill=0000
    DATA              Offs=00010A  Size=000025  Align=00001  Fill=0000
    ONCE              Offs=000000  Size=00000C  Align=00001  Fill=0000
/Users/rje/git/cc65/lib/cx16.lib(cprintf.o):
    CODE              Offs=00296B  Size=00002A  Align=00001  Fill=0000
    BSS               Offs=0001F8  Size=000001  Align=00001  Fill=0000
/Users/rje/git/cc65/lib/cx16.lib(cputc.o):
    CODE              Offs=002995  Size=00005F  Align=00001  Fill=0000
    RODATA            Offs=000C6D  Size=000008  Align=00001  Fill=0000
/Users/rje/git/cc65/lib/cx16.lib(cputs.o):
    CODE              Offs=0029F4  Size=000023  Align=00001  Fill=0000
/Users/rje/git/cc65/lib/cx16.lib(crt0.o):
    STARTUP           Offs=000000  Size=000028  Align=00001  Fill=0000
    ONCE              Offs=00000C  Size=000023  Align=00001  Fill=0000
    INIT              Offs=000000  Size=000002  Align=00001  Fill=0000
/Users/rje/git/cc65/lib/cx16.lib(ctype.o):
    RODATA            Offs=000C75  Size=00008B  Align=00001  Fill=0000
/Users/rje/git/cc65/lib/cx16.lib(ctypemask.o):
    CODE              Offs=002A17  Size=00001E  Align=00001  Fill=0000
/Users/rje/git/cc65/lib/cx16.lib(decax1.o):
    CODE              Offs=002A35  Size=000007  Align=00001  Fill=0000
/Users/rje/git/cc65/lib/cx16.lib(decax4.o):
    CODE              Offs=002A3C  Size=000007  Align=00001  Fill=0000
/Users/rje/git/cc65/lib/cx16.lib(decaxy.o):
    CODE              Offs=002A43  Size=000009  Align=00001  Fill=0000
/Users/rje/git/cc65/lib/cx16.lib(decsp1.o):
    CODE              Offs=002A4C  Size=000009  Align=00001  Fill=0000
/Users/rje/git/cc65/lib/cx16.lib(decsp2.o):
    CODE              Offs=002A55  Size=00000D  Align=00001  Fill=0000
/Users/rje/git/cc65/lib/cx16.lib(decsp4.o):
    CODE              Offs=002A62  Size=00000D  Align=00001  Fill=0000
/Users/rje/git/cc65/lib/cx16.lib(decsp5.o):
    CODE              Offs=002A6F  Size=00000D  Align=00001  Fill=0000
/Users/rje/git/cc65/lib/cx16.lib(decsp6.o):
    CODE              Offs=002A7C  Size=00000D  Align=00001  Fill=0000
/Users/rje/git/cc65/lib/cx16.lib(div.o):
    CODE              Offs=002A89  Size=000015  Align=00001  Fill=0000
/Users/rje/git/cc65/lib/cx16.lib(divt.o):
    CODE              Offs=002A9E  Size=000015  Align=00001  Fill=0000
/Users/rje/git/cc65/lib/cx16.lib(errno.o):
    BSS               Offs=0001F9  Size=000002  Align=00001  Fill=0000
/Users/rje/git/cc65/lib/cx16.lib(exehdr.o):
    EXEHDR            Offs=000000  Size=00000C  Align=00001  Fill=0000
/Users/rje/git/cc65/lib/cx16.lib(fgetc.o):
    CODE              Offs=002AB3  Size=000084  Align=00001  Fill=0000
/Users/rje/git/cc65/lib/cx16.lib(fgets.o):
    CODE              Offs=002B37  Size=0000A8  Align=00001  Fill=0000
/Users/rje/git/cc65/lib/cx16.lib(filedes.o):
    CODE              Offs=002BDF  Size=00000E  Align=00001  Fill=0000
    DATA              Offs=00012F  Size=000010  Align=00001  Fill=0000
/Users/rje/git/cc65/lib/cx16.lib(fwrite.o):
    CODE              Offs=002BED  Size=00007B  Align=00001  Fill=0000
    BSS               Offs=0001FB  Size=000002  Align=00001  Fill=0000
/Users/rje/git/cc65/lib/cx16.lib(gettime.o):
    CODE              Offs=002C68  Size=00004C  Align=00001  Fill=0000
/Users/rje/git/cc65/lib/cx16.lib(gmtime.o):
    CODE              Offs=002CB4  Size=000092  Align=00001  Fill=0000
    BSS               Offs=0001FD  Size=000012  Align=00001  Fill=0000
/Users/rje/git/cc65/lib/cx16.lib(gotox.o):
    CODE              Offs=002D46  Size=000006  Align=00001  Fill=0000
/Users/rje/git/cc65/lib/cx16.lib(gotoxy.o):
    CODE              Offs=002D4C  Size=00000F  Align=00001  Fill=0000
/Users/rje/git/cc65/lib/cx16.lib(icmp.o):
    CODE              Offs=002D5B  Size=00002E  Align=00001  Fill=0000
/Users/rje/git/cc65/lib/cx16.lib(incax2.o):
    CODE              Offs=002D89  Size=000007  Align=00001  Fill=0000
/Users/rje/git/cc65/lib/cx16.lib(incax3.o):
    CODE              Offs=002D90  Size=000005  Align=00001  Fill=0000
/Users/rje/git/cc65/lib/cx16.lib(incax5.o):
    CODE              Offs=002D95  Size=000005  Align=00001  Fill=0000
/Users/rje/git/cc65/lib/cx16.lib(incaxy.o):
    CODE              Offs=002D9A  Size=00000B  Align=00001  Fill=0000
/Users/rje/git/cc65/lib/cx16.lib(incsp1.o):
    CODE              Offs=002DA5  Size=000007  Align=00001  Fill=0000
/Users/rje/git/cc65/lib/cx16.lib(incsp2.o):
    CODE              Offs=002DAC  Size=000015  Align=00001  Fill=0000
/Users/rje/git/cc65/lib/cx16.lib(incsp3.o):
    CODE              Offs=002DC1  Size=000005  Align=00001  Fill=0000
/Users/rje/git/cc65/lib/cx16.lib(incsp4.o):
    CODE              Offs=002DC6  Size=000005  Align=00001  Fill=0000
/Users/rje/git/cc65/lib/cx16.lib(incsp5.o):
    CODE              Offs=002DCB  Size=000005  Align=00001  Fill=0000
/Users/rje/git/cc65/lib/cx16.lib(incsp6.o):
    CODE              Offs=002DD0  Size=000005  Align=00001  Fill=0000
/Users/rje/git/cc65/lib/cx16.lib(incsp8.o):
    CODE              Offs=002DD5  Size=000005  Align=00001  Fill=0000
/Users/rje/git/cc65/lib/cx16.lib(isdigit.o):
    CODE              Offs=002DDA  Size=000008  Align=00001  Fill=0000
/Users/rje/git/cc65/lib/cx16.lib(isspace.o):
    CODE              Offs=002DE2  Size=000008  Align=00001  Fill=0000
/Users/rje/git/cc65/lib/cx16.lib(isxdigit.o):
    CODE              Offs=002DEA  Size=000008  Align=00001  Fill=0000
/Users/rje/git/cc65/lib/cx16.lib(jmpvec.o):
    DATA              Offs=00013F  Size=000003  Align=00001  Fill=0000
/Users/rje/git/cc65/lib/cx16.lib(kbhit.o):
    CODE              Offs=002DF2  Size=00000E  Align=00001  Fill=0000
/Users/rje/git/cc65/lib/cx16.lib(kernal.o):
/Users/rje/git/cc65/lib/cx16.lib(ladd.o):
    CODE              Offs=002E00  Size=000024  Align=00001  Fill=0000
/Users/rje/git/cc65/lib/cx16.lib(lcmp.o):
    CODE              Offs=002E24  Size=00003B  Align=00001  Fill=0000
/Users/rje/git/cc65/lib/cx16.lib(ldaxi.o):
    CODE              Offs=002E5F  Size=00000D  Align=00001  Fill=0000
/Users/rje/git/cc65/lib/cx16.lib(ldaxsp.o):
    CODE              Offs=002E6C  Size=000009  Align=00001  Fill=0000
/Users/rje/git/cc65/lib/cx16.lib(ldeaxi.o):
    CODE              Offs=002E75  Size=000017  Align=00001  Fill=0000
/Users/rje/git/cc65/lib/cx16.lib(ldeaxysp.o):
    CODE              Offs=002E8C  Size=000013  Align=00001  Fill=0000
/Users/rje/git/cc65/lib/cx16.lib(leaaxsp.o):
    CODE              Offs=002E9F  Size=00000C  Align=00001  Fill=0000
/Users/rje/git/cc65/lib/cx16.lib(linc.o):
    CODE              Offs=002EAB  Size=000011  Align=00001  Fill=0000
/Users/rje/git/cc65/lib/cx16.lib(lmul.o):
    CODE              Offs=002EBC  Size=000059  Align=00001  Fill=0000
/Users/rje/git/cc65/lib/cx16.lib(lneg.o):
    CODE              Offs=002F15  Size=00001E  Align=00001  Fill=0000
/Users/rje/git/cc65/lib/cx16.lib(loadaddr.o):
    LOADADDR          Offs=000000  Size=000002  Align=00001  Fill=0000
/Users/rje/git/cc65/lib/cx16.lib(localtime.o):
    CODE              Offs=002F33  Size=00003B  Align=00001  Fill=0000
/Users/rje/git/cc65/lib/cx16.lib(longjmp.o):
    CODE              Offs=002F6E  Size=000028  Align=00001  Fill=0000
/Users/rje/git/cc65/lib/cx16.lib(lpush.o):
    CODE              Offs=002F96  Size=00001E  Align=00001  Fill=0000
/Users/rje/git/cc65/lib/cx16.lib(lsub.o):
    CODE              Offs=002FB4  Size=000024  Align=00001  Fill=0000
/Users/rje/git/cc65/lib/cx16.lib(ltoa.o):
    CODE              Offs=002FD8  Size=000093  Align=00001  Fill=0000
/Users/rje/git/cc65/lib/cx16.lib(ludiv.o):
    CODE              Offs=00306B  Size=000077  Align=00001  Fill=0000
/Users/rje/git/cc65/lib/cx16.lib(lult.o):
    CODE              Offs=0030E2  Size=000006  Align=00001  Fill=0000
/Users/rje/git/cc65/lib/cx16.lib(lumod.o):
    CODE              Offs=0030E8  Size=000017  Align=00001  Fill=0000
/Users/rje/git/cc65/lib/cx16.lib(makebool.o):
    CODE              Offs=0030FF  Size=00002C  Align=00001  Fill=0000
/Users/rje/git/cc65/lib/cx16.lib(memcpy.o):
    CODE              Offs=00312B  Size=00003C  Align=00001  Fill=0000
/Users/rje/git/cc65/lib/cx16.lib(mktime.o):
    CODE              Offs=003167  Size=0003D7  Align=00001  Fill=0000
    RODATA            Offs=000D00  Size=00002E  Align=00001  Fill=0000
/Users/rje/git/cc65/lib/cx16.lib(mod.o):
    CODE              Offs=00353E  Size=000011  Align=00001  Fill=0000
/Users/rje/git/cc65/lib/cx16.lib(mul.o):
    CODE              Offs=00354F  Size=000045  Align=00001  Fill=0000
/Users/rje/git/cc65/lib/cx16.lib(mul8.o):
    CODE              Offs=003594  Size=00003A  Align=00001  Fill=0000
/Users/rje/git/cc65/lib/cx16.lib(mulax10.o):
    CODE              Offs=0035CE  Size=000019  Align=00001  Fill=0000
/Users/rje/git/cc65/lib/cx16.lib(mulax3.o):
    CODE              Offs=0035E7  Size=000011  Align=00001  Fill=0000
/Users/rje/git/cc65/lib/cx16.lib(mulax5.o):
    CODE              Offs=0035F8  Size=000014  Align=00001  Fill=0000
/Users/rje/git/cc65/lib/cx16.lib(negabs.o):
    CODE              Offs=00360C  Size=000012  Align=00001  Fill=0000
/Users/rje/git/cc65/lib/cx16.lib(oserror.o):
    CODE              Offs=00361E  Size=000016  Align=00001  Fill=0000
    RODATA            Offs=000D2E  Size=00005A  Align=00001  Fill=0000
/Users/rje/git/cc65/lib/cx16.lib(popa.o):
    CODE              Offs=003634  Size=00000A  Align=00001  Fill=0000
/Users/rje/git/cc65/lib/cx16.lib(popptr1.o):
    CODE              Offs=00363E  Size=00000E  Align=00001  Fill=0000
/Users/rje/git/cc65/lib/cx16.lib(printf.o):
    CODE              Offs=00364C  Size=000033  Align=00001  Fill=0000
    BSS               Offs=00020F  Size=000001  Align=00001  Fill=0000
/Users/rje/git/cc65/lib/cx16.lib(push1.o):
    CODE              Offs=00367F  Size=000005  Align=00001  Fill=0000
/Users/rje/git/cc65/lib/cx16.lib(pusha.o):
    CODE              Offs=003684  Size=000016  Align=00001  Fill=0000
/Users/rje/git/cc65/lib/cx16.lib(pushax.o):
    CODE              Offs=00369A  Size=00001A  Align=00001  Fill=0000
/Users/rje/git/cc65/lib/cx16.lib(pushw.o):
    CODE              Offs=0036B4  Size=00000F  Align=00001  Fill=0000
/Users/rje/git/cc65/lib/cx16.lib(pushwsp.o):
    CODE              Offs=0036C3  Size=00001C  Align=00001  Fill=0000
/Users/rje/git/cc65/lib/cx16.lib(puts.o):
    CODE              Offs=0036DF  Size=000063  Align=00001  Fill=0000
    DATA              Offs=000142  Size=000001  Align=00001  Fill=0000
/Users/rje/git/cc65/lib/cx16.lib(rand.o):
    CODE              Offs=003742  Size=000034  Align=00001  Fill=0000
    DATA              Offs=000143  Size=000004  Align=00001  Fill=0000
/Users/rje/git/cc65/lib/cx16.lib(randomize.o):
    CODE              Offs=003776  Size=000006  Align=00001  Fill=0000
/Users/rje/git/cc65/lib/cx16.lib(read.o):
    CODE              Offs=00377C  Size=00007E  Align=00001  Fill=0000
    BSS               Offs=000210  Size=000001  Align=00001  Fill=0000
    ONCE              Offs=00002F  Size=00000C  Align=00001  Fill=0000
/Users/rje/git/cc65/lib/cx16.lib(regswap2.o):
    CODE              Offs=0037FA  Size=000016  Align=00001  Fill=0000
/Users/rje/git/cc65/lib/cx16.lib(return0.o):
    CODE              Offs=003810  Size=000004  Align=00001  Fill=0000
/Users/rje/git/cc65/lib/cx16.lib(revers.o):
    CODE              Offs=003814  Size=000013  Align=00001  Fill=0000
/Users/rje/git/cc65/lib/cx16.lib(rwcommon.o):
    CODE              Offs=003827  Size=00001A  Align=00001  Fill=0000
/Users/rje/git/cc65/lib/cx16.lib(setjmp.o):
    CODE              Offs=003841  Size=000025  Align=00001  Fill=0000
/Users/rje/git/cc65/lib/cx16.lib(shelp.o):
    CODE              Offs=003866  Size=000020  Align=00001  Fill=0000
/Users/rje/git/cc65/lib/cx16.lib(shrax2.o):
    CODE              Offs=003886  Size=00000B  Align=00001  Fill=0000
/Users/rje/git/cc65/lib/cx16.lib(sprintf.o):
    CODE              Offs=003891  Size=00002B  Align=00001  Fill=0000
    BSS               Offs=000211  Size=000001  Align=00001  Fill=0000
/Users/rje/git/cc65/lib/cx16.lib(sscanf.o):
    CODE              Offs=0038BC  Size=00002B  Align=00001  Fill=0000
    BSS               Offs=000212  Size=000001  Align=00001  Fill=0000
/Users/rje/git/cc65/lib/cx16.lib(staspidx.o):
    CODE              Offs=0038E7  Size=000016  Align=00001  Fill=0000
/Users/rje/git/cc65/lib/cx16.lib(staxsp.o):
    CODE              Offs=0038FD  Size=00000B  Align=00001  Fill=0000
/Users/rje/git/cc65/lib/cx16.lib(staxspi.o):
    CODE              Offs=003908  Size=00001A  Align=00001  Fill=0000
/Users/rje/git/cc65/lib/cx16.lib(steaxsp.o):
    CODE              Offs=003922  Size=000015  Align=00001  Fill=0000
/Users/rje/git/cc65/lib/cx16.lib(steaxspi.o):
    CODE              Offs=003937  Size=000022  Align=00001  Fill=0000
/Users/rje/git/cc65/lib/cx16.lib(strcat.o):
    CODE              Offs=003959  Size=00002F  Align=00001  Fill=0000
/Users/rje/git/cc65/lib/cx16.lib(strcmp.o):
    CODE              Offs=003988  Size=000021  Align=00001  Fill=0000
/Users/rje/git/cc65/lib/cx16.lib(strlen.o):
    CODE              Offs=0039A9  Size=000016  Align=00001  Fill=0000
/Users/rje/git/cc65/lib/cx16.lib(strlower.o):
    CODE              Offs=0039BF  Size=000027  Align=00001  Fill=0000
/Users/rje/git/cc65/lib/cx16.lib(strncmp.o):
    CODE              Offs=0039E6  Size=000039  Align=00001  Fill=0000
/Users/rje/git/cc65/lib/cx16.lib(strncpy.o):
    CODE              Offs=003A1F  Size=000042  Align=00001  Fill=0000
/Users/rje/git/cc65/lib/cx16.lib(sub.o):
    CODE              Offs=003A61  Size=000014  Align=00001  Fill=0000
/Users/rje/git/cc65/lib/cx16.lib(subeqsp.o):
    CODE              Offs=003A75  Size=000015  Align=00001  Fill=0000
/Users/rje/git/cc65/lib/cx16.lib(subysp.o):
    CODE              Offs=003A8A  Size=00000D  Align=00001  Fill=0000
/Users/rje/git/cc65/lib/cx16.lib(time.o):
    CODE              Offs=003A97  Size=000043  Align=00001  Fill=0000
    BSS               Offs=000213  Size=000008  Align=00001  Fill=0000
/Users/rje/git/cc65/lib/cx16.lib(timezone.o):
    DATA              Offs=000147  Size=00000F  Align=00001  Fill=0000
/Users/rje/git/cc65/lib/cx16.lib(tmcommon.o):
    CODE              Offs=003ADA  Size=00000D  Align=00001  Fill=0000
    DATA              Offs=000156  Size=000012  Align=00001  Fill=0000
/Users/rje/git/cc65/lib/cx16.lib(tolower.o):
    CODE              Offs=003AE7  Size=000012  Align=00001  Fill=0000
/Users/rje/git/cc65/lib/cx16.lib(toupper.o):
    CODE              Offs=003AF9  Size=000012  Align=00001  Fill=0000
/Users/rje/git/cc65/lib/cx16.lib(udiv.o):
    CODE              Offs=003B0B  Size=00004F  Align=00001  Fill=0000
/Users/rje/git/cc65/lib/cx16.lib(umod.o):
    CODE              Offs=003B5A  Size=000011  Align=00001  Fill=0000
/Users/rje/git/cc65/lib/cx16.lib(vcprintf.o):
    CODE              Offs=003B6B  Size=000078  Align=00001  Fill=0000
    DATA              Offs=000168  Size=000008  Align=00001  Fill=0000
/Users/rje/git/cc65/lib/cx16.lib(vfprintf.o):
    CODE              Offs=003BE3  Size=000060  Align=00001  Fill=0000
    DATA              Offs=000170  Size=000008  Align=00001  Fill=0000
/Users/rje/git/cc65/lib/cx16.lib(vsnprintf.o):
    CODE              Offs=003C43  Size=0000DA  Align=00001  Fill=0000
    DATA              Offs=000178  Size=000008  Align=00001  Fill=0000
/Users/rje/git/cc65/lib/cx16.lib(vsprintf.o):
    CODE              Offs=003D1D  Size=000012  Align=00001  Fill=0000
/Users/rje/git/cc65/lib/cx16.lib(vsscanf.o):
    CODE              Offs=003D2F  Size=00006D  Align=00001  Fill=0000
    RODATA            Offs=000D88  Size=000006  Align=00001  Fill=0000
    BSS               Offs=00021B  Size=000004  Align=00001  Fill=0000
/Users/rje/git/cc65/lib/cx16.lib(write.o):
    CODE              Offs=003D9C  Size=000054  Align=00001  Fill=0000
    ONCE              Offs=00003B  Size=000011  Align=00001  Fill=0000
/Users/rje/git/cc65/lib/cx16.lib(zerobss.o):
    CODE              Offs=003DF0  Size=000023  Align=00001  Fill=0000
/Users/rje/git/cc65/lib/cx16.lib(zeropage.o):
    ZEROPAGE          Offs=000000  Size=00001A  Align=00001  Fill=0000


Segment list:
-------------
Name                   Start     End    Size  Align
----------------------------------------------------
ZEROPAGE              000022  00003B  00001A  00001
LOADADDR              0007FF  000800  000002  00001
EXEHDR                000801  00080C  00000C  00001
STARTUP               00080D  000834  000028  00001
CODE                  000835  004647  003E13  00001
RODATA                004648  0053D5  000D8E  00001
DATA                  0053D6  005555  000180  00001
INIT                  005556  005557  000002  00001
BSS                   005558  005776  00021F  00001
ONCE                  005558  0055A9  000052  00001


Exports list by name:
---------------------
BASIN                     00FFCF RLA    BSOUT                     00FFD2 RLA    
CHKIN                     00FFC6 RLA    CHROUT                    00FFD2 RLA    
CKOUT                     00FFC9 RLA    CLOCK_GET_DATE_TIME       00FF50 RLA    
CLRCH                     00FFCC RLA    ENTROPY_GET               00FECF RLA    
GETIN                     00FFE4 RLA    LOAD                      00FFD5 RLA    
OPEN                      00FFC0 RLA    PLOT                      00FFF0 RLA    
RDTIM                     00FFDE RLA    READST                    00FFB7 RLA    
SETLFS                    00FFBA RLA    SETNAM                    00FFBD RLA    
SETTIM                    00FFDB RLA    TM                        00552C RLA    
__BSS_RUN__               005558 RLA    __BSS_SIZE__              00021F REA    
__CONSTRUCTOR_COUNT__     000003 REA    __CONSTRUCTOR_TABLE__     0055A4 RLA    
__DESTRUCTOR_COUNT__      000000 REA    __DESTRUCTOR_TABLE__      0053D6 RLA    
__EXEHDR__                000001 REA    __HEADER_LAST__           00080D RLA    
__HIMEM__                 009F00 REA    __LOADADDR__              000001 REA    
__MAIN_SIZE__             0096F3 REA    __MAIN_START__            00080D RLA    
__ONCE_RUN__              005558 RLA    __STACKSIZE__             000800 REA    
__STARTUP__               000001 REA    __ctype                   0052BD RLA    
__ctypeidx                0052C8 RLA    __directerrno             0024CA RLA    
__errno                   005751 RLA    __hextab                  005289 RLA    
__longminstr              005299 RLA    __mappederrno             0024D3 RLA    
__oserror                 0056E2 RLA    __osmaperrno              003E53 RLA    
__printf                  0025D5 RLA    __randomize               003FAB RLA    
__scanf                   002887 RLA    __seterrno                002FE3 RLA    
__setjmp                  004076 RLA    __tz                      00551D RLA    
_bgcolor                  003174 RLA    _boot_cbf                 00094C RLA    
_boot_sbf                 0008B0 RLA    _c1                       005600 RLA    
_c2                       005650 RLA    _c3                       005664 RLA    
_cbm_k_bsout              00FFD2 RLA    _cbm_k_load               003073 RLA    
_cbm_k_setlfs             003090 RLA    _cbm_k_setnam             00309E RLA    
_cclear                   0030CD RLA    _cgetc                    0030DD RLA    
_ciInputBuffer            00555C RLA    _ciLowerBuffer            0055AC RLA    
_ci_confirm               000F30 RLA    _ci_inputToLower          000DE0 RLA    
_ci_inputToUpper          000E33 RLA    _ci_login                 000A88 RLA    
_ci_readLine              000D45 RLA    _ci_run                   000AEB RLA    
_ci_setState              000D8F RLA    _ci_toUpper               000E86 RLA    
_clock                    003148 RLA    _clock_gettime            00349D RLA    
_clrscr                   003150 RLA    _common_loadFile          000FB9 RLA    
_common_loadFileAt        000FE5 RLA    _cprintf                  0031A0 RLA    
_cputc                    0031CF RLA    _cputs                    003233 RLA    
_cputsxy                  003229 RLA    _diskut_run               001069 RLA    
_div                      0032D3 RLA    _exit                     00081A RLA    
_fgetc                    0032E8 RLA    _fgets                    00336C RLA    
_fwrite                   003422 RLA    _gmtime                   0034E9 RLA    
_gotox                    00357B RLA    _gotoxy                   003584 RLA    
_i1                       0055FC RLA    _i2                       0055FE RLA    
_isdigit                  00360F RLA    _isspace                  003617 RLA    
_isxdigit                 00361F RLA    _kbhit                    003627 RLA    
_localtime                003768 RLA    _longjmp                  0037A3 RLA    
_ltoa                     003825 RLA    _main                     000835 RLA    
_memcpy                   003960 RLA    _mktime                   00399C RLA    
_module_print_random      0011E3 RLA    _pause                    001471 RLA    
_pause_long               001481 RLA    _pause_short              001491 RLA    
_printf                   003E81 RLA    _puts                     003F14 RLA    
_rand                     003F83 RLA    _read                     003FB1 RLA    
_restart_run              0014B4 RLA    _revers                   004049 RLA    
_setBank                  000F7A RLA    _sprintf                  0040C6 RLA    
_srand                    003F77 RLA    _sscanf                   0040F1 RLA    
_stdin                    0054D3 RLA    _stdout                   0054D5 RLA    
_strcat                   00418E RLA    _strcmp                   0041BD RLA    
_strlen                   0041DE RLA    _strlower                 0041F4 RLA    
_strncmp                  00421B RLA    _strncpy                  004254 RLA    
_textcolor                003161 RLA    _time                     0042CC RLA    
_tolower                  00431C RLA    _toupper                  00432E RLA    
_trk_findByClli           00173B RLA    _trk_getTrunkAlarmCount   001516 RLA    
_trk_getTrunkAlarmType    0015AA RLA    _trk_getTrunkSeverity     0015BF RLA    
_trk_initTrunks           00150D RLA    _trk_print                00169E RLA    
_trkmem                   00567D RLA    _ttp_run                  0017BF RLA    
_ultoa                    003864 RLA    _vcprintf                 0043E8 RLA    
_vfprintf                 00444F RLA    _volumes_find             0023A6 RLA    
_volumes_findEntry        002437 RLA    _volumes_list             001E82 RLA    
_volumes_listfiles        002093 RLA    _vsprintf                 004552 RLA    
_vsscanf                  0045AF RLA    _write                    0045D1 RLA    
addeq0sp                  003004 RLA    addeqysp                  003006 RLA    
addysp                    003016 RLA    addysp1                   003015 RLA    
aslax1                    003023 RLA    aslax2                    00302B RLA    
aslax4                    003036 RLA    asleax1                   003047 RLA    
asleax2                   003053 RLA    axlong                    003066 RLA    
axulong                   00306C RLA    booleq                    00393A RLA    
boolult                   003953 RLA    callmain                  0030B1 RLA    
complax                   00318B RLA    cputdirect                0031E2 RLA    
ctypemask                 00324C RLA    ctypemaskdirect           003250 RLA    
cursor                    0056E1 RLA    decax1                    00326A RLA    
decax4                    003271 RLA    decaxy                    003278 RLA    
decsp1                    003281 RLA    decsp2                    00328A RLA    
decsp4                    003297 RLA    decsp5                    0032A4 RLA    
decsp6                    0032B1 RLA    donelib                   003194 RLA    
fdtab                     005505 RLA    getlop                    0038AF RLA    
gotoxy                    003581 RLA    incax2                    0035BE RLA    
incax3                    0035C5 RLA    incax4                    0035CF RLA    
incax5                    0035CA RLA    incaxy                    0035D1 RLA    
inceaxy                   0036E0 RLA    incsp1                    0035DA RLA    
incsp2                    0035E8 RLA    incsp3                    0035F6 RLA    
incsp4                    0035FB RLA    incsp5                    003600 RLA    
incsp6                    003605 RLA    incsp8                    00360A RLA    
initclock                 003141  LAI   initlib                   005558 RLA    
initstdin                 005587  LAI   initstdout                005593  LAI   
jmpvec                    005515 RLA    ldax0sp                   0036A1 RLA    
ldaxi                     003694 RLA    ldaxysp                   0036A3 RLA    
ldeax0sp                  0036C1 RLA    ldeaxi                    0036AA RLA    
ldeaxidx                  0036AC RLA    ldeaxysp                  0036C3 RLA    
leaa0sp                   0036D4 RLA    load_jiffy                00430F RLA    
mul8x16                   003DCB RLA    mul8x16a                  003DD5 RLA    
mulax10                   003E03 RLA    mulax3                    003E1C RLA    
mulax5                    003E2D RLA    negax                     003E45 RLA    
negeax                    00374A RLA    plot                      0031FB RLA    
popa                      003E69 RLA    popax                     0035E1 RLA    
popptr1                   003E73 RLA    popsargsudiv16            00409B RLA    
ptr1                      00002A RLZ    ptr2                      00002C RLZ    
ptr3                      00002E RLZ    ptr4                      000030 RLZ    
push0                     003ECF RLA    push1                     003EB4 RLA    
pusha                     003EBD RLA    pusha0                    003ED1 RLA    
pushax                    003ED3 RLA    pusheax                   0037D2 RLA    
pushw                     003EE9 RLA    pushw0sp                  003EF8 RLA    
pushwidx                  003EEB RLA    pushwysp                  003EFA RLA    
regbank                   000036 RLZ    regsave                   000026 RLZ    
regswap2                  00402F RLA    return0                   004045 RLA    
rwcommon                  00405C RLA    shlax1                    003023 RLA    
shlax2                    00302B RLA    shlax4                    003036 RLA    
shrax2                    0040BB RLA    sp                        000022 RLZ    
sreg                      000024 RLZ    staspidx                  00411C RLA    
stax0sp                   004132 RLA    staxspidx                 00413D RLA    
staxysp                   004134 RLA    steax0sp                  004157 RLA    
steaxspidx                00416C RLA    subeq0sp                  0042AA RLA    
subeqysp                  0042AC RLA    subysp                    0042BF RLA    
tmp1                      000032 RLZ    tmp2                      000033 RLZ    
tmp3                      000034 RLZ    tmp4                      000035 RLZ    
tosaddax                  002FEE RLA    tosaddeax                 00363B RLA    
tosdivax                  0032C0 RLA    tosicmp                   003592 RLA    
tosicmp0                  003590 RLA    toslcmp                   003659 RLA    
tosmoda0                  003D73 RLA    tosmodax                  003D75 RLA    
tosmul0ax                 0036F1 RLA    tosmulax                  003D84 RLA    
tosmuleax                 0036F5 RLA    tossuba0                  004296 RLA    
tossubeax                 0037ED RLA    tosudiv0ax                0038A0 RLA    
tosudivax                 004342 RLA    tosudiveax                0038A4 RLA    
tosulteax                 003917 RLA    tosumod0ax                00391D RLA    
tosumoda0                 00438F RLA    tosumodax                 004391 RLA    
tosumul0ax                0036F1 RLA    tosumula0                 003DC9 RLA    
tosumulax                 003D84 RLA    tosumuleax                0036F5 RLA    
udiv16                    004351 RLA    udiv32                    0038D2 RLA    
unittab                   00550D RLA    vsnprintf                 00447B RLA    
zerobss                   004625 RLA    


Exports list by value:
----------------------
__DESTRUCTOR_COUNT__      000000 REA    __EXEHDR__                000001 REA    
__STARTUP__               000001 REA    __LOADADDR__              000001 REA    
__CONSTRUCTOR_COUNT__     000003 REA    sp                        000022 RLZ    
sreg                      000024 RLZ    regsave                   000026 RLZ    
ptr1                      00002A RLZ    ptr2                      00002C RLZ    
ptr3                      00002E RLZ    ptr4                      000030 RLZ    
tmp1                      000032 RLZ    tmp2                      000033 RLZ    
tmp3                      000034 RLZ    tmp4                      000035 RLZ    
regbank                   000036 RLZ    __BSS_SIZE__              00021F REA    
__STACKSIZE__             000800 REA    __MAIN_START__            00080D RLA    
__HEADER_LAST__           00080D RLA    _exit                     00081A RLA    
_main                     000835 RLA    _boot_sbf                 0008B0 RLA    
_boot_cbf                 00094C RLA    _ci_login                 000A88 RLA    
_ci_run                   000AEB RLA    _ci_readLine              000D45 RLA    
_ci_setState              000D8F RLA    _ci_inputToLower          000DE0 RLA    
_ci_inputToUpper          000E33 RLA    _ci_toUpper               000E86 RLA    
_ci_confirm               000F30 RLA    _setBank                  000F7A RLA    
_common_loadFile          000FB9 RLA    _common_loadFileAt        000FE5 RLA    
_diskut_run               001069 RLA    _module_print_random      0011E3 RLA    
_pause                    001471 RLA    _pause_long               001481 RLA    
_pause_short              001491 RLA    _restart_run              0014B4 RLA    
_trk_initTrunks           00150D RLA    _trk_getTrunkAlarmCount   001516 RLA    
_trk_getTrunkAlarmType    0015AA RLA    _trk_getTrunkSeverity     0015BF RLA    
_trk_print                00169E RLA    _trk_findByClli           00173B RLA    
_ttp_run                  0017BF RLA    _volumes_list             001E82 RLA    
_volumes_listfiles        002093 RLA    _volumes_find             0023A6 RLA    
_volumes_findEntry        002437 RLA    __directerrno             0024CA RLA    
__mappederrno             0024D3 RLA    __printf                  0025D5 RLA    
__scanf                   002887 RLA    __seterrno                002FE3 RLA    
tosaddax                  002FEE RLA    addeq0sp                  003004 RLA    
addeqysp                  003006 RLA    addysp1                   003015 RLA    
addysp                    003016 RLA    aslax1                    003023 RLA    
shlax1                    003023 RLA    aslax2                    00302B RLA    
shlax2                    00302B RLA    shlax4                    003036 RLA    
aslax4                    003036 RLA    asleax1                   003047 RLA    
asleax2                   003053 RLA    axlong                    003066 RLA    
axulong                   00306C RLA    _cbm_k_load               003073 RLA    
_cbm_k_setlfs             003090 RLA    _cbm_k_setnam             00309E RLA    
callmain                  0030B1 RLA    _cclear                   0030CD RLA    
_cgetc                    0030DD RLA    initclock                 003141  LAI   
_clock                    003148 RLA    _clrscr                   003150 RLA    
_textcolor                003161 RLA    _bgcolor                  003174 RLA    
complax                   00318B RLA    donelib                   003194 RLA    
_cprintf                  0031A0 RLA    _cputc                    0031CF RLA    
cputdirect                0031E2 RLA    plot                      0031FB RLA    
_cputsxy                  003229 RLA    _cputs                    003233 RLA    
ctypemask                 00324C RLA    ctypemaskdirect           003250 RLA    
decax1                    00326A RLA    decax4                    003271 RLA    
decaxy                    003278 RLA    decsp1                    003281 RLA    
decsp2                    00328A RLA    decsp4                    003297 RLA    
decsp5                    0032A4 RLA    decsp6                    0032B1 RLA    
tosdivax                  0032C0 RLA    _div                      0032D3 RLA    
_fgetc                    0032E8 RLA    _fgets                    00336C RLA    
_fwrite                   003422 RLA    _clock_gettime            00349D RLA    
_gmtime                   0034E9 RLA    _gotox                    00357B RLA    
gotoxy                    003581 RLA    _gotoxy                   003584 RLA    
tosicmp0                  003590 RLA    tosicmp                   003592 RLA    
incax2                    0035BE RLA    incax3                    0035C5 RLA    
incax5                    0035CA RLA    incax4                    0035CF RLA    
incaxy                    0035D1 RLA    incsp1                    0035DA RLA    
popax                     0035E1 RLA    incsp2                    0035E8 RLA    
incsp3                    0035F6 RLA    incsp4                    0035FB RLA    
incsp5                    003600 RLA    incsp6                    003605 RLA    
incsp8                    00360A RLA    _isdigit                  00360F RLA    
_isspace                  003617 RLA    _isxdigit                 00361F RLA    
_kbhit                    003627 RLA    tosaddeax                 00363B RLA    
toslcmp                   003659 RLA    ldaxi                     003694 RLA    
ldax0sp                   0036A1 RLA    ldaxysp                   0036A3 RLA    
ldeaxi                    0036AA RLA    ldeaxidx                  0036AC RLA    
ldeax0sp                  0036C1 RLA    ldeaxysp                  0036C3 RLA    
leaa0sp                   0036D4 RLA    inceaxy                   0036E0 RLA    
tosumul0ax                0036F1 RLA    tosmul0ax                 0036F1 RLA    
tosumuleax                0036F5 RLA    tosmuleax                 0036F5 RLA    
negeax                    00374A RLA    _localtime                003768 RLA    
_longjmp                  0037A3 RLA    pusheax                   0037D2 RLA    
tossubeax                 0037ED RLA    _ltoa                     003825 RLA    
_ultoa                    003864 RLA    tosudiv0ax                0038A0 RLA    
tosudiveax                0038A4 RLA    getlop                    0038AF RLA    
udiv32                    0038D2 RLA    tosulteax                 003917 RLA    
tosumod0ax                00391D RLA    booleq                    00393A RLA    
boolult                   003953 RLA    _memcpy                   003960 RLA    
_mktime                   00399C RLA    tosmoda0                  003D73 RLA    
tosmodax                  003D75 RLA    tosmulax                  003D84 RLA    
tosumulax                 003D84 RLA    tosumula0                 003DC9 RLA    
mul8x16                   003DCB RLA    mul8x16a                  003DD5 RLA    
mulax10                   003E03 RLA    mulax3                    003E1C RLA    
mulax5                    003E2D RLA    negax                     003E45 RLA    
__osmaperrno              003E53 RLA    popa                      003E69 RLA    
popptr1                   003E73 RLA    _printf                   003E81 RLA    
push1                     003EB4 RLA    pusha                     003EBD RLA    
push0                     003ECF RLA    pusha0                    003ED1 RLA    
pushax                    003ED3 RLA    pushw                     003EE9 RLA    
pushwidx                  003EEB RLA    pushw0sp                  003EF8 RLA    
pushwysp                  003EFA RLA    _puts                     003F14 RLA    
_srand                    003F77 RLA    _rand                     003F83 RLA    
__randomize               003FAB RLA    _read                     003FB1 RLA    
regswap2                  00402F RLA    return0                   004045 RLA    
_revers                   004049 RLA    rwcommon                  00405C RLA    
__setjmp                  004076 RLA    popsargsudiv16            00409B RLA    
shrax2                    0040BB RLA    _sprintf                  0040C6 RLA    
_sscanf                   0040F1 RLA    staspidx                  00411C RLA    
stax0sp                   004132 RLA    staxysp                   004134 RLA    
staxspidx                 00413D RLA    steax0sp                  004157 RLA    
steaxspidx                00416C RLA    _strcat                   00418E RLA    
_strcmp                   0041BD RLA    _strlen                   0041DE RLA    
_strlower                 0041F4 RLA    _strncmp                  00421B RLA    
_strncpy                  004254 RLA    tossuba0                  004296 RLA    
subeq0sp                  0042AA RLA    subeqysp                  0042AC RLA    
subysp                    0042BF RLA    _time                     0042CC RLA    
load_jiffy                00430F RLA    _tolower                  00431C RLA    
_toupper                  00432E RLA    tosudivax                 004342 RLA    
udiv16                    004351 RLA    tosumoda0                 00438F RLA    
tosumodax                 004391 RLA    _vcprintf                 0043E8 RLA    
_vfprintf                 00444F RLA    vsnprintf                 00447B RLA    
_vsprintf                 004552 RLA    _vsscanf                  0045AF RLA    
_write                    0045D1 RLA    zerobss                   004625 RLA    
__hextab                  005289 RLA    __longminstr              005299 RLA    
__ctype                   0052BD RLA    __ctypeidx                0052C8 RLA    
__DESTRUCTOR_TABLE__      0053D6 RLA    _stdin                    0054D3 RLA    
_stdout                   0054D5 RLA    fdtab                     005505 RLA    
unittab                   00550D RLA    jmpvec                    005515 RLA    
__tz                      00551D RLA    TM                        00552C RLA    
__ONCE_RUN__              005558 RLA    initlib                   005558 RLA    
__BSS_RUN__               005558 RLA    _ciInputBuffer            00555C RLA    
initstdin                 005587  LAI   initstdout                005593  LAI   
__CONSTRUCTOR_TABLE__     0055A4 RLA    _ciLowerBuffer            0055AC RLA    
_i1                       0055FC RLA    _i2                       0055FE RLA    
_c1                       005600 RLA    _c2                       005650 RLA    
_c3                       005664 RLA    _trkmem                   00567D RLA    
cursor                    0056E1 RLA    __oserror                 0056E2 RLA    
__errno                   005751 RLA    __MAIN_SIZE__             0096F3 REA    
__HIMEM__                 009F00 REA    ENTROPY_GET               00FECF RLA    
CLOCK_GET_DATE_TIME       00FF50 RLA    READST                    00FFB7 RLA    
SETLFS                    00FFBA RLA    SETNAM                    00FFBD RLA    
OPEN                      00FFC0 RLA    CHKIN                     00FFC6 RLA    
CKOUT                     00FFC9 RLA    CLRCH                     00FFCC RLA    
BASIN                     00FFCF RLA    _cbm_k_bsout              00FFD2 RLA    
CHROUT                    00FFD2 RLA    BSOUT                     00FFD2 RLA    
LOAD                      00FFD5 RLA    SETTIM                    00FFDB RLA    
RDTIM                     00FFDE RLA    GETIN                     00FFE4 RLA    
PLOT                      00FFF0 RLA    


Imports list:
-------------
BASIN (kernal.o):
    read.o                    cbm/cbm.inc:47
BSOUT (kernal.o):
    read.o                    cbm/cbm.inc:49
    write.o                   cbm/cbm.inc:49
    c_bsout.o                 cbm/cbm.inc:49
CHKIN (kernal.o):
    read.o                    cbm/cbm.inc:44
CHROUT (kernal.o):
    crt0.o                    cx16/crt0.s:10
    clrscr.o                  cx16/clrscr.s:10
    c_bsout.o                 cbm/cbm.inc:50
CKOUT (kernal.o):
    write.o                   cbm/cbm.inc:45
CLOCK_GET_DATE_TIME (kernal.o):
    gettime.o                 cx16/gettime.s:12
CLRCH (kernal.o):
    read.o                    cbm/cbm.inc:46
    write.o                   cbm/cbm.inc:46
ENTROPY_GET (kernal.o):
    randomize.o               cx16/randomize.s:10
GETIN (kernal.o):
    cgetc.o                   cx16/cgetc.s:10
LOAD (kernal.o):
    c_load.o                  cbm/cbm.inc:37
OPEN (kernal.o):
    read.o                    cbm/cbm.inc:35
    write.o                   cbm/cbm.inc:35
PLOT (kernal.o):
    cputc.o                   cx16/cputc.s:11
RDTIM (kernal.o):
    clock.o                   cx16/clock.s:11
READST (kernal.o):
    read.o                    cbm/cbm.inc:32
    write.o                   cbm/cbm.inc:32
SETLFS (kernal.o):
    read.o                    cbm/cbm.inc:33
    write.o                   cbm/cbm.inc:33
    c_setlfs.o                cbm/cbm.inc:33
SETNAM (kernal.o):
    c_setnam.o                cbm/cbm.inc:34
SETTIM (kernal.o):
    clock.o                   cx16/clock.s:11
TM (tmcommon.o):
    gettime.o                 cx16/gettime.s:11
__BSS_RUN__ ([linker generated]):
    zerobss.o                 common/zerobss.s:8
__BSS_SIZE__ ([linker generated]):
    zerobss.o                 common/zerobss.s:8
__CONSTRUCTOR_COUNT__ ([linker generated]):
    condes.o                  runtime/condes.s:18
__CONSTRUCTOR_TABLE__ ([linker generated]):
    condes.o                  runtime/condes.s:18
__DESTRUCTOR_COUNT__ ([linker generated]):
    condes.o                  runtime/condes.s:19
__DESTRUCTOR_TABLE__ ([linker generated]):
    condes.o                  runtime/condes.s:19
__EXEHDR__ (exehdr.o):
    [linker generated]        /Users/rje/git/cc65/cfg/cx16.cfg:6
__HEADER_LAST__ ([linker generated]):
    [linker generated]        /Users/rje/git/cc65/cfg/cx16.cfg:14
    [linker generated]        /Users/rje/git/cc65/cfg/cx16.cfg:14
__HIMEM__ ([linker generated]):
    [linker generated]        /Users/rje/git/cc65/cfg/cx16.cfg:15
    [linker generated]        /Users/rje/git/cc65/cfg/cx16.cfg:14
__LOADADDR__ (loadaddr.o):
    [linker generated]        /Users/rje/git/cc65/cfg/cx16.cfg:5
__MAIN_SIZE__ ([linker generated]):
    crt0.o                    cx16/crt0.s:11
__MAIN_START__ ([linker generated]):
    crt0.o                    cx16/crt0.s:11
__ONCE_RUN__ ([linker generated]):
    [linker generated]        /Users/rje/git/cc65/cfg/cx16.cfg:15
    [linker generated]        /Users/rje/git/cc65/cfg/cx16.cfg:15
__STACKSIZE__ ([linker generated]):
    [linker generated]        /Users/rje/git/cc65/cfg/cx16.cfg:15
__STARTUP__ (crt0.o):
    main.o                    main.s:13
__ctype (ctype.o):
    ctypemask.o               common/ctypemask.s:23
__ctypeidx (ctype.o):
    ctypemask.o               common/ctypemask.s:24
__directerrno (_directerrno.o):
    vsnprintf.o               /Users/rje/git/cc65/asminc/errno.inc:10
    read.o                    /Users/rje/git/cc65/asminc/errno.inc:10
    write.o                   /Users/rje/git/cc65/asminc/errno.inc:10
__errno (errno.o):
    _seterrno.o               /Users/rje/git/cc65/asminc/errno.inc:7
__hextab (_hextab.o):
    ltoa.o                    common/ltoa.s:10
__longminstr (_longminstr.o):
    ltoa.o                    common/ltoa.s:10
__mappederrno (_mappederrno.o):
    read.o                    /Users/rje/git/cc65/asminc/errno.inc:10
    write.o                   /Users/rje/git/cc65/asminc/errno.inc:10
__oserror (_oserror.o):
    read.o                    /Users/rje/git/cc65/asminc/errno.inc:7
    _mappederrno.o            /Users/rje/git/cc65/asminc/errno.inc:7
    _directerrno.o            /Users/rje/git/cc65/asminc/errno.inc:7
    write.o                   /Users/rje/git/cc65/asminc/errno.inc:7
    c_load.o                  cbm/c_load.s:10
__osmaperrno (oserror.o):
    _mappederrno.o            /Users/rje/git/cc65/asminc/errno.inc:8
__printf (_printf.o):
    vsnprintf.o               common/vsnprintf.s:10
    vfprintf.o                common/vfprintf.s:10
    vcprintf.o                conio/vcprintf.s:9
__randomize (randomize.o):
    ci.o                      ci.s:14
__scanf (_scanf.o):
    vsscanf.o                 common/vsscanf.s:11
__seterrno (_seterrno.o):
    fwrite.o                  /Users/rje/git/cc65/asminc/errno.inc:9
    _scanf.o                  ../libwrk/cx16/_scanf.s:16
    _mappederrno.o            /Users/rje/git/cc65/asminc/errno.inc:9
    _directerrno.o            /Users/rje/git/cc65/asminc/errno.inc:9
    fgets.o                   ../libwrk/cx16/fgets.s:15
__setjmp (setjmp.o):
    _scanf.o                  ../libwrk/cx16/_scanf.s:14
__tz (timezone.o):
    mktime.o                  ../libwrk/cx16/mktime.s:14
    localtime.o               ../libwrk/cx16/localtime.s:13
_bgcolor (color.o):
    main.o                    main.s:19
_boot_cbf (boot.o):
    diskut.o                  diskut.s:18
_boot_sbf (boot.o):
    diskut.o                  diskut.s:17
_c1 (ci.o):
    restart.o                 restart.s:21
    diskut.o                  diskut.s:22
_c2 (ci.o):
    diskut.o                  diskut.s:23
_c3 (ci.o):
    diskut.o                  diskut.s:24
_cbm_k_bsout (c_bsout.o):
    common.o                  common.s:13
_cbm_k_load (c_load.o):
    common.o                  common.s:14
    main.o                    main.s:14
_cbm_k_setlfs (c_setlfs.o):
    common.o                  common.s:15
    main.o                    main.s:15
_cbm_k_setnam (c_setnam.o):
    common.o                  common.s:16
    main.o                    main.s:16
_cclear (cclear.o):
    ttp.o                     ttp.s:20
_cgetc (cgetc.o):
    restart.o                 restart.s:13
    common.o                  common.s:19
_ciInputBuffer (ci.o):
    ttp.o                     ttp.s:55
_ciLowerBuffer (ci.o):
    ttp.o                     ttp.s:56
    restart.o                 restart.s:20
    diskut.o                  diskut.s:19
_ci_confirm (ci.o):
    restart.o                 restart.s:18
    boot.o                    boot.s:21
_ci_inputToLower (ci.o):
    ttp.o                     ttp.s:31
_ci_inputToUpper (ci.o):
    volumes.o                 volumes.s:21
_ci_login (ci.o):
    main.o                    main.s:23
_ci_readLine (ci.o):
    main.o                    main.s:25
_ci_run (ci.o):
    main.o                    main.s:24
_ci_setState (ci.o):
    ttp.o                     ttp.s:30
_ci_toUpper (ci.o):
    volumes.o                 volumes.s:22
    trk.o                     trk.s:16
    module.o                  module.s:19
    boot.o                    boot.s:20
_clock (clock.o):
    pause.o                   pause.s:13
_clock_gettime (gettime.o):
    time.o                    /Users/rje/git/cc65/asminc/time.inc:65
_clrscr (clrscr.o):
    ttp.o                     ttp.s:13
    common.o                  common.s:17
    main.o                    main.s:17
_common_loadFile (common.o):
    main.o                    main.s:20
_common_loadFileAt (common.o):
    main.o                    main.s:21
_cprintf (cprintf.o):
    ttp.o                     ttp.s:18
    trk.o                     trk.s:13
_cputc (cputc.o):
    vcprintf.o                conio/vcprintf.s:9
    cputs.o                   conio/cputs.s:9
_cputs (cputs.o):
    ttp.o                     ttp.s:16
_cputsxy (cputs.o):
    ttp.o                     ttp.s:17
    common.o                  common.s:18
_diskut_run (diskut.o):
    ci.o                      ci.s:38
_div (divt.o):
    mktime.o                  ../libwrk/cx16/mktime.s:13
_exit (crt0.o):
    restart.o                 restart.s:14
_fgetc (fgetc.o):
    fgets.o                   ../libwrk/cx16/fgets.s:13
_fgets (fgets.o):
    ttp.o                     ttp.s:22
    ci.o                      ci.s:16
_fwrite (fwrite.o):
    vfprintf.o                common/vfprintf.s:10
_gmtime (gmtime.o):
    localtime.o               ../libwrk/cx16/localtime.s:14
_gotox (gotox.o):
    ttp.o                     ttp.s:14
_gotoxy (gotoxy.o):
    ttp.o                     ttp.s:15
_i1 (ci.o):
    diskut.o                  diskut.s:20
_i2 (ci.o):
    diskut.o                  diskut.s:21
_isdigit (isdigit.o):
    _scanf.o                  ../libwrk/cx16/_scanf.s:17
_isspace (isspace.o):
    _scanf.o                  ../libwrk/cx16/_scanf.s:18
_isxdigit (isxdigit.o):
    _scanf.o                  ../libwrk/cx16/_scanf.s:19
_kbhit (kbhit.o):
    cgetc.o                   cx16/cgetc.s:10
_localtime (localtime.o):
    ttp.o                     ttp.s:28
_longjmp (longjmp.o):
    _scanf.o                  ../libwrk/cx16/_scanf.s:15
_ltoa (ltoa.o):
    _printf.o                 common/_printf.s:12
_main (main.o):
    callmain.o                runtime/callmain.s:11
_memcpy (memcpy.o):
    vsnprintf.o               common/vsnprintf.s:10
    volumes.o                 volumes.s:884
_mktime (mktime.o):
    gmtime.o                  ../libwrk/cx16/gmtime.s:14
    gettime.o                 /Users/rje/git/cc65/asminc/time.inc:68
_module_print_random (module.o):
    ci.o                      ci.s:41
_pause (pause.o):
    volumes.o                 volumes.s:23
    ttp.o                     ttp.s:45
    ci.o                      ci.s:36
_pause_long (pause.o):
    restart.o                 restart.s:19
    module.o                  module.s:20
    ci.o                      ci.s:37
_pause_short (pause.o):
    ttp.o                     ttp.s:46
_printf (printf.o):
    volumes.o                 volumes.s:13
    ttp.o                     ttp.s:23
    module.o                  module.s:15
    ci.o                      ci.s:17
    boot.o                    boot.s:13
_puts (puts.o):
    volumes.o                 volumes.s:14
    restart.o                 restart.s:15
    ci.o                      ci.s:18
_rand (rand.o):
    pause.o                   pause.s:14
    module.o                  module.s:13
    ci.o                      ci.s:13
_read (read.o):
    fgetc.o                   ../libwrk/cx16/fgetc.s:14
_restart_run (restart.o):
    ci.o                      ci.s:39
_revers (revers.o):
    ttp.o                     ttp.s:19
_setBank (common.o):
    volumes.o                 volumes.s:16
    trk.o                     trk.s:15
_sprintf (sprintf.o):
    module.o                  module.s:16
_srand (rand.o):
    randomize.o               cx16/randomize.s:10
    module.o                  module.s:14
_sscanf (sscanf.o):
    ttp.o                     ttp.s:24
    restart.o                 restart.s:16
    diskut.o                  diskut.s:13
    ci.o                      ci.s:19
_stdin (_file.o):
    ttp.o                     ttp.s:21
    ci.o                      ci.s:15
_stdout (_file.o):
    puts.o                    ../libwrk/cx16/puts.s:13
    printf.o                  common/printf.s:8
_strcat (strcat.o):
    module.o                  module.s:17
    boot.o                    boot.s:14
_strcmp (strcmp.o):
    volumes.o                 volumes.s:15
    ttp.o                     ttp.s:25
    ci.o                      ci.s:20
    boot.o                    boot.s:15
_strlen (strlen.o):
    _printf.o                 common/_printf.s:13
    puts.o                    ../libwrk/cx16/puts.s:15
    ci.o                      ci.s:22
_strlower (strlower.o):
    _printf.o                 common/_printf.s:13
_strncmp (strncmp.o):
    trk.o                     trk.s:14
    ci.o                      ci.s:23
_strncpy (strncpy.o):
    ttp.o                     ttp.s:27
_textcolor (color.o):
    main.o                    main.s:18
_time (time.o):
    ttp.o                     ttp.s:29
_tolower (tolower.o):
    _scanf.o                  ../libwrk/cx16/_scanf.s:20
    ci.o                      ci.s:25
_toupper (toupper.o):
    ci.o                      ci.s:24
_trk_findByClli (trk.o):
    ttp.o                     ttp.s:44
_trk_getTrunkAlarmCount (trk.o):
    ttp.o                     ttp.s:40
_trk_getTrunkAlarmType (trk.o):
    ttp.o                     ttp.s:41
_trk_getTrunkSeverity (trk.o):
    ttp.o                     ttp.s:42
_trk_initTrunks (trk.o):
    main.o                    main.s:22
_trk_print (trk.o):
    ttp.o                     ttp.s:43
_trkmem (trk.o):
    ttp.o                     ttp.s:54
_ttp_run (ttp.o):
    ci.o                      ci.s:40
_ultoa (ltoa.o):
    _printf.o                 common/_printf.s:12
_vcprintf (vcprintf.o):
    cprintf.o                 conio/cprintf.s:8
_vfprintf (vfprintf.o):
    printf.o                  common/printf.s:8
_volumes_find (volumes.o):
    boot.o                    boot.s:18
_volumes_findEntry (volumes.o):
    boot.o                    boot.s:19
_volumes_list (volumes.o):
    diskut.o                  diskut.s:15
_volumes_listfiles (volumes.o):
    diskut.o                  diskut.s:16
_vsprintf (vsprintf.o):
    sprintf.o                 common/sprintf.s:8
_vsscanf (vsscanf.o):
    sscanf.o                  common/sscanf.s:8
_write (write.o):
    fwrite.o                  common/fwrite.s:10
    puts.o                    ../libwrk/cx16/puts.s:16
addeq0sp (addeqsp.o):
    ttp.o                     ttp.s:1132
    trk.o                     trk.s:551
addeqysp (addeqsp.o):
    fgets.o                   ../libwrk/cx16/fgets.s:111
    ttp.o                     ttp.s:1132
    ci.o                      ci.s:964
    ci.o                      ci.s:964
    ci.o                      ci.s:964
    ci.o                      ci.s:964
    boot.o                    boot.s:285
addysp (addysp.o):
    mktime.o                  ../libwrk/cx16/mktime.s:618
    fwrite.o                  common/fwrite.s:11
    sscanf.o                  common/sscanf.s:8
    sprintf.o                 common/sprintf.s:8
    printf.o                  common/printf.s:8
    incsp8.o                  runtime/incsp8.s:8
    incsp6.o                  runtime/incsp6.s:8
    incsp5.o                  runtime/incsp5.s:8
    incsp4.o                  runtime/incsp4.s:8
    incsp3.o                  runtime/incsp3.s:8
    fgets.o                   ../libwrk/cx16/fgets.s:111
    cprintf.o                 conio/cprintf.s:8
    volumes.o                 volumes.s:884
    ttp.o                     ttp.s:1132
    module.o                  module.s:354
addysp1 (addysp.o):
    lsub.o                    runtime/lsub.s:11
    sub.o                     runtime/sub.s:8
    ludiv.o                   runtime/ludiv.s:9
    lmul.o                    runtime/lmul.s:9
    ladd.o                    runtime/ladd.s:8
aslax1 (aslax1.o):
    mktime.o                  ../libwrk/cx16/mktime.s:618
    volumes.o                 volumes.s:884
    volumes.o                 volumes.s:884
    ttp.o                     ttp.s:1132
    trk.o                     trk.s:551
    boot.o                    boot.s:285
aslax2 (aslax2.o):
    volumes.o                 volumes.s:884
    volumes.o                 volumes.s:884
    volumes.o                 volumes.s:884
    ttp.o                     ttp.s:1132
aslax4 (aslax4.o):
    volumes.o                 volumes.s:884
    volumes.o                 volumes.s:884
    ttp.o                     ttp.s:1132
    trk.o                     trk.s:551
    boot.o                    boot.s:285
asleax1 (asleax1.o):
    volumes.o                 volumes.s:884
asleax2 (asleax2.o):
    volumes.o                 volumes.s:884
axlong (axlong.o):
    _printf.o                 common/_printf.s:11
    volumes.o                 volumes.s:884
axulong (axlong.o):
    mktime.o                  ../libwrk/cx16/mktime.s:618
    _scanf.o                  ../libwrk/cx16/_scanf.s:1057
    _scanf.o                  ../libwrk/cx16/_scanf.s:1057
    _printf.o                 common/_printf.s:11
    volumes.o                 volumes.s:884
    pause.o                   pause.s:111
booleq (makebool.o):
    _scanf.o                  ../libwrk/cx16/_scanf.s:1057
boolult (makebool.o):
    lult.o                    runtime/lult.s:8
callmain (callmain.o):
    crt0.o                    cx16/crt0.s:9
complax (compl.o):
    _scanf.o                  ../libwrk/cx16/_scanf.s:1057
cputdirect (cputc.o):
    cclear.o                  cbm/cclear.s:9
ctypemask (ctypemask.o):
    isxdigit.o                common/isxdigit.s:15
    isspace.o                 common/isspace.s:15
    isdigit.o                 common/isdigit.s:15
ctypemaskdirect (ctypemask.o):
    strlower.o                common/strlower.s:14
    toupper.o                 common/toupper.s:15
    tolower.o                 common/tolower.s:15
cursor (_cursor.o):
    cgetc.o                   cx16/cgetc.s:10
decax1 (decax1.o):
    mktime.o                  ../libwrk/cx16/mktime.s:618
    ttp.o                     ttp.s:1132
    ci.o                      ci.s:964
decax4 (decax4.o):
    volumes.o                 volumes.s:884
decaxy (decaxy.o):
    mktime.o                  ../libwrk/cx16/mktime.s:618
    _scanf.o                  ../libwrk/cx16/_scanf.s:1057
    ci.o                      ci.s:964
decsp1 (decsp1.o):
    fgetc.o                   ../libwrk/cx16/fgetc.s:94
    time.o                    common/time.s:9
    ttp.o                     ttp.s:1132
    ttp.o                     ttp.s:1132
    trk.o                     trk.s:551
    common.o                  common.s:236
decsp2 (decsp2.o):
    ttp.o                     ttp.s:1132
    trk.o                     trk.s:551
    boot.o                    boot.s:285
decsp4 (decsp4.o):
    mktime.o                  ../libwrk/cx16/mktime.s:618
    gmtime.o                  ../libwrk/cx16/gmtime.s:92
    sscanf.o                  common/sscanf.s:8
    sprintf.o                 common/sprintf.s:8
    lpush.o                   runtime/lpush.s:12
    localtime.o               ../libwrk/cx16/localtime.s:53
    fgets.o                   ../libwrk/cx16/fgets.s:111
decsp5 (decsp5.o):
    trk.o                     trk.s:551
decsp6 (decsp6.o):
    _printf.o                 common/_printf.s:11
donelib (condes.o):
    crt0.o                    cx16/crt0.s:8
fdtab (filedes.o):
    read.o                    cbm/filedes.inc:7
    write.o                   cbm/filedes.inc:7
getlop (ludiv.o):
    lumod.o                   runtime/lumod.s:9
gotoxy (gotoxy.o):
    cputs.o                   conio/cputs.s:9
    cputc.o                   cx16/cputc.s:11
    cclear.o                  cbm/cclear.s:9
incax2 (incax2.o):
    module.o                  module.s:354
incax3 (incax3.o):
    module.o                  module.s:354
incax4 (incaxy.o):
    mktime.o                  ../libwrk/cx16/mktime.s:618
    module.o                  module.s:354
incax5 (incax5.o):
    module.o                  module.s:354
incaxy (incaxy.o):
    incax5.o                  runtime/incax5.s:8
    incax3.o                  runtime/incax3.s:8
    volumes.o                 volumes.s:884
    volumes.o                 volumes.s:884
    volumes.o                 volumes.s:884
    ttp.o                     ttp.s:1132
    ttp.o                     ttp.s:1132
    module.o                  module.s:354
    module.o                  module.s:354
    boot.o                    boot.s:285
inceaxy (linc.o):
    gmtime.o                  ../libwrk/cx16/gmtime.s:92
incsp1 (incsp1.o):
    gettime.o                 cx16/gettime.s:10
    _scanf.o                  ../libwrk/cx16/_scanf.s:1057
    _scanf.o                  ../libwrk/cx16/_scanf.s:1057
    _scanf.o                  ../libwrk/cx16/_scanf.s:1057
    _scanf.o                  ../libwrk/cx16/_scanf.s:1057
    _scanf.o                  ../libwrk/cx16/_scanf.s:1057
    ttp.o                     ttp.s:1132
    ttp.o                     ttp.s:1132
    ttp.o                     ttp.s:1132
    trk.o                     trk.s:551
    trk.o                     trk.s:551
    common.o                  common.s:236
    common.o                  common.s:236
    common.o                  common.s:236
    common.o                  common.s:236
    ci.o                      ci.s:964
incsp2 (incsp2.o):
    vsnprintf.o               common/vsnprintf.s:9
    staxspi.o                 runtime/staxspi.s:9
    mktime.o                  ../libwrk/cx16/mktime.s:618
    staspidx.o                runtime/staspidx.s:8
    puts.o                    ../libwrk/cx16/puts.s:77
    popptr1.o                 runtime/popptr1.s:8
    ttp.o                     ttp.s:1132
    trk.o                     trk.s:551
    trk.o                     trk.s:551
    ci.o                      ci.s:964
incsp3 (incsp3.o):
    fgetc.o                   ../libwrk/cx16/fgetc.s:94
    common.o                  common.s:236
    common.o                  common.s:236
incsp4 (incsp4.o):
    lcmp.o                    runtime/lcmp.s:9
    volumes.o                 volumes.s:884
    volumes.o                 volumes.s:884
    volumes.o                 volumes.s:884
    ttp.o                     ttp.s:1132
    trk.o                     trk.s:551
    ci.o                      ci.s:964
    ci.o                      ci.s:964
    ci.o                      ci.s:964
    ci.o                      ci.s:964
incsp5 (incsp5.o):
    trk.o                     trk.s:551
    common.o                  common.s:236
incsp6 (incsp6.o):
    vsnprintf.o               common/vsnprintf.s:9
    gmtime.o                  ../libwrk/cx16/gmtime.s:92
    fwrite.o                  common/fwrite.s:11
    vfprintf.o                common/vfprintf.s:9
    localtime.o               ../libwrk/cx16/localtime.s:53
    pause.o                   pause.s:111
    boot.o                    boot.s:285
incsp8 (incsp8.o):
    _scanf.o                  ../libwrk/cx16/_scanf.s:1057
    ttp.o                     ttp.s:1132
    boot.o                    boot.s:285
initlib (condes.o):
    crt0.o                    cx16/crt0.s:8
jmpvec (jmpvec.o):
    _scanf.o                  ../libwrk/cx16/_scanf.s:1057
    _scanf.o                  ../libwrk/cx16/_scanf.s:1057
ldax0sp (ldaxsp.o):
    mktime.o                  ../libwrk/cx16/mktime.s:618
    ttp.o                     ttp.s:1132
    trk.o                     trk.s:551
    ci.o                      ci.s:964
    ci.o                      ci.s:964
    ci.o                      ci.s:964
    ci.o                      ci.s:964
    ci.o                      ci.s:964
    boot.o                    boot.s:285
ldaxi (ldaxi.o):
    mktime.o                  ../libwrk/cx16/mktime.s:618
    _scanf.o                  ../libwrk/cx16/_scanf.s:1057
    _scanf.o                  ../libwrk/cx16/_scanf.s:1057
    trk.o                     trk.s:551
    trk.o                     trk.s:551
    ci.o                      ci.s:964
    ci.o                      ci.s:964
ldaxysp (ldaxsp.o):
    vsnprintf.o               common/vsnprintf.s:9
    mktime.o                  ../libwrk/cx16/mktime.s:618
    gmtime.o                  ../libwrk/cx16/gmtime.s:92
    fwrite.o                  common/fwrite.s:11
    _scanf.o                  ../libwrk/cx16/_scanf.s:1057
    puts.o                    ../libwrk/cx16/puts.s:77
    localtime.o               ../libwrk/cx16/localtime.s:53
    fgets.o                   ../libwrk/cx16/fgets.s:111
    volumes.o                 volumes.s:884
    volumes.o                 volumes.s:884
    ttp.o                     ttp.s:1132
    ttp.o                     ttp.s:1132
    ttp.o                     ttp.s:1132
    trk.o                     trk.s:551
    trk.o                     trk.s:551
    pause.o                   pause.s:111
    module.o                  module.s:354
    common.o                  common.s:236
    common.o                  common.s:236
    ci.o                      ci.s:964
    ci.o                      ci.s:964
    ci.o                      ci.s:964
    ci.o                      ci.s:964
    boot.o                    boot.s:285
    boot.o                    boot.s:285
ldeax0sp (ldeaxysp.o):
    gmtime.o                  ../libwrk/cx16/gmtime.s:92
ldeaxi (ldeaxi.o):
    gmtime.o                  ../libwrk/cx16/gmtime.s:92
    time.o                    common/time.s:9
    localtime.o               ../libwrk/cx16/localtime.s:53
ldeaxidx (ldeaxi.o):
    volumes.o                 volumes.s:884
ldeaxysp (ldeaxysp.o):
    volumes.o                 volumes.s:884
    pause.o                   pause.s:111
leaa0sp (leaaxsp.o):
    fgetc.o                   ../libwrk/cx16/fgetc.s:94
    volumes.o                 volumes.s:884
    ttp.o                     ttp.s:1132
    trk.o                     trk.s:551
    module.o                  module.s:354
load_jiffy (tmcommon.o):
    gettime.o                 cx16/gettime.s:11
mul8x16 (mul8.o):
    mul.o                     runtime/mul.s:8
mul8x16a (mul8.o):
    mul.o                     runtime/mul.s:8
mulax10 (mulax10.o):
    _scanf.o                  ../libwrk/cx16/_scanf.s:1057
mulax3 (mulax3.o):
    ttp.o                     ttp.s:1132
mulax5 (mulax5.o):
    ttp.o                     ttp.s:1132
negax (negabs.o):
    div.o                     runtime/div.s:11
    divt.o                    common/divt.s:17
    shelp.o                   runtime/shelp.s:11
    mod.o                     runtime/mod.s:11
negeax (lneg.o):
    ltoa.o                    common/ltoa.s:9
    _scanf.o                  ../libwrk/cx16/_scanf.s:1057
plot (cputc.o):
    gotoxy.o                  cx16/gotoxy.s:9
    gotox.o                   cx16/gotox.s:9
popa (popa.o):
    gotoxy.o                  cx16/gotoxy.s:9
    c_setlfs.o                cbm/c_setlfs.s:12
    c_load.o                  cbm/c_load.s:11
popax (incsp2.o):
    vsnprintf.o               common/vsnprintf.s:9
    rwcommon.o                cbm/rwcommon.s:9
    ltoa.o                    common/ltoa.s:9
    _printf.o                 common/_printf.s:11
    vsscanf.o                 common/vsscanf.s:11
    vcprintf.o                conio/vcprintf.s:8
    strncpy.o                 common/strncpy.s:8
    strncmp.o                 common/strncmp.s:8
    strcat.o                  common/strcat.s:9
    shelp.o                   runtime/shelp.s:11
    memcpy.o                  common/memcpy.s:14
popptr1 (popptr1.o):
    umod.o                    runtime/umod.s:8
    steaxspi.o                runtime/steaxspi.s:9
    rwcommon.o                cbm/rwcommon.s:9
    ltoa.o                    common/ltoa.s:9
    longjmp.o                 common/longjmp.s:9
    vcprintf.o                conio/vcprintf.s:8
    udiv.o                    runtime/udiv.s:9
    strncpy.o                 common/strncpy.s:8
    strncmp.o                 common/strncmp.s:8
    strcmp.o                  common/strcmp.s:8
    mul8.o                    runtime/mul8.s:9
    mul.o                     runtime/mul.s:9
    memcpy.o                  common/memcpy.s:14
popsargsudiv16 (shelp.o):
    div.o                     runtime/div.s:11
    mod.o                     runtime/mod.s:11
ptr1 (zeropage.o):
    div.o                     runtime/div.s:12
    vsnprintf.o               common/vsnprintf.s:11
    strlower.o                common/strlower.s:13
    steaxspi.o                runtime/steaxspi.s:10
    staxspi.o                 runtime/staxspi.s:10
    setjmp.o                  common/setjmp.s:11
    read.o                    cbm/read.s:13
    mulax10.o                 runtime/mulax10.s:9
    mktime.o                  ../libwrk/cx16/mktime.s:11
    ludiv.o                   runtime/ludiv.s:10
    ltoa.o                    common/ltoa.s:11
    longjmp.o                 common/longjmp.s:10
    lcmp.o                    runtime/lcmp.s:10
    fwrite.o                  common/fwrite.s:14
    _scanf.o                  ../libwrk/cx16/_scanf.s:11
    _printf.o                 /Users/rje/git/cc65/asminc/zeropage.inc:12
    zerobss.o                 common/zerobss.s:9
    write.o                   cbm/write.s:11
    vsscanf.o                 common/vsscanf.s:12
    vfprintf.o                common/vfprintf.s:11
    vcprintf.o                conio/vcprintf.s:10
    udiv.o                    runtime/udiv.s:10
    time.o                    common/time.s:10
    strncpy.o                 common/strncpy.s:9
    strncmp.o                 common/strncmp.s:9
    strcmp.o                  common/strcmp.s:9
    strcat.o                  common/strcat.s:10
    staspidx.o                runtime/staspidx.s:9
    sscanf.o                  common/sscanf.s:9
    sprintf.o                 common/sprintf.s:9
    shelp.o                   runtime/shelp.s:12
    puts.o                    ../libwrk/cx16/puts.s:11
    pushw.o                   runtime/pushw.s:9
    printf.o                  common/printf.s:9
    popptr1.o                 runtime/popptr1.s:9
    mulax5.o                  runtime/mulax5.s:9
    mulax3.o                  runtime/mulax3.s:9
    mul8.o                    runtime/mul8.s:10
    mul.o                     runtime/mul.s:10
    memcpy.o                  common/memcpy.s:15
    lmul.o                    runtime/lmul.s:10
    ldeaxi.o                  runtime/ldeaxi.s:8
    ldaxi.o                   runtime/ldaxi.s:8
    cputs.o                   conio/cputs.s:10
    cprintf.o                 conio/cprintf.s:9
    c_setnam.o                cbm/c_setnam.s:10
    c_load.o                  cbm/c_load.s:12
    volumes.o                 volumes.s:11
    ttp.o                     ttp.s:11
    trk.o                     trk.s:11
    module.o                  module.s:11
    ci.o                      ci.s:11
    boot.o                    boot.s:11
ptr2 (zeropage.o):
    strlower.o                common/strlower.s:13
    rwcommon.o                cbm/rwcommon.s:10
    read.o                    cbm/read.s:13
    lumod.o                   runtime/lumod.s:10
    ludiv.o                   runtime/ludiv.s:10
    ltoa.o                    common/ltoa.s:11
    longjmp.o                 common/longjmp.s:10
    _printf.o                 /Users/rje/git/cc65/asminc/zeropage.inc:12
    write.o                   cbm/write.s:11
    vsscanf.o                 common/vsscanf.s:12
    vcprintf.o                conio/vcprintf.s:10
    strncpy.o                 common/strncpy.s:9
    strncmp.o                 common/strncmp.s:9
    strlen.o                  common/strlen.s:12
    strcmp.o                  common/strcmp.s:9
    strcat.o                  common/strcat.s:10
    memcpy.o                  common/memcpy.s:15
ptr3 (zeropage.o):
    rwcommon.o                cbm/rwcommon.s:10
    read.o                    cbm/read.s:13
    ludiv.o                   runtime/ludiv.s:10
    ltoa.o                    common/ltoa.s:11
    write.o                   cbm/write.s:11
    vcprintf.o                conio/vcprintf.s:10
    strncmp.o                 common/strncmp.s:9
    memcpy.o                  common/memcpy.s:15
    lmul.o                    runtime/lmul.s:10
ptr4 (zeropage.o):
    umod.o                    runtime/umod.s:9
    ludiv.o                   runtime/ludiv.s:10
    linc.o                    runtime/linc.s:8
    udiv.o                    runtime/udiv.s:10
    shelp.o                   runtime/shelp.s:12
    mul8.o                    runtime/mul8.s:10
    mul.o                     runtime/mul.s:10
    lmul.o                    runtime/lmul.s:10
push0 (pushax.o):
    ttp.o                     ttp.s:1132
    ttp.o                     ttp.s:1132
    module.o                  module.s:354
push1 (push1.o):
    _printf.o                 common/_printf.s:11
    vfprintf.o                common/vfprintf.s:9
pusha (pusha.o):
    _scanf.o                  ../libwrk/cx16/_scanf.s:1057
    _scanf.o                  ../libwrk/cx16/_scanf.s:1057
    _scanf.o                  ../libwrk/cx16/_scanf.s:1057
    _scanf.o                  ../libwrk/cx16/_scanf.s:1057
    _scanf.o                  ../libwrk/cx16/_scanf.s:1057
    ttp.o                     ttp.s:1132
    ttp.o                     ttp.s:1132
    ttp.o                     ttp.s:1132
    ttp.o                     ttp.s:1132
    ttp.o                     ttp.s:1132
    ttp.o                     ttp.s:1132
    ttp.o                     ttp.s:1132
    trk.o                     trk.s:551
    trk.o                     trk.s:551
    trk.o                     trk.s:551
    common.o                  common.s:236
    common.o                  common.s:236
    common.o                  common.s:236
    common.o                  common.s:236
    common.o                  common.s:236
    common.o                  common.s:236
    common.o                  common.s:236
    ci.o                      ci.s:964
    main.o                    main.s:103
pusha0 (pushax.o):
    push1.o                   runtime/push1.s:8
    fgetc.o                   ../libwrk/cx16/fgetc.s:94
    _scanf.o                  ../libwrk/cx16/_scanf.s:1057
    puts.o                    ../libwrk/cx16/puts.s:77
    volumes.o                 volumes.s:884
    volumes.o                 volumes.s:884
    ttp.o                     ttp.s:1132
    ttp.o                     ttp.s:1132
    ttp.o                     ttp.s:1132
    ttp.o                     ttp.s:1132
    trk.o                     trk.s:551
    restart.o                 restart.s:99
    diskut.o                  diskut.s:217
    common.o                  common.s:236
    ci.o                      ci.s:964
    ci.o                      ci.s:964
    ci.o                      ci.s:964
    ci.o                      ci.s:964
    boot.o                    boot.s:285
pushax (pushax.o):
    mktime.o                  ../libwrk/cx16/mktime.s:618
    mktime.o                  ../libwrk/cx16/mktime.s:618
    gmtime.o                  ../libwrk/cx16/gmtime.s:92
    gettime.o                 cx16/gettime.s:10
    fwrite.o                  common/fwrite.s:11
    fgetc.o                   ../libwrk/cx16/fgetc.s:94
    callmain.o                runtime/callmain.s:11
    _scanf.o                  ../libwrk/cx16/_scanf.s:1057
    _scanf.o                  ../libwrk/cx16/_scanf.s:1057
    _printf.o                 common/_printf.s:11
    vcprintf.o                conio/vcprintf.s:8
    puts.o                    ../libwrk/cx16/puts.s:77
    pushw.o                   runtime/pushw.s:8
    printf.o                  common/printf.s:8
    localtime.o               ../libwrk/cx16/localtime.s:53
    fgets.o                   ../libwrk/cx16/fgets.s:111
    cprintf.o                 conio/cprintf.s:8
    volumes.o                 volumes.s:884
    volumes.o                 volumes.s:884
    volumes.o                 volumes.s:884
    volumes.o                 volumes.s:884
    ttp.o                     ttp.s:1132
    ttp.o                     ttp.s:1132
    ttp.o                     ttp.s:1132
    ttp.o                     ttp.s:1132
    ttp.o                     ttp.s:1132
    ttp.o                     ttp.s:1132
    trk.o                     trk.s:551
    trk.o                     trk.s:551
    restart.o                 restart.s:99
    pause.o                   pause.s:111
    pause.o                   pause.s:111
    pause.o                   pause.s:111
    pause.o                   pause.s:111
    module.o                  module.s:354
    module.o                  module.s:354
    module.o                  module.s:354
    diskut.o                  diskut.s:217
    common.o                  common.s:236
    ci.o                      ci.s:964
    ci.o                      ci.s:964
    ci.o                      ci.s:964
    ci.o                      ci.s:964
    ci.o                      ci.s:964
    ci.o                      ci.s:964
    ci.o                      ci.s:964
    ci.o                      ci.s:964
    ci.o                      ci.s:964
    ci.o                      ci.s:964
    boot.o                    boot.s:285
    boot.o                    boot.s:285
    main.o                    main.s:103
pusheax (lpush.o):
    mktime.o                  ../libwrk/cx16/mktime.s:618
    gmtime.o                  ../libwrk/cx16/gmtime.s:92
    gettime.o                 cx16/gettime.s:10
    _scanf.o                  ../libwrk/cx16/_scanf.s:1057
    _printf.o                 common/_printf.s:11
    localtime.o               ../libwrk/cx16/localtime.s:53
    volumes.o                 volumes.s:884
    volumes.o                 volumes.s:884
    pause.o                   pause.s:111
pushw (pushw.o):
    ttp.o                     ttp.s:1132
    ci.o                      ci.s:964
    ci.o                      ci.s:964
pushw0sp (pushwsp.o):
    mktime.o                  ../libwrk/cx16/mktime.s:618
    vsprintf.o                common/vsprintf.s:8
    ci.o                      ci.s:964
    ci.o                      ci.s:964
    ci.o                      ci.s:964
    ci.o                      ci.s:964
    boot.o                    boot.s:285
pushwidx (pushw.o):
    ttp.o                     ttp.s:1132
pushwysp (pushwsp.o):
    fwrite.o                  common/fwrite.s:11
    vfprintf.o                common/vfprintf.s:9
    puts.o                    ../libwrk/cx16/puts.s:77
    volumes.o                 volumes.s:884
    volumes.o                 volumes.s:884
    ttp.o                     ttp.s:1132
    ttp.o                     ttp.s:1132
    trk.o                     trk.s:551
    module.o                  module.s:354
    ci.o                      ci.s:964
    ci.o                      ci.s:964
    boot.o                    boot.s:285
    boot.o                    boot.s:285
regbank (zeropage.o):
    mktime.o                  ../libwrk/cx16/mktime.s:10
    fgetc.o                   ../libwrk/cx16/fgetc.s:10
    _scanf.o                  ../libwrk/cx16/_scanf.s:10
    _printf.o                 /Users/rje/git/cc65/asminc/zeropage.inc:14
    regswap2.o                runtime/regswap2.s:8
    fgets.o                   ../libwrk/cx16/fgets.s:10
regsave (zeropage.o):
    _scanf.o                  ../libwrk/cx16/_scanf.s:10
    ci.o                      ci.s:10
regswap2 (regswap2.o):
    mktime.o                  ../libwrk/cx16/mktime.s:618
    fgetc.o                   ../libwrk/cx16/fgetc.s:94
    fgets.o                   ../libwrk/cx16/fgets.s:111
return0 (return0.o):
    setjmp.o                  common/setjmp.s:10
    gettime.o                 cx16/gettime.s:10
rwcommon (rwcommon.o):
    read.o                    cbm/read.s:11
    write.o                   cbm/write.s:10
shlax1 (aslax1.o):
    trk.o                     trk.s:551
    trk.o                     trk.s:551
    trk.o                     trk.s:551
    trk.o                     trk.s:551
shlax2 (aslax2.o):
    volumes.o                 volumes.s:884
shlax4 (aslax4.o):
    volumes.o                 volumes.s:884
    trk.o                     trk.s:551
    trk.o                     trk.s:551
    trk.o                     trk.s:551
    trk.o                     trk.s:551
shrax2 (shrax2.o):
    mktime.o                  ../libwrk/cx16/mktime.s:618
sp (zeropage.o):
    lsub.o                    runtime/lsub.s:12
    vsnprintf.o               common/vsnprintf.s:11
    sub.o                     runtime/sub.s:9
    staxspi.o                 runtime/staxspi.s:10
    setjmp.o                  common/setjmp.s:11
    mktime.o                  ../libwrk/cx16/mktime.s:10
    ludiv.o                   runtime/ludiv.s:10
    longjmp.o                 common/longjmp.s:10
    lcmp.o                    runtime/lcmp.s:10
    gmtime.o                  ../libwrk/cx16/gmtime.s:10
    fgetc.o                   ../libwrk/cx16/fgetc.s:10
    decsp6.o                  runtime/decsp6.s:8
    decsp4.o                  runtime/decsp4.s:8
    _scanf.o                  ../libwrk/cx16/_scanf.s:10
    _printf.o                 /Users/rje/git/cc65/asminc/zeropage.inc:11
    vsscanf.o                 common/vsscanf.s:12
    vfprintf.o                common/vfprintf.s:11
    vcprintf.o                conio/vcprintf.s:10
    subysp.o                  runtime/subysp.s:9
    subeqsp.o                 runtime/subeqsp.s:8
    steaxsp.o                 runtime/steaxsp.s:8
    staxsp.o                  runtime/staxsp.s:8
    staspidx.o                runtime/staspidx.s:9
    sscanf.o                  common/sscanf.s:9
    sprintf.o                 common/sprintf.s:9
    regswap2.o                runtime/regswap2.s:8
    pushwsp.o                 runtime/pushwsp.s:8
    pushax.o                  runtime/pushax.s:8
    pusha.o                   runtime/pusha.s:8
    printf.o                  common/printf.s:9
    popptr1.o                 runtime/popptr1.s:9
    popa.o                    runtime/popa.s:8
    memcpy.o                  common/memcpy.s:15
    lpush.o                   runtime/lpush.s:13
    localtime.o               ../libwrk/cx16/localtime.s:10
    lmul.o                    runtime/lmul.s:10
    leaaxsp.o                 runtime/leaaxsp.s:8
    ldeaxysp.o                runtime/ldeaxysp.s:12
    ldaxsp.o                  runtime/ldaxsp.s:8
    ladd.o                    runtime/ladd.s:9
    incsp2.o                  runtime/incsp2.s:8
    incsp1.o                  runtime/incsp1.s:8
    icmp.o                    runtime/icmp.s:9
    fgets.o                   ../libwrk/cx16/fgets.s:10
    decsp5.o                  runtime/decsp5.s:8
    decsp2.o                  runtime/decsp2.s:8
    decsp1.o                  runtime/decsp1.s:8
    crt0.o                    /Users/rje/git/cc65/asminc/zeropage.inc:11
    cprintf.o                 conio/cprintf.s:9
    addysp.o                  runtime/addysp.s:8
    addeqsp.o                 runtime/addeqsp.s:8
    add.o                     runtime/add.s:12
    volumes.o                 volumes.s:10
    ttp.o                     ttp.s:10
    trk.o                     trk.s:10
    module.o                  module.s:10
    common.o                  common.s:10
    ci.o                      ci.s:10
    boot.o                    boot.s:10
sreg (zeropage.o):
    lsub.o                    runtime/lsub.s:12
    divt.o                    common/divt.s:18
    umod.o                    runtime/umod.s:9
    tmcommon.o                cx16/tmcommon.s:9
    steaxspi.o                runtime/steaxspi.s:10
    mktime.o                  ../libwrk/cx16/mktime.s:10
    lumod.o                   runtime/lumod.s:10
    ludiv.o                   runtime/ludiv.s:10
    ltoa.o                    common/ltoa.s:11
    lneg.o                    runtime/lneg.s:11
    linc.o                    runtime/linc.s:8
    lcmp.o                    runtime/lcmp.s:10
    gmtime.o                  ../libwrk/cx16/gmtime.s:10
    _scanf.o                  ../libwrk/cx16/_scanf.s:10
    _printf.o                 /Users/rje/git/cc65/asminc/zeropage.inc:11
    udiv.o                    runtime/udiv.s:10
    time.o                    common/time.s:10
    steaxsp.o                 runtime/steaxsp.s:8
    mod.o                     runtime/mod.s:12
    lpush.o                   runtime/lpush.s:13
    localtime.o               ../libwrk/cx16/localtime.s:10
    lmul.o                    runtime/lmul.s:10
    ldeaxysp.o                runtime/ldeaxysp.s:12
    ldeaxi.o                  runtime/ldeaxi.s:8
    ladd.o                    runtime/ladd.s:9
    icmp.o                    runtime/icmp.s:9
    clock.o                   cx16/clock.s:12
    axlong.o                  runtime/axlong.s:9
    asleax2.o                 runtime/asleax2.s:8
    asleax1.o                 runtime/asleax1.s:8
    volumes.o                 volumes.s:10
    ttp.o                     ttp.s:10
    module.o                  module.s:10
    boot.o                    boot.s:10
staspidx (staspidx.o):
    ci.o                      ci.s:964
    ci.o                      ci.s:964
    ci.o                      ci.s:964
    ci.o                      ci.s:964
    boot.o                    boot.s:285
stax0sp (staxsp.o):
    mktime.o                  ../libwrk/cx16/mktime.s:618
    fgets.o                   ../libwrk/cx16/fgets.s:111
    volumes.o                 volumes.s:884
    volumes.o                 volumes.s:884
    ttp.o                     ttp.s:1132
    trk.o                     trk.s:551
    boot.o                    boot.s:285
    boot.o                    boot.s:285
staxspidx (staxspi.o):
    mktime.o                  ../libwrk/cx16/mktime.s:618
staxysp (staxsp.o):
    mktime.o                  ../libwrk/cx16/mktime.s:618
    vsprintf.o                common/vsprintf.s:8
    fgets.o                   ../libwrk/cx16/fgets.s:111
    ttp.o                     ttp.s:1132
    ttp.o                     ttp.s:1132
    module.o                  module.s:354
    boot.o                    boot.s:285
steax0sp (steaxsp.o):
    gmtime.o                  ../libwrk/cx16/gmtime.s:92
    localtime.o               ../libwrk/cx16/localtime.s:53
steaxspidx (steaxspi.o):
    gettime.o                 cx16/gettime.s:10
subeq0sp (subeqsp.o):
    common.o                  common.s:236
subeqysp (subeqsp.o):
    fgets.o                   ../libwrk/cx16/fgets.s:111
subysp (subysp.o):
    volumes.o                 volumes.s:884
    ttp.o                     ttp.s:1132
    module.o                  module.s:354
tmp1 (zeropage.o):
    div.o                     runtime/div.s:12
    divt.o                    common/divt.s:18
    steaxspi.o                runtime/steaxspi.s:10
    staxspi.o                 runtime/staxspi.s:10
    shrax2.o                  runtime/shrax2.s:8
    read.o                    cbm/read.s:13
    mktime.o                  ../libwrk/cx16/mktime.s:11
    ltoa.o                    common/ltoa.s:11
    _printf.o                 /Users/rje/git/cc65/asminc/zeropage.inc:13
    vcprintf.o                conio/vcprintf.s:10
    time.o                    common/time.s:10
    strncpy.o                 common/strncpy.s:9
    staspidx.o                runtime/staspidx.s:9
    shelp.o                   runtime/shelp.s:12
    mul.o                     runtime/mul.s:10
    mod.o                     runtime/mod.s:12
    ladd.o                    runtime/ladd.s:9
    incaxy.o                  runtime/incaxy.s:8
    fgets.o                   ../libwrk/cx16/fgets.s:11
    decaxy.o                  runtime/decaxy.s:8
    cputs.o                   conio/cputs.s:10
    color.o                   cx16/color.s:11
    cclear.o                  cbm/cclear.s:10
    c_setlfs.o                cbm/c_setlfs.s:13
    asleax2.o                 runtime/asleax2.s:8
    asleax1.o                 runtime/asleax1.s:8
    aslax4.o                  runtime/aslax4.s:8
    aslax2.o                  runtime/aslax2.s:8
    aslax1.o                  runtime/aslax1.s:8
    volumes.o                 volumes.s:11
    ttp.o                     ttp.s:11
    trk.o                     trk.s:11
    restart.o                 restart.s:11
    common.o                  common.s:11
    ci.o                      ci.s:11
    boot.o                    boot.s:11
tmp2 (zeropage.o):
    div.o                     runtime/div.s:12
    steaxspi.o                runtime/steaxspi.s:10
    rwcommon.o                cbm/rwcommon.s:10
    read.o                    cbm/read.s:13
    time.o                    common/time.s:10
    strncpy.o                 common/strncpy.s:9
    shelp.o                   runtime/shelp.s:12
    lmul.o                    runtime/lmul.s:10
tmp3 (zeropage.o):
    steaxspi.o                runtime/steaxspi.s:10
    read.o                    cbm/read.s:13
    lumod.o                   runtime/lumod.s:10
    ludiv.o                   runtime/ludiv.s:10
    strncpy.o                 common/strncpy.s:9
    strcat.o                  common/strcat.s:10
    lmul.o                    runtime/lmul.s:10
tmp4 (zeropage.o):
    lumod.o                   runtime/lumod.s:10
    ludiv.o                   runtime/ludiv.s:10
    lmul.o                    runtime/lmul.s:10
tosaddax (add.o):
    module.o                  module.s:354
tosaddeax (ladd.o):
    mktime.o                  ../libwrk/cx16/mktime.s:618
    _scanf.o                  ../libwrk/cx16/_scanf.s:1057
    localtime.o               ../libwrk/cx16/localtime.s:53
    volumes.o                 volumes.s:884
    volumes.o                 volumes.s:884
    pause.o                   pause.s:111
tosdivax (div.o):
    divt.o                    common/divt.s:17
tosicmp (icmp.o):
    mktime.o                  ../libwrk/cx16/mktime.s:618
    ttp.o                     ttp.s:1132
    restart.o                 restart.s:99
    diskut.o                  diskut.s:217
    ci.o                      ci.s:964
    ci.o                      ci.s:964
tosicmp0 (icmp.o):
    volumes.o                 volumes.s:884
    volumes.o                 volumes.s:884
    boot.o                    boot.s:285
toslcmp (lcmp.o):
    lult.o                    runtime/lult.s:8
tosmoda0 (mod.o):
    pause.o                   pause.s:111
    pause.o                   pause.s:111
    pause.o                   pause.s:111
    module.o                  module.s:354
    module.o                  module.s:354
    module.o                  module.s:354
    ci.o                      ci.s:964
    boot.o                    boot.s:285
tosmodax (mod.o):
    module.o                  module.s:354
tosmul0ax (lmul.o):
    gettime.o                 cx16/gettime.s:10
    volumes.o                 volumes.s:884
tosmulax (mul.o):
    pause.o                   pause.s:111
    module.o                  module.s:354
tosmuleax (lmul.o):
    _scanf.o                  ../libwrk/cx16/_scanf.s:1057
tossuba0 (sub.o):
    _scanf.o                  ../libwrk/cx16/_scanf.s:1057
tossubeax (lsub.o):
    mktime.o                  ../libwrk/cx16/mktime.s:618
tosudiv0ax (ludiv.o):
    gmtime.o                  ../libwrk/cx16/gmtime.s:92
tosudivax (udiv.o):
    fwrite.o                  common/fwrite.s:12
tosudiveax (ludiv.o):
    gmtime.o                  ../libwrk/cx16/gmtime.s:92
tosulteax (lult.o):
    pause.o                   pause.s:111
tosumod0ax (lumod.o):
    gmtime.o                  ../libwrk/cx16/gmtime.s:92
tosumoda0 (umod.o):
    mktime.o                  ../libwrk/cx16/mktime.s:618
    mktime.o                  ../libwrk/cx16/mktime.s:618
tosumodax (umod.o):
    mktime.o                  ../libwrk/cx16/mktime.s:618
tosumul0ax (lmul.o):
    mktime.o                  ../libwrk/cx16/mktime.s:618
tosumula0 (mul8.o):
    mktime.o                  ../libwrk/cx16/mktime.s:618
tosumulax (mul.o):
    mktime.o                  ../libwrk/cx16/mktime.s:618
    fwrite.o                  common/fwrite.s:12
tosumuleax (lmul.o):
    mktime.o                  ../libwrk/cx16/mktime.s:618
udiv16 (udiv.o):
    umod.o                    runtime/umod.s:8
    shelp.o                   runtime/shelp.s:11
udiv32 (ludiv.o):
    lumod.o                   runtime/lumod.s:9
unittab (filedes.o):
    read.o                    cbm/filedes.inc:8
vsnprintf (vsnprintf.o):
    vsprintf.o                common/vsprintf.s:9
zerobss (zerobss.o):
    crt0.o                    cx16/crt0.s:9

