Modules list:
-------------
main.o:
    CODE              Offs=000000  Size=000055  Align=00001  Fill=0000
    RODATA            Offs=000000  Size=000024  Align=00001  Fill=0000
boot.o:
    CODE              Offs=000055  Size=0001D8  Align=00001  Fill=0000
    RODATA            Offs=000024  Size=000113  Align=00001  Fill=0000
    BSS               Offs=000000  Size=000004  Align=00001  Fill=0000
common.o:
    CODE              Offs=00022D  Size=0000EA  Align=00001  Fill=0000
    RODATA            Offs=000137  Size=00001B  Align=00001  Fill=0000
diskut.o:
    CODE              Offs=000317  Size=00017A  Align=00001  Fill=0000
    RODATA            Offs=000152  Size=000065  Align=00001  Fill=0000
ttp.o:
    CODE              Offs=000491  Size=000433  Align=00001  Fill=0000
    RODATA            Offs=0001B7  Size=00030B  Align=00001  Fill=0000
    BSS               Offs=000004  Size=00002C  Align=00001  Fill=0000
    DATA              Offs=000000  Size=000004  Align=00001  Fill=0000
trk.o:
    CODE              Offs=0008C4  Size=000283  Align=00001  Fill=0000
    RODATA            Offs=0004C2  Size=000092  Align=00001  Fill=0000
    BSS               Offs=000030  Size=000002  Align=00001  Fill=0000
    DATA              Offs=000004  Size=000020  Align=00001  Fill=0000
ckt.o:
pause.o:
    CODE              Offs=000B47  Size=00002C  Align=00001  Fill=0000
ci.o:
    CODE              Offs=000B73  Size=000399  Align=00001  Fill=0000
    RODATA            Offs=000554  Size=000398  Align=00001  Fill=0000
    BSS               Offs=000032  Size=00011C  Align=00001  Fill=0000
    DATA              Offs=000024  Size=00008D  Align=00001  Fill=0000
volumes.o:
    CODE              Offs=000F0C  Size=000648  Align=00001  Fill=0000
    RODATA            Offs=0008EC  Size=000130  Align=00001  Fill=0000
    BSS               Offs=00014E  Size=000022  Align=00001  Fill=0000
    DATA              Offs=0000B1  Size=000010  Align=00001  Fill=0000
/Users/rje/git/cc65/lib/cx16.lib(_cursor.o):
    BSS               Offs=000170  Size=000001  Align=00001  Fill=0000
/Users/rje/git/cc65/lib/cx16.lib(_directerrno.o):
    CODE              Offs=001554  Size=000009  Align=00001  Fill=0000
/Users/rje/git/cc65/lib/cx16.lib(_file.o):
    DATA              Offs=0000C1  Size=00001E  Align=00001  Fill=0000
/Users/rje/git/cc65/lib/cx16.lib(_hextab.o):
    RODATA            Offs=000A1C  Size=000010  Align=00001  Fill=0000
/Users/rje/git/cc65/lib/cx16.lib(_longminstr.o):
    RODATA            Offs=000A2C  Size=00000C  Align=00001  Fill=0000
/Users/rje/git/cc65/lib/cx16.lib(_mappederrno.o):
    CODE              Offs=00155D  Size=00000F  Align=00001  Fill=0000
/Users/rje/git/cc65/lib/cx16.lib(_oserror.o):
    BSS               Offs=000171  Size=000001  Align=00001  Fill=0000
/Users/rje/git/cc65/lib/cx16.lib(_printf.o):
    CODE              Offs=00156C  Size=0003A5  Align=00001  Fill=0000
    BSS               Offs=000172  Size=00002B  Align=00001  Fill=0000
    DATA              Offs=0000DF  Size=000003  Align=00001  Fill=0000
/Users/rje/git/cc65/lib/cx16.lib(_scanf.o):
    CODE              Offs=001911  Size=00075C  Align=00001  Fill=0000
    RODATA            Offs=000A38  Size=000010  Align=00001  Fill=0000
    BSS               Offs=00019D  Size=000042  Align=00001  Fill=0000
/Users/rje/git/cc65/lib/cx16.lib(_seterrno.o):
    CODE              Offs=00206D  Size=000009  Align=00001  Fill=0000
/Users/rje/git/cc65/lib/cx16.lib(add.o):
    CODE              Offs=002076  Size=000018  Align=00001  Fill=0000
/Users/rje/git/cc65/lib/cx16.lib(addeqsp.o):
    CODE              Offs=00208E  Size=000011  Align=00001  Fill=0000
/Users/rje/git/cc65/lib/cx16.lib(addysp.o):
    CODE              Offs=00209F  Size=00000E  Align=00001  Fill=0000
/Users/rje/git/cc65/lib/cx16.lib(aslax1.o):
    CODE              Offs=0020AD  Size=000008  Align=00001  Fill=0000
/Users/rje/git/cc65/lib/cx16.lib(aslax2.o):
    CODE              Offs=0020B5  Size=00000B  Align=00001  Fill=0000
/Users/rje/git/cc65/lib/cx16.lib(aslax4.o):
    CODE              Offs=0020C0  Size=000011  Align=00001  Fill=0000
/Users/rje/git/cc65/lib/cx16.lib(asleax1.o):
    CODE              Offs=0020D1  Size=00000C  Align=00001  Fill=0000
/Users/rje/git/cc65/lib/cx16.lib(asleax2.o):
    CODE              Offs=0020DD  Size=000013  Align=00001  Fill=0000
/Users/rje/git/cc65/lib/cx16.lib(axlong.o):
    CODE              Offs=0020F0  Size=00000D  Align=00001  Fill=0000
/Users/rje/git/cc65/lib/cx16.lib(c_bsout.o):
/Users/rje/git/cc65/lib/cx16.lib(c_load.o):
    CODE              Offs=0020FD  Size=00001D  Align=00001  Fill=0000
/Users/rje/git/cc65/lib/cx16.lib(c_setlfs.o):
    CODE              Offs=00211A  Size=00000E  Align=00001  Fill=0000
/Users/rje/git/cc65/lib/cx16.lib(c_setnam.o):
    CODE              Offs=002128  Size=000013  Align=00001  Fill=0000
/Users/rje/git/cc65/lib/cx16.lib(callmain.o):
    CODE              Offs=00213B  Size=000017  Align=00001  Fill=0000
    DATA              Offs=0000E2  Size=000004  Align=00001  Fill=0000
/Users/rje/git/cc65/lib/cx16.lib(cclear.o):
    CODE              Offs=002152  Size=000015  Align=00001  Fill=0000
/Users/rje/git/cc65/lib/cx16.lib(cgetc.o):
    CODE              Offs=002167  Size=000064  Align=00001  Fill=0000
/Users/rje/git/cc65/lib/cx16.lib(clock.o):
    CODE              Offs=0021CB  Size=00000F  Align=00001  Fill=0000
/Users/rje/git/cc65/lib/cx16.lib(clrscr.o):
    CODE              Offs=0021DA  Size=000011  Align=00001  Fill=0000
/Users/rje/git/cc65/lib/cx16.lib(color.o):
    CODE              Offs=0021EB  Size=00002A  Align=00001  Fill=0000
/Users/rje/git/cc65/lib/cx16.lib(compl.o):
    CODE              Offs=002215  Size=000009  Align=00001  Fill=0000
/Users/rje/git/cc65/lib/cx16.lib(condes.o):
    CODE              Offs=00221E  Size=00000C  Align=00001  Fill=0000
    DATA              Offs=0000E6  Size=000025  Align=00001  Fill=0000
    ONCE              Offs=000000  Size=00000C  Align=00001  Fill=0000
/Users/rje/git/cc65/lib/cx16.lib(cprintf.o):
    CODE              Offs=00222A  Size=00002A  Align=00001  Fill=0000
    BSS               Offs=0001DF  Size=000001  Align=00001  Fill=0000
/Users/rje/git/cc65/lib/cx16.lib(cputc.o):
    CODE              Offs=002254  Size=00005F  Align=00001  Fill=0000
    RODATA            Offs=000A48  Size=000008  Align=00001  Fill=0000
/Users/rje/git/cc65/lib/cx16.lib(cputs.o):
    CODE              Offs=0022B3  Size=000023  Align=00001  Fill=0000
/Users/rje/git/cc65/lib/cx16.lib(crt0.o):
    STARTUP           Offs=000000  Size=000028  Align=00001  Fill=0000
    ONCE              Offs=00000C  Size=000023  Align=00001  Fill=0000
    INIT              Offs=000000  Size=000002  Align=00001  Fill=0000
/Users/rje/git/cc65/lib/cx16.lib(ctype.o):
    RODATA            Offs=000A50  Size=00008B  Align=00001  Fill=0000
/Users/rje/git/cc65/lib/cx16.lib(ctypemask.o):
    CODE              Offs=0022D6  Size=00001E  Align=00001  Fill=0000
/Users/rje/git/cc65/lib/cx16.lib(decax1.o):
    CODE              Offs=0022F4  Size=000007  Align=00001  Fill=0000
/Users/rje/git/cc65/lib/cx16.lib(decax4.o):
    CODE              Offs=0022FB  Size=000007  Align=00001  Fill=0000
/Users/rje/git/cc65/lib/cx16.lib(decaxy.o):
    CODE              Offs=002302  Size=000009  Align=00001  Fill=0000
/Users/rje/git/cc65/lib/cx16.lib(decsp1.o):
    CODE              Offs=00230B  Size=000009  Align=00001  Fill=0000
/Users/rje/git/cc65/lib/cx16.lib(decsp2.o):
    CODE              Offs=002314  Size=00000D  Align=00001  Fill=0000
/Users/rje/git/cc65/lib/cx16.lib(decsp4.o):
    CODE              Offs=002321  Size=00000D  Align=00001  Fill=0000
/Users/rje/git/cc65/lib/cx16.lib(decsp5.o):
    CODE              Offs=00232E  Size=00000D  Align=00001  Fill=0000
/Users/rje/git/cc65/lib/cx16.lib(decsp6.o):
    CODE              Offs=00233B  Size=00000D  Align=00001  Fill=0000
/Users/rje/git/cc65/lib/cx16.lib(div.o):
    CODE              Offs=002348  Size=000015  Align=00001  Fill=0000
/Users/rje/git/cc65/lib/cx16.lib(divt.o):
    CODE              Offs=00235D  Size=000015  Align=00001  Fill=0000
/Users/rje/git/cc65/lib/cx16.lib(errno.o):
    BSS               Offs=0001E0  Size=000002  Align=00001  Fill=0000
/Users/rje/git/cc65/lib/cx16.lib(exehdr.o):
    EXEHDR            Offs=000000  Size=00000C  Align=00001  Fill=0000
/Users/rje/git/cc65/lib/cx16.lib(fgetc.o):
    CODE              Offs=002372  Size=000084  Align=00001  Fill=0000
/Users/rje/git/cc65/lib/cx16.lib(fgets.o):
    CODE              Offs=0023F6  Size=0000A8  Align=00001  Fill=0000
/Users/rje/git/cc65/lib/cx16.lib(filedes.o):
    CODE              Offs=00249E  Size=00000E  Align=00001  Fill=0000
    DATA              Offs=00010B  Size=000010  Align=00001  Fill=0000
/Users/rje/git/cc65/lib/cx16.lib(fwrite.o):
    CODE              Offs=0024AC  Size=00007B  Align=00001  Fill=0000
    BSS               Offs=0001E2  Size=000002  Align=00001  Fill=0000
/Users/rje/git/cc65/lib/cx16.lib(gettime.o):
    CODE              Offs=002527  Size=00004C  Align=00001  Fill=0000
/Users/rje/git/cc65/lib/cx16.lib(gmtime.o):
    CODE              Offs=002573  Size=000092  Align=00001  Fill=0000
    BSS               Offs=0001E4  Size=000012  Align=00001  Fill=0000
/Users/rje/git/cc65/lib/cx16.lib(gotoxy.o):
    CODE              Offs=002605  Size=00000F  Align=00001  Fill=0000
/Users/rje/git/cc65/lib/cx16.lib(icmp.o):
    CODE              Offs=002614  Size=00002E  Align=00001  Fill=0000
/Users/rje/git/cc65/lib/cx16.lib(incaxy.o):
    CODE              Offs=002642  Size=00000B  Align=00001  Fill=0000
/Users/rje/git/cc65/lib/cx16.lib(incsp1.o):
    CODE              Offs=00264D  Size=000007  Align=00001  Fill=0000
/Users/rje/git/cc65/lib/cx16.lib(incsp2.o):
    CODE              Offs=002654  Size=000015  Align=00001  Fill=0000
/Users/rje/git/cc65/lib/cx16.lib(incsp3.o):
    CODE              Offs=002669  Size=000005  Align=00001  Fill=0000
/Users/rje/git/cc65/lib/cx16.lib(incsp4.o):
    CODE              Offs=00266E  Size=000005  Align=00001  Fill=0000
/Users/rje/git/cc65/lib/cx16.lib(incsp5.o):
    CODE              Offs=002673  Size=000005  Align=00001  Fill=0000
/Users/rje/git/cc65/lib/cx16.lib(incsp6.o):
    CODE              Offs=002678  Size=000005  Align=00001  Fill=0000
/Users/rje/git/cc65/lib/cx16.lib(incsp8.o):
    CODE              Offs=00267D  Size=000005  Align=00001  Fill=0000
/Users/rje/git/cc65/lib/cx16.lib(isdigit.o):
    CODE              Offs=002682  Size=000008  Align=00001  Fill=0000
/Users/rje/git/cc65/lib/cx16.lib(isspace.o):
    CODE              Offs=00268A  Size=000008  Align=00001  Fill=0000
/Users/rje/git/cc65/lib/cx16.lib(isxdigit.o):
    CODE              Offs=002692  Size=000008  Align=00001  Fill=0000
/Users/rje/git/cc65/lib/cx16.lib(jmpvec.o):
    DATA              Offs=00011B  Size=000003  Align=00001  Fill=0000
/Users/rje/git/cc65/lib/cx16.lib(kbhit.o):
    CODE              Offs=00269A  Size=00000E  Align=00001  Fill=0000
/Users/rje/git/cc65/lib/cx16.lib(kernal.o):
/Users/rje/git/cc65/lib/cx16.lib(ladd.o):
    CODE              Offs=0026A8  Size=000024  Align=00001  Fill=0000
/Users/rje/git/cc65/lib/cx16.lib(lcmp.o):
    CODE              Offs=0026CC  Size=00003B  Align=00001  Fill=0000
/Users/rje/git/cc65/lib/cx16.lib(ldaxi.o):
    CODE              Offs=002707  Size=00000D  Align=00001  Fill=0000
/Users/rje/git/cc65/lib/cx16.lib(ldaxsp.o):
    CODE              Offs=002714  Size=000009  Align=00001  Fill=0000
/Users/rje/git/cc65/lib/cx16.lib(ldeaxi.o):
    CODE              Offs=00271D  Size=000017  Align=00001  Fill=0000
/Users/rje/git/cc65/lib/cx16.lib(ldeaxysp.o):
    CODE              Offs=002734  Size=000013  Align=00001  Fill=0000
/Users/rje/git/cc65/lib/cx16.lib(leaaxsp.o):
    CODE              Offs=002747  Size=00000C  Align=00001  Fill=0000
/Users/rje/git/cc65/lib/cx16.lib(linc.o):
    CODE              Offs=002753  Size=000011  Align=00001  Fill=0000
/Users/rje/git/cc65/lib/cx16.lib(lmul.o):
    CODE              Offs=002764  Size=000059  Align=00001  Fill=0000
/Users/rje/git/cc65/lib/cx16.lib(lneg.o):
    CODE              Offs=0027BD  Size=00001E  Align=00001  Fill=0000
/Users/rje/git/cc65/lib/cx16.lib(loadaddr.o):
    LOADADDR          Offs=000000  Size=000002  Align=00001  Fill=0000
/Users/rje/git/cc65/lib/cx16.lib(localtime.o):
    CODE              Offs=0027DB  Size=00003B  Align=00001  Fill=0000
/Users/rje/git/cc65/lib/cx16.lib(longjmp.o):
    CODE              Offs=002816  Size=000028  Align=00001  Fill=0000
/Users/rje/git/cc65/lib/cx16.lib(lpush.o):
    CODE              Offs=00283E  Size=00001E  Align=00001  Fill=0000
/Users/rje/git/cc65/lib/cx16.lib(lsub.o):
    CODE              Offs=00285C  Size=000024  Align=00001  Fill=0000
/Users/rje/git/cc65/lib/cx16.lib(ltoa.o):
    CODE              Offs=002880  Size=000093  Align=00001  Fill=0000
/Users/rje/git/cc65/lib/cx16.lib(ludiv.o):
    CODE              Offs=002913  Size=000077  Align=00001  Fill=0000
/Users/rje/git/cc65/lib/cx16.lib(lult.o):
    CODE              Offs=00298A  Size=000006  Align=00001  Fill=0000
/Users/rje/git/cc65/lib/cx16.lib(lumod.o):
    CODE              Offs=002990  Size=000017  Align=00001  Fill=0000
/Users/rje/git/cc65/lib/cx16.lib(makebool.o):
    CODE              Offs=0029A7  Size=00002C  Align=00001  Fill=0000
/Users/rje/git/cc65/lib/cx16.lib(memcpy.o):
    CODE              Offs=0029D3  Size=00003C  Align=00001  Fill=0000
/Users/rje/git/cc65/lib/cx16.lib(mktime.o):
    CODE              Offs=002A0F  Size=0003D7  Align=00001  Fill=0000
    RODATA            Offs=000ADB  Size=00002E  Align=00001  Fill=0000
/Users/rje/git/cc65/lib/cx16.lib(mod.o):
    CODE              Offs=002DE6  Size=000011  Align=00001  Fill=0000
/Users/rje/git/cc65/lib/cx16.lib(mul.o):
    CODE              Offs=002DF7  Size=000045  Align=00001  Fill=0000
/Users/rje/git/cc65/lib/cx16.lib(mul8.o):
    CODE              Offs=002E3C  Size=00003A  Align=00001  Fill=0000
/Users/rje/git/cc65/lib/cx16.lib(mulax10.o):
    CODE              Offs=002E76  Size=000019  Align=00001  Fill=0000
/Users/rje/git/cc65/lib/cx16.lib(mulax3.o):
    CODE              Offs=002E8F  Size=000011  Align=00001  Fill=0000
/Users/rje/git/cc65/lib/cx16.lib(mulax5.o):
    CODE              Offs=002EA0  Size=000014  Align=00001  Fill=0000
/Users/rje/git/cc65/lib/cx16.lib(negabs.o):
    CODE              Offs=002EB4  Size=000012  Align=00001  Fill=0000
/Users/rje/git/cc65/lib/cx16.lib(oserror.o):
    CODE              Offs=002EC6  Size=000016  Align=00001  Fill=0000
    RODATA            Offs=000B09  Size=00005A  Align=00001  Fill=0000
/Users/rje/git/cc65/lib/cx16.lib(popa.o):
    CODE              Offs=002EDC  Size=00000A  Align=00001  Fill=0000
/Users/rje/git/cc65/lib/cx16.lib(popptr1.o):
    CODE              Offs=002EE6  Size=00000E  Align=00001  Fill=0000
/Users/rje/git/cc65/lib/cx16.lib(printf.o):
    CODE              Offs=002EF4  Size=000033  Align=00001  Fill=0000
    BSS               Offs=0001F6  Size=000001  Align=00001  Fill=0000
/Users/rje/git/cc65/lib/cx16.lib(push1.o):
    CODE              Offs=002F27  Size=000005  Align=00001  Fill=0000
/Users/rje/git/cc65/lib/cx16.lib(pusha.o):
    CODE              Offs=002F2C  Size=000016  Align=00001  Fill=0000
/Users/rje/git/cc65/lib/cx16.lib(pushax.o):
    CODE              Offs=002F42  Size=00001A  Align=00001  Fill=0000
/Users/rje/git/cc65/lib/cx16.lib(pushw.o):
    CODE              Offs=002F5C  Size=00000F  Align=00001  Fill=0000
/Users/rje/git/cc65/lib/cx16.lib(pushwsp.o):
    CODE              Offs=002F6B  Size=00001C  Align=00001  Fill=0000
/Users/rje/git/cc65/lib/cx16.lib(puts.o):
    CODE              Offs=002F87  Size=000063  Align=00001  Fill=0000
    DATA              Offs=00011E  Size=000001  Align=00001  Fill=0000
/Users/rje/git/cc65/lib/cx16.lib(rand.o):
    CODE              Offs=002FEA  Size=000034  Align=00001  Fill=0000
    DATA              Offs=00011F  Size=000004  Align=00001  Fill=0000
/Users/rje/git/cc65/lib/cx16.lib(randomize.o):
    CODE              Offs=00301E  Size=000006  Align=00001  Fill=0000
/Users/rje/git/cc65/lib/cx16.lib(read.o):
    CODE              Offs=003024  Size=00007E  Align=00001  Fill=0000
    BSS               Offs=0001F7  Size=000001  Align=00001  Fill=0000
    ONCE              Offs=00002F  Size=00000C  Align=00001  Fill=0000
/Users/rje/git/cc65/lib/cx16.lib(regswap2.o):
    CODE              Offs=0030A2  Size=000016  Align=00001  Fill=0000
/Users/rje/git/cc65/lib/cx16.lib(return0.o):
    CODE              Offs=0030B8  Size=000004  Align=00001  Fill=0000
/Users/rje/git/cc65/lib/cx16.lib(revers.o):
    CODE              Offs=0030BC  Size=000013  Align=00001  Fill=0000
/Users/rje/git/cc65/lib/cx16.lib(rwcommon.o):
    CODE              Offs=0030CF  Size=00001A  Align=00001  Fill=0000
/Users/rje/git/cc65/lib/cx16.lib(setjmp.o):
    CODE              Offs=0030E9  Size=000025  Align=00001  Fill=0000
/Users/rje/git/cc65/lib/cx16.lib(shelp.o):
    CODE              Offs=00310E  Size=000020  Align=00001  Fill=0000
/Users/rje/git/cc65/lib/cx16.lib(shrax2.o):
    CODE              Offs=00312E  Size=00000B  Align=00001  Fill=0000
/Users/rje/git/cc65/lib/cx16.lib(sscanf.o):
    CODE              Offs=003139  Size=00002B  Align=00001  Fill=0000
    BSS               Offs=0001F8  Size=000001  Align=00001  Fill=0000
/Users/rje/git/cc65/lib/cx16.lib(staspidx.o):
    CODE              Offs=003164  Size=000016  Align=00001  Fill=0000
/Users/rje/git/cc65/lib/cx16.lib(staxsp.o):
    CODE              Offs=00317A  Size=00000B  Align=00001  Fill=0000
/Users/rje/git/cc65/lib/cx16.lib(staxspi.o):
    CODE              Offs=003185  Size=00001A  Align=00001  Fill=0000
/Users/rje/git/cc65/lib/cx16.lib(steaxsp.o):
    CODE              Offs=00319F  Size=000015  Align=00001  Fill=0000
/Users/rje/git/cc65/lib/cx16.lib(steaxspi.o):
    CODE              Offs=0031B4  Size=000022  Align=00001  Fill=0000
/Users/rje/git/cc65/lib/cx16.lib(strcat.o):
    CODE              Offs=0031D6  Size=00002F  Align=00001  Fill=0000
/Users/rje/git/cc65/lib/cx16.lib(strcmp.o):
    CODE              Offs=003205  Size=000021  Align=00001  Fill=0000
/Users/rje/git/cc65/lib/cx16.lib(strlen.o):
    CODE              Offs=003226  Size=000016  Align=00001  Fill=0000
/Users/rje/git/cc65/lib/cx16.lib(strlower.o):
    CODE              Offs=00323C  Size=000027  Align=00001  Fill=0000
/Users/rje/git/cc65/lib/cx16.lib(sub.o):
    CODE              Offs=003263  Size=000014  Align=00001  Fill=0000
/Users/rje/git/cc65/lib/cx16.lib(subeqsp.o):
    CODE              Offs=003277  Size=000015  Align=00001  Fill=0000
/Users/rje/git/cc65/lib/cx16.lib(subysp.o):
    CODE              Offs=00328C  Size=00000D  Align=00001  Fill=0000
/Users/rje/git/cc65/lib/cx16.lib(time.o):
    CODE              Offs=003299  Size=000043  Align=00001  Fill=0000
    BSS               Offs=0001F9  Size=000008  Align=00001  Fill=0000
/Users/rje/git/cc65/lib/cx16.lib(timezone.o):
    DATA              Offs=000123  Size=00000F  Align=00001  Fill=0000
/Users/rje/git/cc65/lib/cx16.lib(tmcommon.o):
    CODE              Offs=0032DC  Size=00000D  Align=00001  Fill=0000
    DATA              Offs=000132  Size=000012  Align=00001  Fill=0000
/Users/rje/git/cc65/lib/cx16.lib(tolower.o):
    CODE              Offs=0032E9  Size=000012  Align=00001  Fill=0000
/Users/rje/git/cc65/lib/cx16.lib(toupper.o):
    CODE              Offs=0032FB  Size=000012  Align=00001  Fill=0000
/Users/rje/git/cc65/lib/cx16.lib(udiv.o):
    CODE              Offs=00330D  Size=00004F  Align=00001  Fill=0000
/Users/rje/git/cc65/lib/cx16.lib(umod.o):
    CODE              Offs=00335C  Size=000011  Align=00001  Fill=0000
/Users/rje/git/cc65/lib/cx16.lib(vcprintf.o):
    CODE              Offs=00336D  Size=000078  Align=00001  Fill=0000
    DATA              Offs=000144  Size=000008  Align=00001  Fill=0000
/Users/rje/git/cc65/lib/cx16.lib(vfprintf.o):
    CODE              Offs=0033E5  Size=000060  Align=00001  Fill=0000
    DATA              Offs=00014C  Size=000008  Align=00001  Fill=0000
/Users/rje/git/cc65/lib/cx16.lib(vsscanf.o):
    CODE              Offs=003445  Size=00006D  Align=00001  Fill=0000
    RODATA            Offs=000B63  Size=000006  Align=00001  Fill=0000
    BSS               Offs=000201  Size=000004  Align=00001  Fill=0000
/Users/rje/git/cc65/lib/cx16.lib(write.o):
    CODE              Offs=0034B2  Size=000054  Align=00001  Fill=0000
    ONCE              Offs=00003B  Size=000011  Align=00001  Fill=0000
/Users/rje/git/cc65/lib/cx16.lib(zerobss.o):
    CODE              Offs=003506  Size=000023  Align=00001  Fill=0000
/Users/rje/git/cc65/lib/cx16.lib(zeropage.o):
    ZEROPAGE          Offs=000000  Size=00001A  Align=00001  Fill=0000


Segment list:
-------------
Name                   Start     End    Size  Align
----------------------------------------------------
ZEROPAGE              000022  00003B  00001A  00001
LOADADDR              0007FF  000800  000002  00001
EXEHDR                000801  00080C  00000C  00001
STARTUP               00080D  000834  000028  00001
CODE                  000835  003D5D  003529  00001
RODATA                003D5E  0048C6  000B69  00001
DATA                  0048C7  004A1A  000154  00001
INIT                  004A1B  004A1C  000002  00001
BSS                   004A1D  004C21  000205  00001
ONCE                  004A1D  004A6E  000052  00001


Exports list by name:
---------------------
BASIN                     00FFCF RLA    BSOUT                     00FFD2 RLA    
CHKIN                     00FFC6 RLA    CHROUT                    00FFD2 RLA    
CKOUT                     00FFC9 RLA    CLOCK_GET_DATE_TIME       00FF50 RLA    
CLRCH                     00FFCC RLA    ENTROPY_GET               00FECF RLA    
GETIN                     00FFE4 RLA    LOAD                      00FFD5 RLA    
OPEN                      00FFC0 RLA    PLOT                      00FFF0 RLA    
RDTIM                     00FFDE RLA    READST                    00FFB7 RLA    
SETLFS                    00FFBA RLA    SETNAM                    00FFBD RLA    
SETTIM                    00FFDB RLA    TM                        0049F9 RLA    
__BSS_RUN__               004A1D RLA    __BSS_SIZE__              000205 REA    
__CONSTRUCTOR_COUNT__     000003 REA    __CONSTRUCTOR_TABLE__     004A69 RLA    
__DESTRUCTOR_COUNT__      000000 REA    __DESTRUCTOR_TABLE__      0048C7 RLA    
__EXEHDR__                000001 REA    __HEADER_LAST__           00080D RLA    
__HIMEM__                 009F00 REA    __LOADADDR__              000001 REA    
__MAIN_SIZE__             0096F3 REA    __MAIN_START__            00080D RLA    
__ONCE_RUN__              004A1D RLA    __STACKSIZE__             000800 REA    
__STARTUP__               000001 REA    __ctype                   0047AE RLA    
__ctypeidx                0047B9 RLA    __directerrno             001D89 RLA    
__errno                   004BFD RLA    __hextab                  00477A RLA    
__longminstr              00478A RLA    __mappederrno             001D92 RLA    
__oserror                 004B8E RLA    __osmaperrno              0036FB RLA    
__printf                  001E94 RLA    __randomize               003853 RLA    
__scanf                   002146 RLA    __seterrno                0028A2 RLA    
__setjmp                  00391E RLA    __tz                      0049EA RLA    
_bgcolor                  002A33 RLA    _boot_cbf                 000926 RLA    
_boot_sbf                 00088A RLA    _c1                       004AF3 RLA    
_c2                       004B43 RLA    _c3                       004B57 RLA    
_cbm_k_bsout              00FFD2 RLA    _cbm_k_load               002932 RLA    
_cbm_k_setlfs             00294F RLA    _cbm_k_setnam             00295D RLA    
_cclear                   00298C RLA    _cgetc                    00299C RLA    
_ciLowerBuffer            004A9F RLA    _ci_confirm               0016A6 RLA    
_ci_inputToUpper          0015CB RLA    _ci_login                 0013A8 RLA    
_ci_readLine              00152E RLA    _ci_run                   001418 RLA    
_ci_toUpper               00161E RLA    _clock                    002A07 RLA    
_clock_gettime            002D5C RLA    _clrscr                   002A0F RLA    
_common_loadFile          000AA1 RLA    _cprintf                  002A5F RLA    
_cputc                    002A8E RLA    _cputsxy                  002AE8 RLA    
_diskut_run               000B4C RLA    _div                      002B92 RLA    
_fgetc                    002BA7 RLA    _fgets                    002C2B RLA    
_fwrite                   002CE1 RLA    _gmtime                   002DA8 RLA    
_gotoxy                   002E3D RLA    _i1                       004AEF RLA    
_i2                       004AF1 RLA    _isdigit                  002EB7 RLA    
_isspace                  002EBF RLA    _isxdigit                 002EC7 RLA    
_kbhit                    002ECF RLA    _localtime                003010 RLA    
_longjmp                  00304B RLA    _ltoa                     0030CD RLA    
_main                     000835 RLA    _memcpy                   003208 RLA    
_mktime                   003244 RLA    _pause                    0013A6 RLA    
_pause_long               0013A7 RLA    _printf                   003729 RLA    
_puts                     0037BC RLA    _rand                     00382B RLA    
_read                     003859 RLA    _revers                   0038F1 RLA    
_setBank                  000A62 RLA    _srand                    00381F RLA    
_sscanf                   00396E RLA    _stdin                    0049A0 RLA    
_stdout                   0049A2 RLA    _strcat                   003A0B RLA    
_strcmp                   003A3A RLA    _strlen                   003A5B RLA    
_strlower                 003A71 RLA    _textcolor                002A20 RLA    
_time                     003ACE RLA    _tolower                  003B1E RLA    
_toupper                  003B30 RLA    _trk_getTrunkAlarmCount   0010FA RLA    
_trk_getTrunkAlarmType    00118E RLA    _trk_getTrunkSeverity     0011A3 RLA    
_trk_initTrunks           0010F9 RLA    _trk_print                001282 RLA    
_ultoa                    00310C RLA    _vcprintf                 003BEA RLA    
_vfprintf                 003C51 RLA    _volumes_find             001C65 RLA    
_volumes_findEntry        001CF6 RLA    _volumes_list             001741 RLA    
_volumes_listfiles        001952 RLA    _vsscanf                  003CC5 RLA    
_write                    003CE7 RLA    addeq0sp                  0028C3 RLA    
addeqysp                  0028C5 RLA    addysp                    0028D5 RLA    
addysp1                   0028D4 RLA    aslax1                    0028E2 RLA    
aslax2                    0028EA RLA    aslax4                    0028F5 RLA    
asleax1                   002906 RLA    asleax2                   002912 RLA    
axlong                    002925 RLA    axulong                   00292B RLA    
booleq                    0031E2 RLA    boolult                   0031FB RLA    
callmain                  002970 RLA    complax                   002A4A RLA    
cputdirect                002AA1 RLA    ctypemask                 002B0B RLA    
ctypemaskdirect           002B0F RLA    cursor                    004B8D RLA    
decax1                    002B29 RLA    decax4                    002B30 RLA    
decaxy                    002B37 RLA    decsp1                    002B40 RLA    
decsp2                    002B49 RLA    decsp4                    002B56 RLA    
decsp5                    002B63 RLA    decsp6                    002B70 RLA    
donelib                   002A53 RLA    fdtab                     0049D2 RLA    
getlop                    003157 RLA    gotoxy                    002E3A RLA    
incax4                    002E77 RLA    incaxy                    002E79 RLA    
inceaxy                   002F88 RLA    incsp1                    002E82 RLA    
incsp2                    002E90 RLA    incsp3                    002E9E RLA    
incsp4                    002EA3 RLA    incsp5                    002EA8 RLA    
incsp6                    002EAD RLA    incsp8                    002EB2 RLA    
initclock                 002A00  LAI   initlib                   004A1D RLA    
initstdin                 004A4C  LAI   initstdout                004A58  LAI   
jmpvec                    0049E2 RLA    ldax0sp                   002F49 RLA    
ldaxi                     002F3C RLA    ldaxysp                   002F4B RLA    
ldeax0sp                  002F69 RLA    ldeaxi                    002F52 RLA    
ldeaxidx                  002F54 RLA    ldeaxysp                  002F6B RLA    
leaa0sp                   002F7C RLA    load_jiffy                003B11 RLA    
mul8x16                   003673 RLA    mul8x16a                  00367D RLA    
mulax10                   0036AB RLA    mulax3                    0036C4 RLA    
mulax5                    0036D5 RLA    negax                     0036ED RLA    
negeax                    002FF2 RLA    plot                      002ABA RLA    
popa                      003711 RLA    popax                     002E89 RLA    
popptr1                   00371B RLA    popsargsudiv16            003943 RLA    
ptr1                      00002A RLZ    ptr2                      00002C RLZ    
ptr3                      00002E RLZ    ptr4                      000030 RLZ    
push1                     00375C RLA    pusha                     003765 RLA    
pusha0                    003779 RLA    pushax                    00377B RLA    
pusheax                   00307A RLA    pushw                     003791 RLA    
pushw0sp                  0037A0 RLA    pushwidx                  003793 RLA    
pushwysp                  0037A2 RLA    regbank                   000036 RLZ    
regsave                   000026 RLZ    regswap2                  0038D7 RLA    
return0                   0038ED RLA    rwcommon                  003904 RLA    
shlax1                    0028E2 RLA    shlax2                    0028EA RLA    
shlax4                    0028F5 RLA    shrax2                    003963 RLA    
sp                        000022 RLZ    sreg                      000024 RLZ    
staspidx                  003999 RLA    stax0sp                   0039AF RLA    
staxspidx                 0039BA RLA    staxysp                   0039B1 RLA    
steax0sp                  0039D4 RLA    steaxspidx                0039E9 RLA    
subeq0sp                  003AAC RLA    subeqysp                  003AAE RLA    
subysp                    003AC1 RLA    tmp1                      000032 RLZ    
tmp2                      000033 RLZ    tmp3                      000034 RLZ    
tmp4                      000035 RLZ    tosaddax                  0028AD RLA    
tosaddeax                 002EE3 RLA    tosdivax                  002B7F RLA    
tosicmp                   002E4B RLA    tosicmp0                  002E49 RLA    
toslcmp                   002F01 RLA    tosmoda0                  00361B RLA    
tosmul0ax                 002F99 RLA    tosmuleax                 002F9D RLA    
tossuba0                  003A98 RLA    tossubeax                 003095 RLA    
tosudiv0ax                003148 RLA    tosudivax                 003B44 RLA    
tosudiveax                00314C RLA    tosulteax                 0031BF RLA    
tosumod0ax                0031C5 RLA    tosumoda0                 003B91 RLA    
tosumodax                 003B93 RLA    tosumul0ax                002F99 RLA    
tosumula0                 003671 RLA    tosumulax                 00362C RLA    
tosumuleax                002F9D RLA    udiv16                    003B53 RLA    
udiv32                    00317A RLA    unittab                   0049DA RLA    
zerobss                   003D3B RLA    


Exports list by value:
----------------------
__DESTRUCTOR_COUNT__      000000 REA    __EXEHDR__                000001 REA    
__LOADADDR__              000001 REA    __STARTUP__               000001 REA    
__CONSTRUCTOR_COUNT__     000003 REA    sp                        000022 RLZ    
sreg                      000024 RLZ    regsave                   000026 RLZ    
ptr1                      00002A RLZ    ptr2                      00002C RLZ    
ptr3                      00002E RLZ    ptr4                      000030 RLZ    
tmp1                      000032 RLZ    tmp2                      000033 RLZ    
tmp3                      000034 RLZ    tmp4                      000035 RLZ    
regbank                   000036 RLZ    __BSS_SIZE__              000205 REA    
__STACKSIZE__             000800 REA    __HEADER_LAST__           00080D RLA    
__MAIN_START__            00080D RLA    _main                     000835 RLA    
_boot_sbf                 00088A RLA    _boot_cbf                 000926 RLA    
_setBank                  000A62 RLA    _common_loadFile          000AA1 RLA    
_diskut_run               000B4C RLA    _trk_initTrunks           0010F9 RLA    
_trk_getTrunkAlarmCount   0010FA RLA    _trk_getTrunkAlarmType    00118E RLA    
_trk_getTrunkSeverity     0011A3 RLA    _trk_print                001282 RLA    
_pause                    0013A6 RLA    _pause_long               0013A7 RLA    
_ci_login                 0013A8 RLA    _ci_run                   001418 RLA    
_ci_readLine              00152E RLA    _ci_inputToUpper          0015CB RLA    
_ci_toUpper               00161E RLA    _ci_confirm               0016A6 RLA    
_volumes_list             001741 RLA    _volumes_listfiles        001952 RLA    
_volumes_find             001C65 RLA    _volumes_findEntry        001CF6 RLA    
__directerrno             001D89 RLA    __mappederrno             001D92 RLA    
__printf                  001E94 RLA    __scanf                   002146 RLA    
__seterrno                0028A2 RLA    tosaddax                  0028AD RLA    
addeq0sp                  0028C3 RLA    addeqysp                  0028C5 RLA    
addysp1                   0028D4 RLA    addysp                    0028D5 RLA    
shlax1                    0028E2 RLA    aslax1                    0028E2 RLA    
shlax2                    0028EA RLA    aslax2                    0028EA RLA    
shlax4                    0028F5 RLA    aslax4                    0028F5 RLA    
asleax1                   002906 RLA    asleax2                   002912 RLA    
axlong                    002925 RLA    axulong                   00292B RLA    
_cbm_k_load               002932 RLA    _cbm_k_setlfs             00294F RLA    
_cbm_k_setnam             00295D RLA    callmain                  002970 RLA    
_cclear                   00298C RLA    _cgetc                    00299C RLA    
initclock                 002A00  LAI   _clock                    002A07 RLA    
_clrscr                   002A0F RLA    _textcolor                002A20 RLA    
_bgcolor                  002A33 RLA    complax                   002A4A RLA    
donelib                   002A53 RLA    _cprintf                  002A5F RLA    
_cputc                    002A8E RLA    cputdirect                002AA1 RLA    
plot                      002ABA RLA    _cputsxy                  002AE8 RLA    
ctypemask                 002B0B RLA    ctypemaskdirect           002B0F RLA    
decax1                    002B29 RLA    decax4                    002B30 RLA    
decaxy                    002B37 RLA    decsp1                    002B40 RLA    
decsp2                    002B49 RLA    decsp4                    002B56 RLA    
decsp5                    002B63 RLA    decsp6                    002B70 RLA    
tosdivax                  002B7F RLA    _div                      002B92 RLA    
_fgetc                    002BA7 RLA    _fgets                    002C2B RLA    
_fwrite                   002CE1 RLA    _clock_gettime            002D5C RLA    
_gmtime                   002DA8 RLA    gotoxy                    002E3A RLA    
_gotoxy                   002E3D RLA    tosicmp0                  002E49 RLA    
tosicmp                   002E4B RLA    incax4                    002E77 RLA    
incaxy                    002E79 RLA    incsp1                    002E82 RLA    
popax                     002E89 RLA    incsp2                    002E90 RLA    
incsp3                    002E9E RLA    incsp4                    002EA3 RLA    
incsp5                    002EA8 RLA    incsp6                    002EAD RLA    
incsp8                    002EB2 RLA    _isdigit                  002EB7 RLA    
_isspace                  002EBF RLA    _isxdigit                 002EC7 RLA    
_kbhit                    002ECF RLA    tosaddeax                 002EE3 RLA    
toslcmp                   002F01 RLA    ldaxi                     002F3C RLA    
ldax0sp                   002F49 RLA    ldaxysp                   002F4B RLA    
ldeaxi                    002F52 RLA    ldeaxidx                  002F54 RLA    
ldeax0sp                  002F69 RLA    ldeaxysp                  002F6B RLA    
leaa0sp                   002F7C RLA    inceaxy                   002F88 RLA    
tosmul0ax                 002F99 RLA    tosumul0ax                002F99 RLA    
tosumuleax                002F9D RLA    tosmuleax                 002F9D RLA    
negeax                    002FF2 RLA    _localtime                003010 RLA    
_longjmp                  00304B RLA    pusheax                   00307A RLA    
tossubeax                 003095 RLA    _ltoa                     0030CD RLA    
_ultoa                    00310C RLA    tosudiv0ax                003148 RLA    
tosudiveax                00314C RLA    getlop                    003157 RLA    
udiv32                    00317A RLA    tosulteax                 0031BF RLA    
tosumod0ax                0031C5 RLA    booleq                    0031E2 RLA    
boolult                   0031FB RLA    _memcpy                   003208 RLA    
_mktime                   003244 RLA    tosmoda0                  00361B RLA    
tosumulax                 00362C RLA    tosumula0                 003671 RLA    
mul8x16                   003673 RLA    mul8x16a                  00367D RLA    
mulax10                   0036AB RLA    mulax3                    0036C4 RLA    
mulax5                    0036D5 RLA    negax                     0036ED RLA    
__osmaperrno              0036FB RLA    popa                      003711 RLA    
popptr1                   00371B RLA    _printf                   003729 RLA    
push1                     00375C RLA    pusha                     003765 RLA    
pusha0                    003779 RLA    pushax                    00377B RLA    
pushw                     003791 RLA    pushwidx                  003793 RLA    
pushw0sp                  0037A0 RLA    pushwysp                  0037A2 RLA    
_puts                     0037BC RLA    _srand                    00381F RLA    
_rand                     00382B RLA    __randomize               003853 RLA    
_read                     003859 RLA    regswap2                  0038D7 RLA    
return0                   0038ED RLA    _revers                   0038F1 RLA    
rwcommon                  003904 RLA    __setjmp                  00391E RLA    
popsargsudiv16            003943 RLA    shrax2                    003963 RLA    
_sscanf                   00396E RLA    staspidx                  003999 RLA    
stax0sp                   0039AF RLA    staxysp                   0039B1 RLA    
staxspidx                 0039BA RLA    steax0sp                  0039D4 RLA    
steaxspidx                0039E9 RLA    _strcat                   003A0B RLA    
_strcmp                   003A3A RLA    _strlen                   003A5B RLA    
_strlower                 003A71 RLA    tossuba0                  003A98 RLA    
subeq0sp                  003AAC RLA    subeqysp                  003AAE RLA    
subysp                    003AC1 RLA    _time                     003ACE RLA    
load_jiffy                003B11 RLA    _tolower                  003B1E RLA    
_toupper                  003B30 RLA    tosudivax                 003B44 RLA    
udiv16                    003B53 RLA    tosumoda0                 003B91 RLA    
tosumodax                 003B93 RLA    _vcprintf                 003BEA RLA    
_vfprintf                 003C51 RLA    _vsscanf                  003CC5 RLA    
_write                    003CE7 RLA    zerobss                   003D3B RLA    
__hextab                  00477A RLA    __longminstr              00478A RLA    
__ctype                   0047AE RLA    __ctypeidx                0047B9 RLA    
__DESTRUCTOR_TABLE__      0048C7 RLA    _stdin                    0049A0 RLA    
_stdout                   0049A2 RLA    fdtab                     0049D2 RLA    
unittab                   0049DA RLA    jmpvec                    0049E2 RLA    
__tz                      0049EA RLA    TM                        0049F9 RLA    
__BSS_RUN__               004A1D RLA    __ONCE_RUN__              004A1D RLA    
initlib                   004A1D RLA    initstdin                 004A4C  LAI   
initstdout                004A58  LAI   __CONSTRUCTOR_TABLE__     004A69 RLA    
_ciLowerBuffer            004A9F RLA    _i1                       004AEF RLA    
_i2                       004AF1 RLA    _c1                       004AF3 RLA    
_c2                       004B43 RLA    _c3                       004B57 RLA    
cursor                    004B8D RLA    __oserror                 004B8E RLA    
__errno                   004BFD RLA    __MAIN_SIZE__             0096F3 REA    
__HIMEM__                 009F00 REA    ENTROPY_GET               00FECF RLA    
CLOCK_GET_DATE_TIME       00FF50 RLA    READST                    00FFB7 RLA    
SETLFS                    00FFBA RLA    SETNAM                    00FFBD RLA    
OPEN                      00FFC0 RLA    CHKIN                     00FFC6 RLA    
CKOUT                     00FFC9 RLA    CLRCH                     00FFCC RLA    
BASIN                     00FFCF RLA    CHROUT                    00FFD2 RLA    
BSOUT                     00FFD2 RLA    _cbm_k_bsout              00FFD2 RLA    
LOAD                      00FFD5 RLA    SETTIM                    00FFDB RLA    
RDTIM                     00FFDE RLA    GETIN                     00FFE4 RLA    
PLOT                      00FFF0 RLA    


Imports list:
-------------
BASIN (kernal.o):
    read.o                    cbm/cbm.inc:47
BSOUT (kernal.o):
    read.o                    cbm/cbm.inc:49
    write.o                   cbm/cbm.inc:49
    c_bsout.o                 cbm/cbm.inc:49
CHKIN (kernal.o):
    read.o                    cbm/cbm.inc:44
CHROUT (kernal.o):
    crt0.o                    cx16/crt0.s:10
    clrscr.o                  cx16/clrscr.s:10
    c_bsout.o                 cbm/cbm.inc:50
CKOUT (kernal.o):
    write.o                   cbm/cbm.inc:45
CLOCK_GET_DATE_TIME (kernal.o):
    gettime.o                 cx16/gettime.s:12
CLRCH (kernal.o):
    read.o                    cbm/cbm.inc:46
    write.o                   cbm/cbm.inc:46
ENTROPY_GET (kernal.o):
    randomize.o               cx16/randomize.s:10
GETIN (kernal.o):
    cgetc.o                   cx16/cgetc.s:10
LOAD (kernal.o):
    c_load.o                  cbm/cbm.inc:37
OPEN (kernal.o):
    read.o                    cbm/cbm.inc:35
    write.o                   cbm/cbm.inc:35
PLOT (kernal.o):
    cputc.o                   cx16/cputc.s:11
RDTIM (kernal.o):
    clock.o                   cx16/clock.s:11
READST (kernal.o):
    read.o                    cbm/cbm.inc:32
    write.o                   cbm/cbm.inc:32
SETLFS (kernal.o):
    read.o                    cbm/cbm.inc:33
    write.o                   cbm/cbm.inc:33
    c_setlfs.o                cbm/cbm.inc:33
SETNAM (kernal.o):
    c_setnam.o                cbm/cbm.inc:34
SETTIM (kernal.o):
    clock.o                   cx16/clock.s:11
TM (tmcommon.o):
    gettime.o                 cx16/gettime.s:11
__BSS_RUN__ ([linker generated]):
    zerobss.o                 common/zerobss.s:8
__BSS_SIZE__ ([linker generated]):
    zerobss.o                 common/zerobss.s:8
__CONSTRUCTOR_COUNT__ ([linker generated]):
    condes.o                  runtime/condes.s:18
__CONSTRUCTOR_TABLE__ ([linker generated]):
    condes.o                  runtime/condes.s:18
__DESTRUCTOR_COUNT__ ([linker generated]):
    condes.o                  runtime/condes.s:19
__DESTRUCTOR_TABLE__ ([linker generated]):
    condes.o                  runtime/condes.s:19
__EXEHDR__ (exehdr.o):
    [linker generated]        /Users/rje/git/cc65/cfg/cx16.cfg:6
__HEADER_LAST__ ([linker generated]):
    [linker generated]        /Users/rje/git/cc65/cfg/cx16.cfg:14
    [linker generated]        /Users/rje/git/cc65/cfg/cx16.cfg:14
__HIMEM__ ([linker generated]):
    [linker generated]        /Users/rje/git/cc65/cfg/cx16.cfg:15
    [linker generated]        /Users/rje/git/cc65/cfg/cx16.cfg:14
__LOADADDR__ (loadaddr.o):
    [linker generated]        /Users/rje/git/cc65/cfg/cx16.cfg:5
__MAIN_SIZE__ ([linker generated]):
    crt0.o                    cx16/crt0.s:11
__MAIN_START__ ([linker generated]):
    crt0.o                    cx16/crt0.s:11
__ONCE_RUN__ ([linker generated]):
    [linker generated]        /Users/rje/git/cc65/cfg/cx16.cfg:15
    [linker generated]        /Users/rje/git/cc65/cfg/cx16.cfg:15
__STACKSIZE__ ([linker generated]):
    [linker generated]        /Users/rje/git/cc65/cfg/cx16.cfg:15
__STARTUP__ (crt0.o):
    main.o                    main.s:13
__ctype (ctype.o):
    ctypemask.o               common/ctypemask.s:23
__ctypeidx (ctype.o):
    ctypemask.o               common/ctypemask.s:24
__directerrno (_directerrno.o):
    read.o                    /Users/rje/git/cc65/asminc/errno.inc:10
    write.o                   /Users/rje/git/cc65/asminc/errno.inc:10
__errno (errno.o):
    _seterrno.o               /Users/rje/git/cc65/asminc/errno.inc:7
__hextab (_hextab.o):
    ltoa.o                    common/ltoa.s:10
__longminstr (_longminstr.o):
    ltoa.o                    common/ltoa.s:10
__mappederrno (_mappederrno.o):
    read.o                    /Users/rje/git/cc65/asminc/errno.inc:10
    write.o                   /Users/rje/git/cc65/asminc/errno.inc:10
__oserror (_oserror.o):
    read.o                    /Users/rje/git/cc65/asminc/errno.inc:7
    _mappederrno.o            /Users/rje/git/cc65/asminc/errno.inc:7
    _directerrno.o            /Users/rje/git/cc65/asminc/errno.inc:7
    write.o                   /Users/rje/git/cc65/asminc/errno.inc:7
    c_load.o                  cbm/c_load.s:10
__osmaperrno (oserror.o):
    _mappederrno.o            /Users/rje/git/cc65/asminc/errno.inc:8
__printf (_printf.o):
    vfprintf.o                common/vfprintf.s:10
    vcprintf.o                conio/vcprintf.s:9
__randomize (randomize.o):
    ci.o                      ci.s:15
__scanf (_scanf.o):
    vsscanf.o                 common/vsscanf.s:11
__seterrno (_seterrno.o):
    fwrite.o                  /Users/rje/git/cc65/asminc/errno.inc:9
    _scanf.o                  ../libwrk/cx16/_scanf.s:16
    _mappederrno.o            /Users/rje/git/cc65/asminc/errno.inc:9
    _directerrno.o            /Users/rje/git/cc65/asminc/errno.inc:9
    fgets.o                   ../libwrk/cx16/fgets.s:15
__setjmp (setjmp.o):
    _scanf.o                  ../libwrk/cx16/_scanf.s:14
__tz (timezone.o):
    mktime.o                  ../libwrk/cx16/mktime.s:14
    localtime.o               ../libwrk/cx16/localtime.s:13
_bgcolor (color.o):
    main.o                    main.s:19
_boot_cbf (boot.o):
    diskut.o                  diskut.s:18
_boot_sbf (boot.o):
    diskut.o                  diskut.s:17
_c1 (ci.o):
    diskut.o                  diskut.s:22
_c2 (ci.o):
    diskut.o                  diskut.s:23
_c3 (ci.o):
    diskut.o                  diskut.s:24
_cbm_k_bsout (c_bsout.o):
    common.o                  common.s:13
_cbm_k_load (c_load.o):
    common.o                  common.s:14
    main.o                    main.s:14
_cbm_k_setlfs (c_setlfs.o):
    common.o                  common.s:15
    main.o                    main.s:15
_cbm_k_setnam (c_setnam.o):
    common.o                  common.s:16
    main.o                    main.s:16
_cclear (cclear.o):
    ttp.o                     ttp.s:18
_cgetc (cgetc.o):
    ci.o                      ci.s:13
    common.o                  common.s:19
_ciLowerBuffer (ci.o):
    diskut.o                  diskut.s:19
_ci_confirm (ci.o):
    boot.o                    boot.s:21
_ci_inputToUpper (ci.o):
    volumes.o                 volumes.s:21
_ci_login (ci.o):
    main.o                    main.s:22
_ci_readLine (ci.o):
    main.o                    main.s:24
_ci_run (ci.o):
    main.o                    main.s:23
_ci_toUpper (ci.o):
    volumes.o                 volumes.s:22
    boot.o                    boot.s:20
_clock (clock.o):
    pause.o                   pause.s:13
_clock_gettime (gettime.o):
    time.o                    /Users/rje/git/cc65/asminc/time.inc:65
_clrscr (clrscr.o):
    ttp.o                     ttp.s:13
    common.o                  common.s:17
    main.o                    main.s:17
_common_loadFile (common.o):
    main.o                    main.s:20
_cprintf (cprintf.o):
    trk.o                     trk.s:13
    ttp.o                     ttp.s:16
_cputc (cputc.o):
    vcprintf.o                conio/vcprintf.s:9
    cputs.o                   conio/cputs.s:9
_cputsxy (cputs.o):
    ttp.o                     ttp.s:15
    common.o                  common.s:18
_diskut_run (diskut.o):
    ci.o                      ci.s:37
_div (divt.o):
    mktime.o                  ../libwrk/cx16/mktime.s:13
_fgetc (fgetc.o):
    fgets.o                   ../libwrk/cx16/fgets.s:13
_fgets (fgets.o):
    ci.o                      ci.s:17
    ttp.o                     ttp.s:20
_fwrite (fwrite.o):
    vfprintf.o                common/vfprintf.s:10
_gmtime (gmtime.o):
    localtime.o               ../libwrk/cx16/localtime.s:14
_gotoxy (gotoxy.o):
    ttp.o                     ttp.s:14
_i1 (ci.o):
    diskut.o                  diskut.s:20
_i2 (ci.o):
    diskut.o                  diskut.s:21
_isdigit (isdigit.o):
    _scanf.o                  ../libwrk/cx16/_scanf.s:17
_isspace (isspace.o):
    _scanf.o                  ../libwrk/cx16/_scanf.s:18
_isxdigit (isxdigit.o):
    _scanf.o                  ../libwrk/cx16/_scanf.s:19
_kbhit (kbhit.o):
    cgetc.o                   cx16/cgetc.s:10
_localtime (localtime.o):
    ttp.o                     ttp.s:24
_longjmp (longjmp.o):
    _scanf.o                  ../libwrk/cx16/_scanf.s:15
_ltoa (ltoa.o):
    _printf.o                 common/_printf.s:12
_main (main.o):
    callmain.o                runtime/callmain.s:11
_memcpy (memcpy.o):
    volumes.o                 volumes.s:884
_mktime (mktime.o):
    gmtime.o                  ../libwrk/cx16/gmtime.s:14
    gettime.o                 /Users/rje/git/cc65/asminc/time.inc:68
_pause (pause.o):
    volumes.o                 volumes.s:23
    ci.o                      ci.s:35
    ttp.o                     ttp.s:38
_pause_long (pause.o):
    ci.o                      ci.s:36
_printf (printf.o):
    volumes.o                 volumes.s:13
    ci.o                      ci.s:18
    boot.o                    boot.s:13
_puts (puts.o):
    volumes.o                 volumes.s:14
    ci.o                      ci.s:19
_rand (rand.o):
    ci.o                      ci.s:14
_read (read.o):
    fgetc.o                   ../libwrk/cx16/fgetc.s:14
_revers (revers.o):
    ttp.o                     ttp.s:17
_setBank (common.o):
    volumes.o                 volumes.s:16
_srand (rand.o):
    randomize.o               cx16/randomize.s:10
_sscanf (sscanf.o):
    ci.o                      ci.s:20
    ttp.o                     ttp.s:21
    diskut.o                  diskut.s:13
_stdin (_file.o):
    ci.o                      ci.s:16
    ttp.o                     ttp.s:19
_stdout (_file.o):
    puts.o                    ../libwrk/cx16/puts.s:13
    printf.o                  common/printf.s:8
_strcat (strcat.o):
    boot.o                    boot.s:14
_strcmp (strcmp.o):
    volumes.o                 volumes.s:15
    ci.o                      ci.s:21
    ttp.o                     ttp.s:22
    boot.o                    boot.s:15
_strlen (strlen.o):
    _printf.o                 common/_printf.s:13
    puts.o                    ../libwrk/cx16/puts.s:15
    ci.o                      ci.s:23
    ttp.o                     ttp.s:23
_strlower (strlower.o):
    _printf.o                 common/_printf.s:13
_textcolor (color.o):
    main.o                    main.s:18
_time (time.o):
    ttp.o                     ttp.s:25
_tolower (tolower.o):
    _scanf.o                  ../libwrk/cx16/_scanf.s:20
    ci.o                      ci.s:25
_toupper (toupper.o):
    ci.o                      ci.s:24
_trk_getTrunkAlarmCount (trk.o):
    ttp.o                     ttp.s:34
_trk_getTrunkAlarmType (trk.o):
    ttp.o                     ttp.s:35
_trk_getTrunkSeverity (trk.o):
    ttp.o                     ttp.s:36
_trk_initTrunks (trk.o):
    main.o                    main.s:21
_trk_print (trk.o):
    ttp.o                     ttp.s:37
_ultoa (ltoa.o):
    _printf.o                 common/_printf.s:12
_vcprintf (vcprintf.o):
    cprintf.o                 conio/cprintf.s:8
_vfprintf (vfprintf.o):
    printf.o                  common/printf.s:8
_volumes_find (volumes.o):
    boot.o                    boot.s:18
_volumes_findEntry (volumes.o):
    boot.o                    boot.s:19
_volumes_list (volumes.o):
    diskut.o                  diskut.s:15
_volumes_listfiles (volumes.o):
    diskut.o                  diskut.s:16
_vsscanf (vsscanf.o):
    sscanf.o                  common/sscanf.s:8
_write (write.o):
    fwrite.o                  common/fwrite.s:10
    puts.o                    ../libwrk/cx16/puts.s:16
addeq0sp (addeqsp.o):
    ttp.o                     ttp.s:722
addeqysp (addeqsp.o):
    fgets.o                   ../libwrk/cx16/fgets.s:111
    ci.o                      ci.s:798
    ci.o                      ci.s:798
    ci.o                      ci.s:798
    ci.o                      ci.s:798
    boot.o                    boot.s:285
addysp (addysp.o):
    mktime.o                  ../libwrk/cx16/mktime.s:618
    fwrite.o                  common/fwrite.s:11
    sscanf.o                  common/sscanf.s:8
    printf.o                  common/printf.s:8
    incsp8.o                  runtime/incsp8.s:8
    incsp6.o                  runtime/incsp6.s:8
    incsp5.o                  runtime/incsp5.s:8
    incsp4.o                  runtime/incsp4.s:8
    incsp3.o                  runtime/incsp3.s:8
    fgets.o                   ../libwrk/cx16/fgets.s:111
    cprintf.o                 conio/cprintf.s:8
    volumes.o                 volumes.s:884
addysp1 (addysp.o):
    lsub.o                    runtime/lsub.s:11
    sub.o                     runtime/sub.s:8
    ludiv.o                   runtime/ludiv.s:9
    lmul.o                    runtime/lmul.s:9
    ladd.o                    runtime/ladd.s:8
aslax1 (aslax1.o):
    mktime.o                  ../libwrk/cx16/mktime.s:618
    volumes.o                 volumes.s:884
    volumes.o                 volumes.s:884
    ttp.o                     ttp.s:722
    ttp.o                     ttp.s:722
    ttp.o                     ttp.s:722
    ttp.o                     ttp.s:722
    boot.o                    boot.s:285
aslax2 (aslax2.o):
    volumes.o                 volumes.s:884
    volumes.o                 volumes.s:884
    volumes.o                 volumes.s:884
aslax4 (aslax4.o):
    volumes.o                 volumes.s:884
    volumes.o                 volumes.s:884
    ttp.o                     ttp.s:722
    ttp.o                     ttp.s:722
    ttp.o                     ttp.s:722
    ttp.o                     ttp.s:722
    boot.o                    boot.s:285
asleax1 (asleax1.o):
    volumes.o                 volumes.s:884
asleax2 (asleax2.o):
    volumes.o                 volumes.s:884
axlong (axlong.o):
    _printf.o                 common/_printf.s:11
    volumes.o                 volumes.s:884
axulong (axlong.o):
    mktime.o                  ../libwrk/cx16/mktime.s:618
    _scanf.o                  ../libwrk/cx16/_scanf.s:1057
    _scanf.o                  ../libwrk/cx16/_scanf.s:1057
    _printf.o                 common/_printf.s:11
    volumes.o                 volumes.s:884
    pause.o                   pause.s:73
booleq (makebool.o):
    _scanf.o                  ../libwrk/cx16/_scanf.s:1057
boolult (makebool.o):
    lult.o                    runtime/lult.s:8
callmain (callmain.o):
    crt0.o                    cx16/crt0.s:9
complax (compl.o):
    _scanf.o                  ../libwrk/cx16/_scanf.s:1057
cputdirect (cputc.o):
    cclear.o                  cbm/cclear.s:9
ctypemask (ctypemask.o):
    isxdigit.o                common/isxdigit.s:15
    isspace.o                 common/isspace.s:15
    isdigit.o                 common/isdigit.s:15
ctypemaskdirect (ctypemask.o):
    strlower.o                common/strlower.s:14
    toupper.o                 common/toupper.s:15
    tolower.o                 common/tolower.s:15
cursor (_cursor.o):
    cgetc.o                   cx16/cgetc.s:10
decax1 (decax1.o):
    mktime.o                  ../libwrk/cx16/mktime.s:618
    ci.o                      ci.s:798
    ttp.o                     ttp.s:722
decax4 (decax4.o):
    volumes.o                 volumes.s:884
decaxy (decaxy.o):
    mktime.o                  ../libwrk/cx16/mktime.s:618
    _scanf.o                  ../libwrk/cx16/_scanf.s:1057
decsp1 (decsp1.o):
    fgetc.o                   ../libwrk/cx16/fgetc.s:94
    time.o                    common/time.s:9
    trk.o                     trk.s:512
    common.o                  common.s:234
decsp2 (decsp2.o):
    ttp.o                     ttp.s:722
    boot.o                    boot.s:285
decsp4 (decsp4.o):
    mktime.o                  ../libwrk/cx16/mktime.s:618
    gmtime.o                  ../libwrk/cx16/gmtime.s:92
    sscanf.o                  common/sscanf.s:8
    lpush.o                   runtime/lpush.s:12
    localtime.o               ../libwrk/cx16/localtime.s:53
    fgets.o                   ../libwrk/cx16/fgets.s:111
decsp5 (decsp5.o):
    trk.o                     trk.s:512
decsp6 (decsp6.o):
    _printf.o                 common/_printf.s:11
donelib (condes.o):
    crt0.o                    cx16/crt0.s:8
fdtab (filedes.o):
    read.o                    cbm/filedes.inc:7
    write.o                   cbm/filedes.inc:7
getlop (ludiv.o):
    lumod.o                   runtime/lumod.s:9
gotoxy (gotoxy.o):
    cputs.o                   conio/cputs.s:9
    cputc.o                   cx16/cputc.s:11
    cclear.o                  cbm/cclear.s:9
incax4 (incaxy.o):
    mktime.o                  ../libwrk/cx16/mktime.s:618
incaxy (incaxy.o):
    volumes.o                 volumes.s:884
    volumes.o                 volumes.s:884
    volumes.o                 volumes.s:884
    ttp.o                     ttp.s:722
    boot.o                    boot.s:285
inceaxy (linc.o):
    gmtime.o                  ../libwrk/cx16/gmtime.s:92
incsp1 (incsp1.o):
    gettime.o                 cx16/gettime.s:10
    _scanf.o                  ../libwrk/cx16/_scanf.s:1057
    _scanf.o                  ../libwrk/cx16/_scanf.s:1057
    _scanf.o                  ../libwrk/cx16/_scanf.s:1057
    _scanf.o                  ../libwrk/cx16/_scanf.s:1057
    _scanf.o                  ../libwrk/cx16/_scanf.s:1057
    ci.o                      ci.s:798
    trk.o                     trk.s:512
    trk.o                     trk.s:512
    ttp.o                     ttp.s:722
    common.o                  common.s:234
    common.o                  common.s:234
    common.o                  common.s:234
    common.o                  common.s:234
incsp2 (incsp2.o):
    staxspi.o                 runtime/staxspi.s:9
    mktime.o                  ../libwrk/cx16/mktime.s:618
    staspidx.o                runtime/staspidx.s:8
    puts.o                    ../libwrk/cx16/puts.s:77
    popptr1.o                 runtime/popptr1.s:8
    ci.o                      ci.s:798
    trk.o                     trk.s:512
    trk.o                     trk.s:512
    ttp.o                     ttp.s:722
    ttp.o                     ttp.s:722
    ttp.o                     ttp.s:722
    ttp.o                     ttp.s:722
    ttp.o                     ttp.s:722
incsp3 (incsp3.o):
    fgetc.o                   ../libwrk/cx16/fgetc.s:94
    ttp.o                     ttp.s:722
    common.o                  common.s:234
    common.o                  common.s:234
    common.o                  common.s:234
incsp4 (incsp4.o):
    lcmp.o                    runtime/lcmp.s:9
    volumes.o                 volumes.s:884
    volumes.o                 volumes.s:884
    volumes.o                 volumes.s:884
    ci.o                      ci.s:798
    ci.o                      ci.s:798
    ci.o                      ci.s:798
    ci.o                      ci.s:798
    ttp.o                     ttp.s:722
incsp5 (incsp5.o):
    trk.o                     trk.s:512
incsp6 (incsp6.o):
    gmtime.o                  ../libwrk/cx16/gmtime.s:92
    fwrite.o                  common/fwrite.s:11
    vfprintf.o                common/vfprintf.s:9
    localtime.o               ../libwrk/cx16/localtime.s:53
    pause.o                   pause.s:73
    boot.o                    boot.s:285
incsp8 (incsp8.o):
    _scanf.o                  ../libwrk/cx16/_scanf.s:1057
    boot.o                    boot.s:285
initlib (condes.o):
    crt0.o                    cx16/crt0.s:8
jmpvec (jmpvec.o):
    _scanf.o                  ../libwrk/cx16/_scanf.s:1057
    _scanf.o                  ../libwrk/cx16/_scanf.s:1057
ldax0sp (ldaxsp.o):
    mktime.o                  ../libwrk/cx16/mktime.s:618
    ci.o                      ci.s:798
    ci.o                      ci.s:798
    ci.o                      ci.s:798
    ci.o                      ci.s:798
    ci.o                      ci.s:798
    ttp.o                     ttp.s:722
    ttp.o                     ttp.s:722
    ttp.o                     ttp.s:722
    ttp.o                     ttp.s:722
    boot.o                    boot.s:285
ldaxi (ldaxi.o):
    mktime.o                  ../libwrk/cx16/mktime.s:618
    _scanf.o                  ../libwrk/cx16/_scanf.s:1057
    _scanf.o                  ../libwrk/cx16/_scanf.s:1057
    ci.o                      ci.s:798
    ci.o                      ci.s:798
    trk.o                     trk.s:512
    trk.o                     trk.s:512
ldaxysp (ldaxsp.o):
    mktime.o                  ../libwrk/cx16/mktime.s:618
    gmtime.o                  ../libwrk/cx16/gmtime.s:92
    fwrite.o                  common/fwrite.s:11
    _scanf.o                  ../libwrk/cx16/_scanf.s:1057
    puts.o                    ../libwrk/cx16/puts.s:77
    localtime.o               ../libwrk/cx16/localtime.s:53
    fgets.o                   ../libwrk/cx16/fgets.s:111
    volumes.o                 volumes.s:884
    volumes.o                 volumes.s:884
    ci.o                      ci.s:798
    ci.o                      ci.s:798
    ci.o                      ci.s:798
    ci.o                      ci.s:798
    pause.o                   pause.s:73
    trk.o                     trk.s:512
    ttp.o                     ttp.s:722
    ttp.o                     ttp.s:722
    ttp.o                     ttp.s:722
    common.o                  common.s:234
    common.o                  common.s:234
    boot.o                    boot.s:285
    boot.o                    boot.s:285
ldeax0sp (ldeaxysp.o):
    gmtime.o                  ../libwrk/cx16/gmtime.s:92
ldeaxi (ldeaxi.o):
    gmtime.o                  ../libwrk/cx16/gmtime.s:92
    time.o                    common/time.s:9
    localtime.o               ../libwrk/cx16/localtime.s:53
ldeaxidx (ldeaxi.o):
    volumes.o                 volumes.s:884
ldeaxysp (ldeaxysp.o):
    volumes.o                 volumes.s:884
    pause.o                   pause.s:73
leaa0sp (leaaxsp.o):
    fgetc.o                   ../libwrk/cx16/fgetc.s:94
    volumes.o                 volumes.s:884
    trk.o                     trk.s:512
load_jiffy (tmcommon.o):
    gettime.o                 cx16/gettime.s:11
mul8x16 (mul8.o):
    mul.o                     runtime/mul.s:8
mul8x16a (mul8.o):
    mul.o                     runtime/mul.s:8
mulax10 (mulax10.o):
    _scanf.o                  ../libwrk/cx16/_scanf.s:1057
mulax3 (mulax3.o):
    ttp.o                     ttp.s:722
mulax5 (mulax5.o):
    ttp.o                     ttp.s:722
negax (negabs.o):
    div.o                     runtime/div.s:11
    divt.o                    common/divt.s:17
    shelp.o                   runtime/shelp.s:11
    mod.o                     runtime/mod.s:11
negeax (lneg.o):
    ltoa.o                    common/ltoa.s:9
    _scanf.o                  ../libwrk/cx16/_scanf.s:1057
plot (cputc.o):
    gotoxy.o                  cx16/gotoxy.s:9
popa (popa.o):
    gotoxy.o                  cx16/gotoxy.s:9
    c_setlfs.o                cbm/c_setlfs.s:12
    c_load.o                  cbm/c_load.s:11
popax (incsp2.o):
    rwcommon.o                cbm/rwcommon.s:9
    ltoa.o                    common/ltoa.s:9
    _printf.o                 common/_printf.s:11
    vsscanf.o                 common/vsscanf.s:11
    vcprintf.o                conio/vcprintf.s:8
    strcat.o                  common/strcat.s:9
    shelp.o                   runtime/shelp.s:11
    memcpy.o                  common/memcpy.s:14
popptr1 (popptr1.o):
    umod.o                    runtime/umod.s:8
    steaxspi.o                runtime/steaxspi.s:9
    rwcommon.o                cbm/rwcommon.s:9
    mul8.o                    runtime/mul8.s:9
    mul.o                     runtime/mul.s:9
    ltoa.o                    common/ltoa.s:9
    longjmp.o                 common/longjmp.s:9
    vcprintf.o                conio/vcprintf.s:8
    udiv.o                    runtime/udiv.s:9
    strcmp.o                  common/strcmp.s:8
    memcpy.o                  common/memcpy.s:14
popsargsudiv16 (shelp.o):
    div.o                     runtime/div.s:11
    mod.o                     runtime/mod.s:11
ptr1 (zeropage.o):
    div.o                     runtime/div.s:12
    strlower.o                common/strlower.s:13
    steaxspi.o                runtime/steaxspi.s:10
    staxspi.o                 runtime/staxspi.s:10
    setjmp.o                  common/setjmp.s:11
    read.o                    cbm/read.s:13
    mulax10.o                 runtime/mulax10.s:9
    mul8.o                    runtime/mul8.s:10
    mul.o                     runtime/mul.s:10
    mktime.o                  ../libwrk/cx16/mktime.s:11
    ludiv.o                   runtime/ludiv.s:10
    ltoa.o                    common/ltoa.s:11
    longjmp.o                 common/longjmp.s:10
    lcmp.o                    runtime/lcmp.s:10
    fwrite.o                  common/fwrite.s:14
    _scanf.o                  ../libwrk/cx16/_scanf.s:11
    _printf.o                 /Users/rje/git/cc65/asminc/zeropage.inc:12
    zerobss.o                 common/zerobss.s:9
    write.o                   cbm/write.s:11
    vsscanf.o                 common/vsscanf.s:12
    vfprintf.o                common/vfprintf.s:11
    vcprintf.o                conio/vcprintf.s:10
    udiv.o                    runtime/udiv.s:10
    time.o                    common/time.s:10
    strcmp.o                  common/strcmp.s:9
    strcat.o                  common/strcat.s:10
    staspidx.o                runtime/staspidx.s:9
    sscanf.o                  common/sscanf.s:9
    shelp.o                   runtime/shelp.s:12
    puts.o                    ../libwrk/cx16/puts.s:11
    pushw.o                   runtime/pushw.s:9
    printf.o                  common/printf.s:9
    popptr1.o                 runtime/popptr1.s:9
    mulax5.o                  runtime/mulax5.s:9
    mulax3.o                  runtime/mulax3.s:9
    memcpy.o                  common/memcpy.s:15
    lmul.o                    runtime/lmul.s:10
    ldeaxi.o                  runtime/ldeaxi.s:8
    ldaxi.o                   runtime/ldaxi.s:8
    cputs.o                   conio/cputs.s:10
    cprintf.o                 conio/cprintf.s:9
    c_setnam.o                cbm/c_setnam.s:10
    c_load.o                  cbm/c_load.s:12
    volumes.o                 volumes.s:11
    ci.o                      ci.s:11
    trk.o                     trk.s:11
    ttp.o                     ttp.s:11
    boot.o                    boot.s:11
ptr2 (zeropage.o):
    strlower.o                common/strlower.s:13
    rwcommon.o                cbm/rwcommon.s:10
    read.o                    cbm/read.s:13
    lumod.o                   runtime/lumod.s:10
    ludiv.o                   runtime/ludiv.s:10
    ltoa.o                    common/ltoa.s:11
    longjmp.o                 common/longjmp.s:10
    _printf.o                 /Users/rje/git/cc65/asminc/zeropage.inc:12
    write.o                   cbm/write.s:11
    vsscanf.o                 common/vsscanf.s:12
    vcprintf.o                conio/vcprintf.s:10
    strlen.o                  common/strlen.s:12
    strcmp.o                  common/strcmp.s:9
    strcat.o                  common/strcat.s:10
    memcpy.o                  common/memcpy.s:15
ptr3 (zeropage.o):
    rwcommon.o                cbm/rwcommon.s:10
    read.o                    cbm/read.s:13
    ludiv.o                   runtime/ludiv.s:10
    ltoa.o                    common/ltoa.s:11
    write.o                   cbm/write.s:11
    vcprintf.o                conio/vcprintf.s:10
    memcpy.o                  common/memcpy.s:15
    lmul.o                    runtime/lmul.s:10
ptr4 (zeropage.o):
    umod.o                    runtime/umod.s:9
    mul8.o                    runtime/mul8.s:10
    mul.o                     runtime/mul.s:10
    ludiv.o                   runtime/ludiv.s:10
    linc.o                    runtime/linc.s:8
    udiv.o                    runtime/udiv.s:10
    shelp.o                   runtime/shelp.s:12
    lmul.o                    runtime/lmul.s:10
push1 (push1.o):
    _printf.o                 common/_printf.s:11
    vfprintf.o                common/vfprintf.s:9
pusha (pusha.o):
    _scanf.o                  ../libwrk/cx16/_scanf.s:1057
    _scanf.o                  ../libwrk/cx16/_scanf.s:1057
    _scanf.o                  ../libwrk/cx16/_scanf.s:1057
    _scanf.o                  ../libwrk/cx16/_scanf.s:1057
    _scanf.o                  ../libwrk/cx16/_scanf.s:1057
    ci.o                      ci.s:798
    trk.o                     trk.s:512
    trk.o                     trk.s:512
    trk.o                     trk.s:512
    ttp.o                     ttp.s:722
    ttp.o                     ttp.s:722
    ttp.o                     ttp.s:722
    ttp.o                     ttp.s:722
    ttp.o                     ttp.s:722
    common.o                  common.s:234
    common.o                  common.s:234
    common.o                  common.s:234
    common.o                  common.s:234
    common.o                  common.s:234
    common.o                  common.s:234
    common.o                  common.s:234
    main.o                    main.s:82
pusha0 (pushax.o):
    push1.o                   runtime/push1.s:8
    fgetc.o                   ../libwrk/cx16/fgetc.s:94
    _scanf.o                  ../libwrk/cx16/_scanf.s:1057
    puts.o                    ../libwrk/cx16/puts.s:77
    volumes.o                 volumes.s:884
    volumes.o                 volumes.s:884
    ci.o                      ci.s:798
    ci.o                      ci.s:798
    trk.o                     trk.s:512
    ttp.o                     ttp.s:722
    ttp.o                     ttp.s:722
    ttp.o                     ttp.s:722
    diskut.o                  diskut.s:217
    common.o                  common.s:234
    boot.o                    boot.s:285
pushax (pushax.o):
    mktime.o                  ../libwrk/cx16/mktime.s:618
    mktime.o                  ../libwrk/cx16/mktime.s:618
    gmtime.o                  ../libwrk/cx16/gmtime.s:92
    gettime.o                 cx16/gettime.s:10
    fwrite.o                  common/fwrite.s:11
    fgetc.o                   ../libwrk/cx16/fgetc.s:94
    callmain.o                runtime/callmain.s:11
    _scanf.o                  ../libwrk/cx16/_scanf.s:1057
    _scanf.o                  ../libwrk/cx16/_scanf.s:1057
    _printf.o                 common/_printf.s:11
    vcprintf.o                conio/vcprintf.s:8
    puts.o                    ../libwrk/cx16/puts.s:77
    pushw.o                   runtime/pushw.s:8
    printf.o                  common/printf.s:8
    localtime.o               ../libwrk/cx16/localtime.s:53
    fgets.o                   ../libwrk/cx16/fgets.s:111
    cprintf.o                 conio/cprintf.s:8
    volumes.o                 volumes.s:884
    volumes.o                 volumes.s:884
    volumes.o                 volumes.s:884
    volumes.o                 volumes.s:884
    ci.o                      ci.s:798
    ci.o                      ci.s:798
    ci.o                      ci.s:798
    ci.o                      ci.s:798
    ci.o                      ci.s:798
    ci.o                      ci.s:798
    ci.o                      ci.s:798
    ci.o                      ci.s:798
    ci.o                      ci.s:798
    ci.o                      ci.s:798
    pause.o                   pause.s:73
    trk.o                     trk.s:512
    ttp.o                     ttp.s:722
    ttp.o                     ttp.s:722
    ttp.o                     ttp.s:722
    ttp.o                     ttp.s:722
    ttp.o                     ttp.s:722
    ttp.o                     ttp.s:722
    ttp.o                     ttp.s:722
    diskut.o                  diskut.s:217
    boot.o                    boot.s:285
    boot.o                    boot.s:285
    main.o                    main.s:82
pusheax (lpush.o):
    mktime.o                  ../libwrk/cx16/mktime.s:618
    gmtime.o                  ../libwrk/cx16/gmtime.s:92
    gettime.o                 cx16/gettime.s:10
    _scanf.o                  ../libwrk/cx16/_scanf.s:1057
    _printf.o                 common/_printf.s:11
    localtime.o               ../libwrk/cx16/localtime.s:53
    volumes.o                 volumes.s:884
    volumes.o                 volumes.s:884
    pause.o                   pause.s:73
pushw (pushw.o):
    ci.o                      ci.s:798
    ci.o                      ci.s:798
pushw0sp (pushwsp.o):
    mktime.o                  ../libwrk/cx16/mktime.s:618
    ci.o                      ci.s:798
    ci.o                      ci.s:798
    ci.o                      ci.s:798
    ci.o                      ci.s:798
    ttp.o                     ttp.s:722
    ttp.o                     ttp.s:722
    boot.o                    boot.s:285
pushwidx (pushw.o):
    ttp.o                     ttp.s:722
pushwysp (pushwsp.o):
    fwrite.o                  common/fwrite.s:11
    vfprintf.o                common/vfprintf.s:9
    puts.o                    ../libwrk/cx16/puts.s:77
    volumes.o                 volumes.s:884
    volumes.o                 volumes.s:884
    ci.o                      ci.s:798
    ci.o                      ci.s:798
    ttp.o                     ttp.s:722
    boot.o                    boot.s:285
    boot.o                    boot.s:285
regbank (zeropage.o):
    mktime.o                  ../libwrk/cx16/mktime.s:10
    fgetc.o                   ../libwrk/cx16/fgetc.s:10
    _scanf.o                  ../libwrk/cx16/_scanf.s:10
    _printf.o                 /Users/rje/git/cc65/asminc/zeropage.inc:14
    regswap2.o                runtime/regswap2.s:8
    fgets.o                   ../libwrk/cx16/fgets.s:10
regsave (zeropage.o):
    _scanf.o                  ../libwrk/cx16/_scanf.s:10
    ci.o                      ci.s:10
regswap2 (regswap2.o):
    mktime.o                  ../libwrk/cx16/mktime.s:618
    fgetc.o                   ../libwrk/cx16/fgetc.s:94
    fgets.o                   ../libwrk/cx16/fgets.s:111
return0 (return0.o):
    setjmp.o                  common/setjmp.s:10
    gettime.o                 cx16/gettime.s:10
rwcommon (rwcommon.o):
    read.o                    cbm/read.s:11
    write.o                   cbm/write.s:10
shlax1 (aslax1.o):
    trk.o                     trk.s:512
    trk.o                     trk.s:512
    trk.o                     trk.s:512
    trk.o                     trk.s:512
shlax2 (aslax2.o):
    volumes.o                 volumes.s:884
shlax4 (aslax4.o):
    volumes.o                 volumes.s:884
    trk.o                     trk.s:512
    trk.o                     trk.s:512
    trk.o                     trk.s:512
    trk.o                     trk.s:512
shrax2 (shrax2.o):
    mktime.o                  ../libwrk/cx16/mktime.s:618
sp (zeropage.o):
    lsub.o                    runtime/lsub.s:12
    sub.o                     runtime/sub.s:9
    staxspi.o                 runtime/staxspi.s:10
    setjmp.o                  common/setjmp.s:11
    mktime.o                  ../libwrk/cx16/mktime.s:10
    ludiv.o                   runtime/ludiv.s:10
    longjmp.o                 common/longjmp.s:10
    lcmp.o                    runtime/lcmp.s:10
    gmtime.o                  ../libwrk/cx16/gmtime.s:10
    fgetc.o                   ../libwrk/cx16/fgetc.s:10
    decsp6.o                  runtime/decsp6.s:8
    decsp4.o                  runtime/decsp4.s:8
    _scanf.o                  ../libwrk/cx16/_scanf.s:10
    _printf.o                 /Users/rje/git/cc65/asminc/zeropage.inc:11
    vsscanf.o                 common/vsscanf.s:12
    vfprintf.o                common/vfprintf.s:11
    vcprintf.o                conio/vcprintf.s:10
    subysp.o                  runtime/subysp.s:9
    subeqsp.o                 runtime/subeqsp.s:8
    steaxsp.o                 runtime/steaxsp.s:8
    staxsp.o                  runtime/staxsp.s:8
    staspidx.o                runtime/staspidx.s:9
    sscanf.o                  common/sscanf.s:9
    regswap2.o                runtime/regswap2.s:8
    pushwsp.o                 runtime/pushwsp.s:8
    pushax.o                  runtime/pushax.s:8
    pusha.o                   runtime/pusha.s:8
    printf.o                  common/printf.s:9
    popptr1.o                 runtime/popptr1.s:9
    popa.o                    runtime/popa.s:8
    memcpy.o                  common/memcpy.s:15
    lpush.o                   runtime/lpush.s:13
    localtime.o               ../libwrk/cx16/localtime.s:10
    lmul.o                    runtime/lmul.s:10
    leaaxsp.o                 runtime/leaaxsp.s:8
    ldeaxysp.o                runtime/ldeaxysp.s:12
    ldaxsp.o                  runtime/ldaxsp.s:8
    ladd.o                    runtime/ladd.s:9
    incsp2.o                  runtime/incsp2.s:8
    incsp1.o                  runtime/incsp1.s:8
    icmp.o                    runtime/icmp.s:9
    fgets.o                   ../libwrk/cx16/fgets.s:10
    decsp5.o                  runtime/decsp5.s:8
    decsp2.o                  runtime/decsp2.s:8
    decsp1.o                  runtime/decsp1.s:8
    crt0.o                    /Users/rje/git/cc65/asminc/zeropage.inc:11
    cprintf.o                 conio/cprintf.s:9
    addysp.o                  runtime/addysp.s:8
    addeqsp.o                 runtime/addeqsp.s:8
    add.o                     runtime/add.s:12
    volumes.o                 volumes.s:10
    ci.o                      ci.s:10
    trk.o                     trk.s:10
    ttp.o                     ttp.s:10
    common.o                  common.s:10
    boot.o                    boot.s:10
sreg (zeropage.o):
    lsub.o                    runtime/lsub.s:12
    divt.o                    common/divt.s:18
    umod.o                    runtime/umod.s:9
    tmcommon.o                cx16/tmcommon.s:9
    steaxspi.o                runtime/steaxspi.s:10
    mktime.o                  ../libwrk/cx16/mktime.s:10
    lumod.o                   runtime/lumod.s:10
    ludiv.o                   runtime/ludiv.s:10
    ltoa.o                    common/ltoa.s:11
    lneg.o                    runtime/lneg.s:11
    linc.o                    runtime/linc.s:8
    lcmp.o                    runtime/lcmp.s:10
    gmtime.o                  ../libwrk/cx16/gmtime.s:10
    _scanf.o                  ../libwrk/cx16/_scanf.s:10
    _printf.o                 /Users/rje/git/cc65/asminc/zeropage.inc:11
    udiv.o                    runtime/udiv.s:10
    time.o                    common/time.s:10
    steaxsp.o                 runtime/steaxsp.s:8
    mod.o                     runtime/mod.s:12
    lpush.o                   runtime/lpush.s:13
    localtime.o               ../libwrk/cx16/localtime.s:10
    lmul.o                    runtime/lmul.s:10
    ldeaxysp.o                runtime/ldeaxysp.s:12
    ldeaxi.o                  runtime/ldeaxi.s:8
    ladd.o                    runtime/ladd.s:9
    icmp.o                    runtime/icmp.s:9
    clock.o                   cx16/clock.s:12
    axlong.o                  runtime/axlong.s:9
    asleax2.o                 runtime/asleax2.s:8
    asleax1.o                 runtime/asleax1.s:8
    volumes.o                 volumes.s:10
    ttp.o                     ttp.s:10
    boot.o                    boot.s:10
staspidx (staspidx.o):
    ci.o                      ci.s:798
    ci.o                      ci.s:798
    ci.o                      ci.s:798
    ci.o                      ci.s:798
    boot.o                    boot.s:285
stax0sp (staxsp.o):
    mktime.o                  ../libwrk/cx16/mktime.s:618
    fgets.o                   ../libwrk/cx16/fgets.s:111
    volumes.o                 volumes.s:884
    volumes.o                 volumes.s:884
    ttp.o                     ttp.s:722
    boot.o                    boot.s:285
    boot.o                    boot.s:285
staxspidx (staxspi.o):
    mktime.o                  ../libwrk/cx16/mktime.s:618
staxysp (staxsp.o):
    mktime.o                  ../libwrk/cx16/mktime.s:618
    fgets.o                   ../libwrk/cx16/fgets.s:111
    boot.o                    boot.s:285
steax0sp (steaxsp.o):
    gmtime.o                  ../libwrk/cx16/gmtime.s:92
    localtime.o               ../libwrk/cx16/localtime.s:53
steaxspidx (steaxspi.o):
    gettime.o                 cx16/gettime.s:10
subeq0sp (subeqsp.o):
    common.o                  common.s:234
subeqysp (subeqsp.o):
    fgets.o                   ../libwrk/cx16/fgets.s:111
subysp (subysp.o):
    volumes.o                 volumes.s:884
tmp1 (zeropage.o):
    div.o                     runtime/div.s:12
    divt.o                    common/divt.s:18
    steaxspi.o                runtime/steaxspi.s:10
    staxspi.o                 runtime/staxspi.s:10
    shrax2.o                  runtime/shrax2.s:8
    read.o                    cbm/read.s:13
    mul.o                     runtime/mul.s:10
    mktime.o                  ../libwrk/cx16/mktime.s:11
    ltoa.o                    common/ltoa.s:11
    decaxy.o                  runtime/decaxy.s:8
    _printf.o                 /Users/rje/git/cc65/asminc/zeropage.inc:13
    vcprintf.o                conio/vcprintf.s:10
    time.o                    common/time.s:10
    staspidx.o                runtime/staspidx.s:9
    shelp.o                   runtime/shelp.s:12
    mod.o                     runtime/mod.s:12
    ladd.o                    runtime/ladd.s:9
    incaxy.o                  runtime/incaxy.s:8
    fgets.o                   ../libwrk/cx16/fgets.s:11
    cputs.o                   conio/cputs.s:10
    color.o                   cx16/color.s:11
    cclear.o                  cbm/cclear.s:10
    c_setlfs.o                cbm/c_setlfs.s:13
    asleax2.o                 runtime/asleax2.s:8
    asleax1.o                 runtime/asleax1.s:8
    aslax4.o                  runtime/aslax4.s:8
    aslax2.o                  runtime/aslax2.s:8
    aslax1.o                  runtime/aslax1.s:8
    volumes.o                 volumes.s:11
    ci.o                      ci.s:11
    ttp.o                     ttp.s:11
    common.o                  common.s:11
    boot.o                    boot.s:11
tmp2 (zeropage.o):
    div.o                     runtime/div.s:12
    steaxspi.o                runtime/steaxspi.s:10
    rwcommon.o                cbm/rwcommon.s:10
    read.o                    cbm/read.s:13
    time.o                    common/time.s:10
    shelp.o                   runtime/shelp.s:12
    lmul.o                    runtime/lmul.s:10
tmp3 (zeropage.o):
    steaxspi.o                runtime/steaxspi.s:10
    read.o                    cbm/read.s:13
    lumod.o                   runtime/lumod.s:10
    ludiv.o                   runtime/ludiv.s:10
    strcat.o                  common/strcat.s:10
    lmul.o                    runtime/lmul.s:10
tmp4 (zeropage.o):
    lumod.o                   runtime/lumod.s:10
    ludiv.o                   runtime/ludiv.s:10
    lmul.o                    runtime/lmul.s:10
tosaddax (add.o):
    ttp.o                     ttp.s:722
tosaddeax (ladd.o):
    mktime.o                  ../libwrk/cx16/mktime.s:618
    _scanf.o                  ../libwrk/cx16/_scanf.s:1057
    localtime.o               ../libwrk/cx16/localtime.s:53
    volumes.o                 volumes.s:884
    volumes.o                 volumes.s:884
    pause.o                   pause.s:73
tosdivax (div.o):
    divt.o                    common/divt.s:17
tosicmp (icmp.o):
    mktime.o                  ../libwrk/cx16/mktime.s:618
    ci.o                      ci.s:798
    diskut.o                  diskut.s:217
tosicmp0 (icmp.o):
    volumes.o                 volumes.s:884
    volumes.o                 volumes.s:884
    boot.o                    boot.s:285
toslcmp (lcmp.o):
    lult.o                    runtime/lult.s:8
tosmoda0 (mod.o):
    ci.o                      ci.s:798
    boot.o                    boot.s:285
tosmul0ax (lmul.o):
    gettime.o                 cx16/gettime.s:10
    volumes.o                 volumes.s:884
tosmuleax (lmul.o):
    _scanf.o                  ../libwrk/cx16/_scanf.s:1057
tossuba0 (sub.o):
    _scanf.o                  ../libwrk/cx16/_scanf.s:1057
tossubeax (lsub.o):
    mktime.o                  ../libwrk/cx16/mktime.s:618
tosudiv0ax (ludiv.o):
    gmtime.o                  ../libwrk/cx16/gmtime.s:92
tosudivax (udiv.o):
    fwrite.o                  common/fwrite.s:12
tosudiveax (ludiv.o):
    gmtime.o                  ../libwrk/cx16/gmtime.s:92
tosulteax (lult.o):
    pause.o                   pause.s:73
tosumod0ax (lumod.o):
    gmtime.o                  ../libwrk/cx16/gmtime.s:92
tosumoda0 (umod.o):
    mktime.o                  ../libwrk/cx16/mktime.s:618
    mktime.o                  ../libwrk/cx16/mktime.s:618
tosumodax (umod.o):
    mktime.o                  ../libwrk/cx16/mktime.s:618
tosumul0ax (lmul.o):
    mktime.o                  ../libwrk/cx16/mktime.s:618
tosumula0 (mul8.o):
    mktime.o                  ../libwrk/cx16/mktime.s:618
tosumulax (mul.o):
    mktime.o                  ../libwrk/cx16/mktime.s:618
    fwrite.o                  common/fwrite.s:12
tosumuleax (lmul.o):
    mktime.o                  ../libwrk/cx16/mktime.s:618
udiv16 (udiv.o):
    umod.o                    runtime/umod.s:8
    shelp.o                   runtime/shelp.s:11
udiv32 (ludiv.o):
    lumod.o                   runtime/lumod.s:9
unittab (filedes.o):
    read.o                    cbm/filedes.inc:8
zerobss (zerobss.o):
    crt0.o                    cx16/crt0.s:9

