Modules list:
-------------
main.o:
    CODE              Offs=000000  Size=000058  Align=00001  Fill=0000
    RODATA            Offs=000000  Size=000024  Align=00001  Fill=0000
common.o:
    CODE              Offs=000058  Size=0000EA  Align=00001  Fill=0000
    RODATA            Offs=000024  Size=00001B  Align=00001  Fill=0000
diskut.o:
    CODE              Offs=000142  Size=000170  Align=00001  Fill=0000
    RODATA            Offs=00003F  Size=00006B  Align=00001  Fill=0000
ttp.o:
    CODE              Offs=0002B2  Size=000433  Align=00001  Fill=0000
    RODATA            Offs=0000AA  Size=00030B  Align=00001  Fill=0000
    BSS               Offs=000000  Size=00002C  Align=00001  Fill=0000
    DATA              Offs=000000  Size=000004  Align=00001  Fill=0000
trk.o:
    CODE              Offs=0006E5  Size=000283  Align=00001  Fill=0000
    RODATA            Offs=0003B5  Size=000092  Align=00001  Fill=0000
    BSS               Offs=00002C  Size=000002  Align=00001  Fill=0000
    DATA              Offs=000004  Size=000020  Align=00001  Fill=0000
ckt.o:
pause.o:
    CODE              Offs=000968  Size=00004A  Align=00001  Fill=0000
ci.o:
    CODE              Offs=0009B2  Size=0002E6  Align=00001  Fill=0000
    RODATA            Offs=000447  Size=0001E5  Align=00001  Fill=0000
    BSS               Offs=00002E  Size=0000CC  Align=00001  Fill=0000
    DATA              Offs=000024  Size=00005C  Align=00001  Fill=0000
volumes.o:
    CODE              Offs=000C98  Size=000478  Align=00001  Fill=0000
    RODATA            Offs=00062C  Size=000153  Align=00001  Fill=0000
    BSS               Offs=0000FA  Size=000020  Align=00001  Fill=0000
    DATA              Offs=000080  Size=000010  Align=00001  Fill=0000
/Users/rje/git/cc65/lib/cx16.lib(_cursor.o):
    BSS               Offs=00011A  Size=000001  Align=00001  Fill=0000
/Users/rje/git/cc65/lib/cx16.lib(_directerrno.o):
    CODE              Offs=001110  Size=000009  Align=00001  Fill=0000
/Users/rje/git/cc65/lib/cx16.lib(_file.o):
    DATA              Offs=000090  Size=00001E  Align=00001  Fill=0000
/Users/rje/git/cc65/lib/cx16.lib(_hextab.o):
    RODATA            Offs=00077F  Size=000010  Align=00001  Fill=0000
/Users/rje/git/cc65/lib/cx16.lib(_longminstr.o):
    RODATA            Offs=00078F  Size=00000C  Align=00001  Fill=0000
/Users/rje/git/cc65/lib/cx16.lib(_mappederrno.o):
    CODE              Offs=001119  Size=00000F  Align=00001  Fill=0000
/Users/rje/git/cc65/lib/cx16.lib(_oserror.o):
    BSS               Offs=00011B  Size=000001  Align=00001  Fill=0000
/Users/rje/git/cc65/lib/cx16.lib(_printf.o):
    CODE              Offs=001128  Size=0003A5  Align=00001  Fill=0000
    BSS               Offs=00011C  Size=00002B  Align=00001  Fill=0000
    DATA              Offs=0000AE  Size=000003  Align=00001  Fill=0000
/Users/rje/git/cc65/lib/cx16.lib(_scanf.o):
    CODE              Offs=0014CD  Size=00075C  Align=00001  Fill=0000
    RODATA            Offs=00079B  Size=000010  Align=00001  Fill=0000
    BSS               Offs=000147  Size=000042  Align=00001  Fill=0000
/Users/rje/git/cc65/lib/cx16.lib(_seterrno.o):
    CODE              Offs=001C29  Size=000009  Align=00001  Fill=0000
/Users/rje/git/cc65/lib/cx16.lib(add.o):
    CODE              Offs=001C32  Size=000018  Align=00001  Fill=0000
/Users/rje/git/cc65/lib/cx16.lib(addeqsp.o):
    CODE              Offs=001C4A  Size=000011  Align=00001  Fill=0000
/Users/rje/git/cc65/lib/cx16.lib(addysp.o):
    CODE              Offs=001C5B  Size=00000E  Align=00001  Fill=0000
/Users/rje/git/cc65/lib/cx16.lib(aslax1.o):
    CODE              Offs=001C69  Size=000008  Align=00001  Fill=0000
/Users/rje/git/cc65/lib/cx16.lib(aslax2.o):
    CODE              Offs=001C71  Size=00000B  Align=00001  Fill=0000
/Users/rje/git/cc65/lib/cx16.lib(aslax4.o):
    CODE              Offs=001C7C  Size=000011  Align=00001  Fill=0000
/Users/rje/git/cc65/lib/cx16.lib(asleax1.o):
    CODE              Offs=001C8D  Size=00000C  Align=00001  Fill=0000
/Users/rje/git/cc65/lib/cx16.lib(axlong.o):
    CODE              Offs=001C99  Size=00000D  Align=00001  Fill=0000
/Users/rje/git/cc65/lib/cx16.lib(c_bsout.o):
/Users/rje/git/cc65/lib/cx16.lib(c_load.o):
    CODE              Offs=001CA6  Size=00001D  Align=00001  Fill=0000
/Users/rje/git/cc65/lib/cx16.lib(c_setlfs.o):
    CODE              Offs=001CC3  Size=00000E  Align=00001  Fill=0000
/Users/rje/git/cc65/lib/cx16.lib(c_setnam.o):
    CODE              Offs=001CD1  Size=000013  Align=00001  Fill=0000
/Users/rje/git/cc65/lib/cx16.lib(callmain.o):
    CODE              Offs=001CE4  Size=000017  Align=00001  Fill=0000
    DATA              Offs=0000B1  Size=000004  Align=00001  Fill=0000
/Users/rje/git/cc65/lib/cx16.lib(cclear.o):
    CODE              Offs=001CFB  Size=000015  Align=00001  Fill=0000
/Users/rje/git/cc65/lib/cx16.lib(cgetc.o):
    CODE              Offs=001D10  Size=000064  Align=00001  Fill=0000
/Users/rje/git/cc65/lib/cx16.lib(clock.o):
    CODE              Offs=001D74  Size=00000F  Align=00001  Fill=0000
/Users/rje/git/cc65/lib/cx16.lib(clrscr.o):
    CODE              Offs=001D83  Size=000011  Align=00001  Fill=0000
/Users/rje/git/cc65/lib/cx16.lib(color.o):
    CODE              Offs=001D94  Size=00002A  Align=00001  Fill=0000
/Users/rje/git/cc65/lib/cx16.lib(compl.o):
    CODE              Offs=001DBE  Size=000009  Align=00001  Fill=0000
/Users/rje/git/cc65/lib/cx16.lib(condes.o):
    CODE              Offs=001DC7  Size=00000C  Align=00001  Fill=0000
    DATA              Offs=0000B5  Size=000025  Align=00001  Fill=0000
    ONCE              Offs=000000  Size=00000C  Align=00001  Fill=0000
/Users/rje/git/cc65/lib/cx16.lib(cprintf.o):
    CODE              Offs=001DD3  Size=00002A  Align=00001  Fill=0000
    BSS               Offs=000189  Size=000001  Align=00001  Fill=0000
/Users/rje/git/cc65/lib/cx16.lib(cputc.o):
    CODE              Offs=001DFD  Size=00005F  Align=00001  Fill=0000
    RODATA            Offs=0007AB  Size=000008  Align=00001  Fill=0000
/Users/rje/git/cc65/lib/cx16.lib(cputs.o):
    CODE              Offs=001E5C  Size=000023  Align=00001  Fill=0000
/Users/rje/git/cc65/lib/cx16.lib(crt0.o):
    STARTUP           Offs=000000  Size=000028  Align=00001  Fill=0000
    ONCE              Offs=00000C  Size=000023  Align=00001  Fill=0000
    INIT              Offs=000000  Size=000002  Align=00001  Fill=0000
/Users/rje/git/cc65/lib/cx16.lib(ctype.o):
    RODATA            Offs=0007B3  Size=00008B  Align=00001  Fill=0000
/Users/rje/git/cc65/lib/cx16.lib(ctypemask.o):
    CODE              Offs=001E7F  Size=00001E  Align=00001  Fill=0000
/Users/rje/git/cc65/lib/cx16.lib(decax1.o):
    CODE              Offs=001E9D  Size=000007  Align=00001  Fill=0000
/Users/rje/git/cc65/lib/cx16.lib(decax4.o):
    CODE              Offs=001EA4  Size=000007  Align=00001  Fill=0000
/Users/rje/git/cc65/lib/cx16.lib(decaxy.o):
    CODE              Offs=001EAB  Size=000009  Align=00001  Fill=0000
/Users/rje/git/cc65/lib/cx16.lib(decsp1.o):
    CODE              Offs=001EB4  Size=000009  Align=00001  Fill=0000
/Users/rje/git/cc65/lib/cx16.lib(decsp2.o):
    CODE              Offs=001EBD  Size=00000D  Align=00001  Fill=0000
/Users/rje/git/cc65/lib/cx16.lib(decsp4.o):
    CODE              Offs=001ECA  Size=00000D  Align=00001  Fill=0000
/Users/rje/git/cc65/lib/cx16.lib(decsp5.o):
    CODE              Offs=001ED7  Size=00000D  Align=00001  Fill=0000
/Users/rje/git/cc65/lib/cx16.lib(decsp6.o):
    CODE              Offs=001EE4  Size=00000D  Align=00001  Fill=0000
/Users/rje/git/cc65/lib/cx16.lib(div.o):
    CODE              Offs=001EF1  Size=000015  Align=00001  Fill=0000
/Users/rje/git/cc65/lib/cx16.lib(divt.o):
    CODE              Offs=001F06  Size=000015  Align=00001  Fill=0000
/Users/rje/git/cc65/lib/cx16.lib(errno.o):
    BSS               Offs=00018A  Size=000002  Align=00001  Fill=0000
/Users/rje/git/cc65/lib/cx16.lib(exehdr.o):
    EXEHDR            Offs=000000  Size=00000C  Align=00001  Fill=0000
/Users/rje/git/cc65/lib/cx16.lib(fgetc.o):
    CODE              Offs=001F1B  Size=000084  Align=00001  Fill=0000
/Users/rje/git/cc65/lib/cx16.lib(fgets.o):
    CODE              Offs=001F9F  Size=0000A8  Align=00001  Fill=0000
/Users/rje/git/cc65/lib/cx16.lib(filedes.o):
    CODE              Offs=002047  Size=00000E  Align=00001  Fill=0000
    DATA              Offs=0000DA  Size=000010  Align=00001  Fill=0000
/Users/rje/git/cc65/lib/cx16.lib(fwrite.o):
    CODE              Offs=002055  Size=00007B  Align=00001  Fill=0000
    BSS               Offs=00018C  Size=000002  Align=00001  Fill=0000
/Users/rje/git/cc65/lib/cx16.lib(gettime.o):
    CODE              Offs=0020D0  Size=00004C  Align=00001  Fill=0000
/Users/rje/git/cc65/lib/cx16.lib(gmtime.o):
    CODE              Offs=00211C  Size=000092  Align=00001  Fill=0000
    BSS               Offs=00018E  Size=000012  Align=00001  Fill=0000
/Users/rje/git/cc65/lib/cx16.lib(gotoxy.o):
    CODE              Offs=0021AE  Size=00000F  Align=00001  Fill=0000
/Users/rje/git/cc65/lib/cx16.lib(icmp.o):
    CODE              Offs=0021BD  Size=00002E  Align=00001  Fill=0000
/Users/rje/git/cc65/lib/cx16.lib(incaxy.o):
    CODE              Offs=0021EB  Size=00000B  Align=00001  Fill=0000
/Users/rje/git/cc65/lib/cx16.lib(incsp1.o):
    CODE              Offs=0021F6  Size=000007  Align=00001  Fill=0000
/Users/rje/git/cc65/lib/cx16.lib(incsp2.o):
    CODE              Offs=0021FD  Size=000015  Align=00001  Fill=0000
/Users/rje/git/cc65/lib/cx16.lib(incsp3.o):
    CODE              Offs=002212  Size=000005  Align=00001  Fill=0000
/Users/rje/git/cc65/lib/cx16.lib(incsp4.o):
    CODE              Offs=002217  Size=000005  Align=00001  Fill=0000
/Users/rje/git/cc65/lib/cx16.lib(incsp5.o):
    CODE              Offs=00221C  Size=000005  Align=00001  Fill=0000
/Users/rje/git/cc65/lib/cx16.lib(incsp6.o):
    CODE              Offs=002221  Size=000005  Align=00001  Fill=0000
/Users/rje/git/cc65/lib/cx16.lib(incsp8.o):
    CODE              Offs=002226  Size=000005  Align=00001  Fill=0000
/Users/rje/git/cc65/lib/cx16.lib(isdigit.o):
    CODE              Offs=00222B  Size=000008  Align=00001  Fill=0000
/Users/rje/git/cc65/lib/cx16.lib(isspace.o):
    CODE              Offs=002233  Size=000008  Align=00001  Fill=0000
/Users/rje/git/cc65/lib/cx16.lib(isxdigit.o):
    CODE              Offs=00223B  Size=000008  Align=00001  Fill=0000
/Users/rje/git/cc65/lib/cx16.lib(jmpvec.o):
    DATA              Offs=0000EA  Size=000003  Align=00001  Fill=0000
/Users/rje/git/cc65/lib/cx16.lib(kbhit.o):
    CODE              Offs=002243  Size=00000E  Align=00001  Fill=0000
/Users/rje/git/cc65/lib/cx16.lib(kernal.o):
/Users/rje/git/cc65/lib/cx16.lib(ladd.o):
    CODE              Offs=002251  Size=000024  Align=00001  Fill=0000
/Users/rje/git/cc65/lib/cx16.lib(lcmp.o):
    CODE              Offs=002275  Size=00003B  Align=00001  Fill=0000
/Users/rje/git/cc65/lib/cx16.lib(ldaxi.o):
    CODE              Offs=0022B0  Size=00000D  Align=00001  Fill=0000
/Users/rje/git/cc65/lib/cx16.lib(ldaxsp.o):
    CODE              Offs=0022BD  Size=000009  Align=00001  Fill=0000
/Users/rje/git/cc65/lib/cx16.lib(ldeaxi.o):
    CODE              Offs=0022C6  Size=000017  Align=00001  Fill=0000
/Users/rje/git/cc65/lib/cx16.lib(ldeaxysp.o):
    CODE              Offs=0022DD  Size=000013  Align=00001  Fill=0000
/Users/rje/git/cc65/lib/cx16.lib(leaaxsp.o):
    CODE              Offs=0022F0  Size=00000C  Align=00001  Fill=0000
/Users/rje/git/cc65/lib/cx16.lib(linc.o):
    CODE              Offs=0022FC  Size=000011  Align=00001  Fill=0000
/Users/rje/git/cc65/lib/cx16.lib(lmul.o):
    CODE              Offs=00230D  Size=000059  Align=00001  Fill=0000
/Users/rje/git/cc65/lib/cx16.lib(lneg.o):
    CODE              Offs=002366  Size=00001E  Align=00001  Fill=0000
/Users/rje/git/cc65/lib/cx16.lib(loadaddr.o):
    LOADADDR          Offs=000000  Size=000002  Align=00001  Fill=0000
/Users/rje/git/cc65/lib/cx16.lib(localtime.o):
    CODE              Offs=002384  Size=00003B  Align=00001  Fill=0000
/Users/rje/git/cc65/lib/cx16.lib(longjmp.o):
    CODE              Offs=0023BF  Size=000028  Align=00001  Fill=0000
/Users/rje/git/cc65/lib/cx16.lib(lpush.o):
    CODE              Offs=0023E7  Size=00001E  Align=00001  Fill=0000
/Users/rje/git/cc65/lib/cx16.lib(lsub.o):
    CODE              Offs=002405  Size=000024  Align=00001  Fill=0000
/Users/rje/git/cc65/lib/cx16.lib(ltoa.o):
    CODE              Offs=002429  Size=000093  Align=00001  Fill=0000
/Users/rje/git/cc65/lib/cx16.lib(ludiv.o):
    CODE              Offs=0024BC  Size=000077  Align=00001  Fill=0000
/Users/rje/git/cc65/lib/cx16.lib(lult.o):
    CODE              Offs=002533  Size=000006  Align=00001  Fill=0000
/Users/rje/git/cc65/lib/cx16.lib(lumod.o):
    CODE              Offs=002539  Size=000017  Align=00001  Fill=0000
/Users/rje/git/cc65/lib/cx16.lib(makebool.o):
    CODE              Offs=002550  Size=00002C  Align=00001  Fill=0000
/Users/rje/git/cc65/lib/cx16.lib(memcpy.o):
    CODE              Offs=00257C  Size=00003C  Align=00001  Fill=0000
/Users/rje/git/cc65/lib/cx16.lib(mktime.o):
    CODE              Offs=0025B8  Size=0003D7  Align=00001  Fill=0000
    RODATA            Offs=00083E  Size=00002E  Align=00001  Fill=0000
/Users/rje/git/cc65/lib/cx16.lib(mod.o):
    CODE              Offs=00298F  Size=000011  Align=00001  Fill=0000
/Users/rje/git/cc65/lib/cx16.lib(mul.o):
    CODE              Offs=0029A0  Size=000045  Align=00001  Fill=0000
/Users/rje/git/cc65/lib/cx16.lib(mul8.o):
    CODE              Offs=0029E5  Size=00003A  Align=00001  Fill=0000
/Users/rje/git/cc65/lib/cx16.lib(mulax10.o):
    CODE              Offs=002A1F  Size=000019  Align=00001  Fill=0000
/Users/rje/git/cc65/lib/cx16.lib(mulax3.o):
    CODE              Offs=002A38  Size=000011  Align=00001  Fill=0000
/Users/rje/git/cc65/lib/cx16.lib(mulax5.o):
    CODE              Offs=002A49  Size=000014  Align=00001  Fill=0000
/Users/rje/git/cc65/lib/cx16.lib(negabs.o):
    CODE              Offs=002A5D  Size=000012  Align=00001  Fill=0000
/Users/rje/git/cc65/lib/cx16.lib(oserror.o):
    CODE              Offs=002A6F  Size=000016  Align=00001  Fill=0000
    RODATA            Offs=00086C  Size=00005A  Align=00001  Fill=0000
/Users/rje/git/cc65/lib/cx16.lib(popa.o):
    CODE              Offs=002A85  Size=00000A  Align=00001  Fill=0000
/Users/rje/git/cc65/lib/cx16.lib(popptr1.o):
    CODE              Offs=002A8F  Size=00000E  Align=00001  Fill=0000
/Users/rje/git/cc65/lib/cx16.lib(printf.o):
    CODE              Offs=002A9D  Size=000033  Align=00001  Fill=0000
    BSS               Offs=0001A0  Size=000001  Align=00001  Fill=0000
/Users/rje/git/cc65/lib/cx16.lib(push1.o):
    CODE              Offs=002AD0  Size=000005  Align=00001  Fill=0000
/Users/rje/git/cc65/lib/cx16.lib(pusha.o):
    CODE              Offs=002AD5  Size=000016  Align=00001  Fill=0000
/Users/rje/git/cc65/lib/cx16.lib(pushax.o):
    CODE              Offs=002AEB  Size=00001A  Align=00001  Fill=0000
/Users/rje/git/cc65/lib/cx16.lib(pushw.o):
    CODE              Offs=002B05  Size=00000F  Align=00001  Fill=0000
/Users/rje/git/cc65/lib/cx16.lib(pushwsp.o):
    CODE              Offs=002B14  Size=00001C  Align=00001  Fill=0000
/Users/rje/git/cc65/lib/cx16.lib(puts.o):
    CODE              Offs=002B30  Size=000063  Align=00001  Fill=0000
    DATA              Offs=0000ED  Size=000001  Align=00001  Fill=0000
/Users/rje/git/cc65/lib/cx16.lib(rand.o):
    CODE              Offs=002B93  Size=000034  Align=00001  Fill=0000
    DATA              Offs=0000EE  Size=000004  Align=00001  Fill=0000
/Users/rje/git/cc65/lib/cx16.lib(randomize.o):
    CODE              Offs=002BC7  Size=000006  Align=00001  Fill=0000
/Users/rje/git/cc65/lib/cx16.lib(read.o):
    CODE              Offs=002BCD  Size=00007E  Align=00001  Fill=0000
    BSS               Offs=0001A1  Size=000001  Align=00001  Fill=0000
    ONCE              Offs=00002F  Size=00000C  Align=00001  Fill=0000
/Users/rje/git/cc65/lib/cx16.lib(regswap2.o):
    CODE              Offs=002C4B  Size=000016  Align=00001  Fill=0000
/Users/rje/git/cc65/lib/cx16.lib(return0.o):
    CODE              Offs=002C61  Size=000004  Align=00001  Fill=0000
/Users/rje/git/cc65/lib/cx16.lib(revers.o):
    CODE              Offs=002C65  Size=000013  Align=00001  Fill=0000
/Users/rje/git/cc65/lib/cx16.lib(rwcommon.o):
    CODE              Offs=002C78  Size=00001A  Align=00001  Fill=0000
/Users/rje/git/cc65/lib/cx16.lib(setjmp.o):
    CODE              Offs=002C92  Size=000025  Align=00001  Fill=0000
/Users/rje/git/cc65/lib/cx16.lib(shelp.o):
    CODE              Offs=002CB7  Size=000020  Align=00001  Fill=0000
/Users/rje/git/cc65/lib/cx16.lib(shrax2.o):
    CODE              Offs=002CD7  Size=00000B  Align=00001  Fill=0000
/Users/rje/git/cc65/lib/cx16.lib(sscanf.o):
    CODE              Offs=002CE2  Size=00002B  Align=00001  Fill=0000
    BSS               Offs=0001A2  Size=000001  Align=00001  Fill=0000
/Users/rje/git/cc65/lib/cx16.lib(staspidx.o):
    CODE              Offs=002D0D  Size=000016  Align=00001  Fill=0000
/Users/rje/git/cc65/lib/cx16.lib(staxsp.o):
    CODE              Offs=002D23  Size=00000B  Align=00001  Fill=0000
/Users/rje/git/cc65/lib/cx16.lib(staxspi.o):
    CODE              Offs=002D2E  Size=00001A  Align=00001  Fill=0000
/Users/rje/git/cc65/lib/cx16.lib(steaxsp.o):
    CODE              Offs=002D48  Size=000015  Align=00001  Fill=0000
/Users/rje/git/cc65/lib/cx16.lib(steaxspi.o):
    CODE              Offs=002D5D  Size=000022  Align=00001  Fill=0000
/Users/rje/git/cc65/lib/cx16.lib(strcmp.o):
    CODE              Offs=002D7F  Size=000021  Align=00001  Fill=0000
/Users/rje/git/cc65/lib/cx16.lib(strlen.o):
    CODE              Offs=002DA0  Size=000016  Align=00001  Fill=0000
/Users/rje/git/cc65/lib/cx16.lib(strlower.o):
    CODE              Offs=002DB6  Size=000027  Align=00001  Fill=0000
/Users/rje/git/cc65/lib/cx16.lib(sub.o):
    CODE              Offs=002DDD  Size=000014  Align=00001  Fill=0000
/Users/rje/git/cc65/lib/cx16.lib(subeqsp.o):
    CODE              Offs=002DF1  Size=000015  Align=00001  Fill=0000
/Users/rje/git/cc65/lib/cx16.lib(subysp.o):
    CODE              Offs=002E06  Size=00000D  Align=00001  Fill=0000
/Users/rje/git/cc65/lib/cx16.lib(time.o):
    CODE              Offs=002E13  Size=000043  Align=00001  Fill=0000
    BSS               Offs=0001A3  Size=000008  Align=00001  Fill=0000
/Users/rje/git/cc65/lib/cx16.lib(timezone.o):
    DATA              Offs=0000F2  Size=00000F  Align=00001  Fill=0000
/Users/rje/git/cc65/lib/cx16.lib(tmcommon.o):
    CODE              Offs=002E56  Size=00000D  Align=00001  Fill=0000
    DATA              Offs=000101  Size=000012  Align=00001  Fill=0000
/Users/rje/git/cc65/lib/cx16.lib(tolower.o):
    CODE              Offs=002E63  Size=000012  Align=00001  Fill=0000
/Users/rje/git/cc65/lib/cx16.lib(toupper.o):
    CODE              Offs=002E75  Size=000012  Align=00001  Fill=0000
/Users/rje/git/cc65/lib/cx16.lib(udiv.o):
    CODE              Offs=002E87  Size=00004F  Align=00001  Fill=0000
/Users/rje/git/cc65/lib/cx16.lib(umod.o):
    CODE              Offs=002ED6  Size=000011  Align=00001  Fill=0000
/Users/rje/git/cc65/lib/cx16.lib(vcprintf.o):
    CODE              Offs=002EE7  Size=000078  Align=00001  Fill=0000
    DATA              Offs=000113  Size=000008  Align=00001  Fill=0000
/Users/rje/git/cc65/lib/cx16.lib(vfprintf.o):
    CODE              Offs=002F5F  Size=000060  Align=00001  Fill=0000
    DATA              Offs=00011B  Size=000008  Align=00001  Fill=0000
/Users/rje/git/cc65/lib/cx16.lib(vsscanf.o):
    CODE              Offs=002FBF  Size=00006D  Align=00001  Fill=0000
    RODATA            Offs=0008C6  Size=000006  Align=00001  Fill=0000
    BSS               Offs=0001AB  Size=000004  Align=00001  Fill=0000
/Users/rje/git/cc65/lib/cx16.lib(write.o):
    CODE              Offs=00302C  Size=000054  Align=00001  Fill=0000
    ONCE              Offs=00003B  Size=000011  Align=00001  Fill=0000
/Users/rje/git/cc65/lib/cx16.lib(zerobss.o):
    CODE              Offs=003080  Size=000023  Align=00001  Fill=0000
/Users/rje/git/cc65/lib/cx16.lib(zeropage.o):
    ZEROPAGE          Offs=000000  Size=00001A  Align=00001  Fill=0000


Segment list:
-------------
Name                   Start     End    Size  Align
----------------------------------------------------
ZEROPAGE              000022  00003B  00001A  00001
LOADADDR              0007FF  000800  000002  00001
EXEHDR                000801  00080C  00000C  00001
STARTUP               00080D  000834  000028  00001
CODE                  000835  0038D7  0030A3  00001
RODATA                0038D8  0041A3  0008CC  00001
DATA                  0041A4  0042C6  000123  00001
INIT                  0042C7  0042C8  000002  00001
BSS                   0042C9  004477  0001AF  00001
ONCE                  0042C9  00431A  000052  00001


Exports list by name:
---------------------
BASIN                     00FFCF RLA    BSOUT                     00FFD2 RLA    
CHKIN                     00FFC6 RLA    CHROUT                    00FFD2 RLA    
CKOUT                     00FFC9 RLA    CLOCK_GET_DATE_TIME       00FF50 RLA    
CLRCH                     00FFCC RLA    ENTROPY_GET               00FECF RLA    
GETIN                     00FFE4 RLA    LOAD                      00FFD5 RLA    
OPEN                      00FFC0 RLA    PLOT                      00FFF0 RLA    
RDTIM                     00FFDE RLA    READST                    00FFB7 RLA    
SETLFS                    00FFBA RLA    SETNAM                    00FFBD RLA    
SETTIM                    00FFDB RLA    TM                        0042A5 RLA    
__BSS_RUN__               0042C9 RLA    __BSS_SIZE__              0001AF REA    
__CONSTRUCTOR_COUNT__     000003 REA    __CONSTRUCTOR_TABLE__     004315 RLA    
__DESTRUCTOR_COUNT__      000000 REA    __DESTRUCTOR_TABLE__      0041A4 RLA    
__EXEHDR__                000001 REA    __HEADER_LAST__           00080D RLA    
__HIMEM__                 009F00 REA    __LOADADDR__              000001 REA    
__MAIN_SIZE__             0096F3 REA    __MAIN_START__            00080D RLA    
__ONCE_RUN__              0042C9 RLA    __STACKSIZE__             000800 REA    
__STARTUP__               000001 REA    __ctype                   00408B RLA    
__ctypeidx                004096 RLA    __directerrno             001945 RLA    
__errno                   004453 RLA    __hextab                  004057 RLA    
__longminstr              004067 RLA    __mappederrno             00194E RLA    
__oserror                 0043E4 RLA    __osmaperrno              0032A4 RLA    
__printf                  001A50 RLA    __randomize               0033FC RLA    
__scanf                   001D02 RLA    __seterrno                00245E RLA    
__setjmp                  0034C7 RLA    __tz                      004296 RLA    
_bgcolor                  0025DC RLA    _c1                       00439B RLA    
_c2                       0043AF RLA    _cbm_k_bsout              00FFD2 RLA    
_cbm_k_load               0024DB RLA    _cbm_k_setlfs             0024F8 RLA    
_cbm_k_setnam             002506 RLA    _cclear                   002535 RLA    
_cgetc                    002545 RLA    _ciLowerBuffer            004347 RLA    
_ci_inputToUpper          0013B2 RLA    _ci_readLine              001315 RLA    
_ci_run                   001257 RLA    _ci_toUpper               001405 RLA    
_clock                    0025B0 RLA    _clock_gettime            002905 RLA    
_clrscr                   0025B8 RLA    _cprintf                  002608 RLA    
_cputc                    002637 RLA    _cputsxy                  002691 RLA    
_diskut_run               000977 RLA    _div                      00273B RLA    
_fgetc                    002750 RLA    _fgets                    0027D4 RLA    
_fwrite                   00288A RLA    _gmtime                   002951 RLA    
_gotoxy                   0029E6 RLA    _i1                       004397 RLA    
_i2                       004399 RLA    _isdigit                  002A60 RLA    
_isspace                  002A68 RLA    _isxdigit                 002A70 RLA    
_kbhit                    002A78 RLA    _loadFile                 0008CC RLA    
_localtime                002BB9 RLA    _login                    0011E7 RLA    
_longjmp                  002BF4 RLA    _ltoa                     002C76 RLA    
_main                     000838 RLA    _memcpy                   002DB1 RLA    
_mktime                   002DED RLA    _pause                    0011C7 RLA    
_pause_long               0011D7 RLA    _printf                   0032D2 RLA    
_puts                     003365 RLA    _rand                     0033D4 RLA    
_read                     003402 RLA    _revers                   00349A RLA    
_setBank                  00088D RLA    _srand                    0033C8 RLA    
_sscanf                   003517 RLA    _stdin                    00424C RLA    
_stdout                   00424E RLA    _strcmp                   0035B4 RLA    
_strlen                   0035D5 RLA    _strlower                 0035EB RLA    
_textcolor                0025C9 RLA    _time                     003648 RLA    
_tolower                  003698 RLA    _toupper                  0036AA RLA    
_trk_getTrunkAlarmCount   000F1B RLA    _trk_getTrunkAlarmType    000FAF RLA    
_trk_getTrunkSeverity     000FC4 RLA    _trk_initTrunks           000F1A RLA    
_trk_print                0010A3 RLA    _ultoa                    002CB5 RLA    
_vcprintf                 003764 RLA    _vfprintf                 0037CB RLA    
_volumes_find             0016B5 RLA    _volumes_list             0014CD RLA    
_vsscanf                  00383F RLA    _write                    003861 RLA    
addeq0sp                  00247F RLA    addeqysp                  002481 RLA    
addysp                    002491 RLA    addysp1                   002490 RLA    
aslax1                    00249E RLA    aslax2                    0024A6 RLA    
aslax4                    0024B1 RLA    axlong                    0024CE RLA    
axulong                   0024D4 RLA    booleq                    002D8B RLA    
boolult                   002DA4 RLA    callmain                  002519 RLA    
complax                   0025F3 RLA    cputdirect                00264A RLA    
ctypemask                 0026B4 RLA    ctypemaskdirect           0026B8 RLA    
cursor                    0043E3 RLA    decax1                    0026D2 RLA    
decax4                    0026D9 RLA    decaxy                    0026E0 RLA    
decsp1                    0026E9 RLA    decsp2                    0026F2 RLA    
decsp4                    0026FF RLA    decsp5                    00270C RLA    
decsp6                    002719 RLA    donelib                   0025FC RLA    
fdtab                     00427E RLA    getlop                    002D00 RLA    
gotoxy                    0029E3 RLA    incax4                    002A20 RLA    
incaxy                    002A22 RLA    inceaxy                   002B31 RLA    
incsp1                    002A2B RLA    incsp2                    002A39 RLA    
incsp3                    002A47 RLA    incsp4                    002A4C RLA    
incsp5                    002A51 RLA    incsp6                    002A56 RLA    
incsp8                    002A5B RLA    initclock                 0025A9  LAI   
initlib                   0042C9 RLA    initstdin                 0042F8  LAI   
initstdout                004304  LAI   jmpvec                    00428E RLA    
ldax0sp                   002AF2 RLA    ldaxi                     002AE5 RLA    
ldaxysp                   002AF4 RLA    ldeax0sp                  002B12 RLA    
ldeaxi                    002AFB RLA    ldeaxidx                  002AFD RLA    
ldeaxysp                  002B14 RLA    leaa0sp                   002B25 RLA    
load_jiffy                00368B RLA    mul8x16                   00321C RLA    
mul8x16a                  003226 RLA    mulax10                   003254 RLA    
mulax3                    00326D RLA    mulax5                    00327E RLA    
negax                     003296 RLA    negeax                    002B9B RLA    
plot                      002663 RLA    popa                      0032BA RLA    
popax                     002A32 RLA    popptr1                   0032C4 RLA    
popsargsudiv16            0034EC RLA    ptr1                      00002A RLZ    
ptr2                      00002C RLZ    ptr3                      00002E RLZ    
ptr4                      000030 RLZ    push0                     003320 RLA    
push1                     003305 RLA    pusha                     00330E RLA    
pusha0                    003322 RLA    pushax                    003324 RLA    
pusheax                   002C23 RLA    pushw                     00333A RLA    
pushw0sp                  003349 RLA    pushwidx                  00333C RLA    
pushwysp                  00334B RLA    regbank                   000036 RLZ    
regsave                   000026 RLZ    regswap2                  003480 RLA    
return0                   003496 RLA    rwcommon                  0034AD RLA    
shlax1                    00249E RLA    shlax4                    0024B1 RLA    
shleax1                   0024C2 RLA    shrax2                    00350C RLA    
sp                        000022 RLZ    sreg                      000024 RLZ    
staspidx                  003542 RLA    stax0sp                   003558 RLA    
staxspidx                 003563 RLA    staxysp                   00355A RLA    
steax0sp                  00357D RLA    steaxspidx                003592 RLA    
subeq0sp                  003626 RLA    subeqysp                  003628 RLA    
subysp                    00363B RLA    tmp1                      000032 RLZ    
tmp2                      000033 RLZ    tmp3                      000034 RLZ    
tmp4                      000035 RLZ    tosaddax                  002469 RLA    
tosaddeax                 002A8C RLA    tosdivax                  002728 RLA    
tosicmp                   0029F4 RLA    tosicmp0                  0029F2 RLA    
toslcmp                   002AAA RLA    tosmoda0                  0031C4 RLA    
tosmul0ax                 002B42 RLA    tosmuleax                 002B46 RLA    
tossuba0                  003612 RLA    tossubeax                 002C3E RLA    
tosudiv0ax                002CF1 RLA    tosudivax                 0036BE RLA    
tosudiveax                002CF5 RLA    tosulteax                 002D68 RLA    
tosumod0ax                002D6E RLA    tosumoda0                 00370B RLA    
tosumodax                 00370D RLA    tosumul0ax                002B42 RLA    
tosumula0                 00321A RLA    tosumulax                 0031D5 RLA    
tosumuleax                002B46 RLA    udiv16                    0036CD RLA    
udiv32                    002D23 RLA    unittab                   004286 RLA    
zerobss                   0038B5 RLA    


Exports list by value:
----------------------
__DESTRUCTOR_COUNT__      000000 REA    __STARTUP__               000001 REA    
__EXEHDR__                000001 REA    __LOADADDR__              000001 REA    
__CONSTRUCTOR_COUNT__     000003 REA    sp                        000022 RLZ    
sreg                      000024 RLZ    regsave                   000026 RLZ    
ptr1                      00002A RLZ    ptr2                      00002C RLZ    
ptr3                      00002E RLZ    ptr4                      000030 RLZ    
tmp1                      000032 RLZ    tmp2                      000033 RLZ    
tmp3                      000034 RLZ    tmp4                      000035 RLZ    
regbank                   000036 RLZ    __BSS_SIZE__              0001AF REA    
__STACKSIZE__             000800 REA    __HEADER_LAST__           00080D RLA    
__MAIN_START__            00080D RLA    _main                     000838 RLA    
_setBank                  00088D RLA    _loadFile                 0008CC RLA    
_diskut_run               000977 RLA    _trk_initTrunks           000F1A RLA    
_trk_getTrunkAlarmCount   000F1B RLA    _trk_getTrunkAlarmType    000FAF RLA    
_trk_getTrunkSeverity     000FC4 RLA    _trk_print                0010A3 RLA    
_pause                    0011C7 RLA    _pause_long               0011D7 RLA    
_login                    0011E7 RLA    _ci_run                   001257 RLA    
_ci_readLine              001315 RLA    _ci_inputToUpper          0013B2 RLA    
_ci_toUpper               001405 RLA    _volumes_list             0014CD RLA    
_volumes_find             0016B5 RLA    __directerrno             001945 RLA    
__mappederrno             00194E RLA    __printf                  001A50 RLA    
__scanf                   001D02 RLA    __seterrno                00245E RLA    
tosaddax                  002469 RLA    addeq0sp                  00247F RLA    
addeqysp                  002481 RLA    addysp1                   002490 RLA    
addysp                    002491 RLA    aslax1                    00249E RLA    
shlax1                    00249E RLA    aslax2                    0024A6 RLA    
shlax4                    0024B1 RLA    aslax4                    0024B1 RLA    
shleax1                   0024C2 RLA    axlong                    0024CE RLA    
axulong                   0024D4 RLA    _cbm_k_load               0024DB RLA    
_cbm_k_setlfs             0024F8 RLA    _cbm_k_setnam             002506 RLA    
callmain                  002519 RLA    _cclear                   002535 RLA    
_cgetc                    002545 RLA    initclock                 0025A9  LAI   
_clock                    0025B0 RLA    _clrscr                   0025B8 RLA    
_textcolor                0025C9 RLA    _bgcolor                  0025DC RLA    
complax                   0025F3 RLA    donelib                   0025FC RLA    
_cprintf                  002608 RLA    _cputc                    002637 RLA    
cputdirect                00264A RLA    plot                      002663 RLA    
_cputsxy                  002691 RLA    ctypemask                 0026B4 RLA    
ctypemaskdirect           0026B8 RLA    decax1                    0026D2 RLA    
decax4                    0026D9 RLA    decaxy                    0026E0 RLA    
decsp1                    0026E9 RLA    decsp2                    0026F2 RLA    
decsp4                    0026FF RLA    decsp5                    00270C RLA    
decsp6                    002719 RLA    tosdivax                  002728 RLA    
_div                      00273B RLA    _fgetc                    002750 RLA    
_fgets                    0027D4 RLA    _fwrite                   00288A RLA    
_clock_gettime            002905 RLA    _gmtime                   002951 RLA    
gotoxy                    0029E3 RLA    _gotoxy                   0029E6 RLA    
tosicmp0                  0029F2 RLA    tosicmp                   0029F4 RLA    
incax4                    002A20 RLA    incaxy                    002A22 RLA    
incsp1                    002A2B RLA    popax                     002A32 RLA    
incsp2                    002A39 RLA    incsp3                    002A47 RLA    
incsp4                    002A4C RLA    incsp5                    002A51 RLA    
incsp6                    002A56 RLA    incsp8                    002A5B RLA    
_isdigit                  002A60 RLA    _isspace                  002A68 RLA    
_isxdigit                 002A70 RLA    _kbhit                    002A78 RLA    
tosaddeax                 002A8C RLA    toslcmp                   002AAA RLA    
ldaxi                     002AE5 RLA    ldax0sp                   002AF2 RLA    
ldaxysp                   002AF4 RLA    ldeaxi                    002AFB RLA    
ldeaxidx                  002AFD RLA    ldeax0sp                  002B12 RLA    
ldeaxysp                  002B14 RLA    leaa0sp                   002B25 RLA    
inceaxy                   002B31 RLA    tosumul0ax                002B42 RLA    
tosmul0ax                 002B42 RLA    tosmuleax                 002B46 RLA    
tosumuleax                002B46 RLA    negeax                    002B9B RLA    
_localtime                002BB9 RLA    _longjmp                  002BF4 RLA    
pusheax                   002C23 RLA    tossubeax                 002C3E RLA    
_ltoa                     002C76 RLA    _ultoa                    002CB5 RLA    
tosudiv0ax                002CF1 RLA    tosudiveax                002CF5 RLA    
getlop                    002D00 RLA    udiv32                    002D23 RLA    
tosulteax                 002D68 RLA    tosumod0ax                002D6E RLA    
booleq                    002D8B RLA    boolult                   002DA4 RLA    
_memcpy                   002DB1 RLA    _mktime                   002DED RLA    
tosmoda0                  0031C4 RLA    tosumulax                 0031D5 RLA    
tosumula0                 00321A RLA    mul8x16                   00321C RLA    
mul8x16a                  003226 RLA    mulax10                   003254 RLA    
mulax3                    00326D RLA    mulax5                    00327E RLA    
negax                     003296 RLA    __osmaperrno              0032A4 RLA    
popa                      0032BA RLA    popptr1                   0032C4 RLA    
_printf                   0032D2 RLA    push1                     003305 RLA    
pusha                     00330E RLA    push0                     003320 RLA    
pusha0                    003322 RLA    pushax                    003324 RLA    
pushw                     00333A RLA    pushwidx                  00333C RLA    
pushw0sp                  003349 RLA    pushwysp                  00334B RLA    
_puts                     003365 RLA    _srand                    0033C8 RLA    
_rand                     0033D4 RLA    __randomize               0033FC RLA    
_read                     003402 RLA    regswap2                  003480 RLA    
return0                   003496 RLA    _revers                   00349A RLA    
rwcommon                  0034AD RLA    __setjmp                  0034C7 RLA    
popsargsudiv16            0034EC RLA    shrax2                    00350C RLA    
_sscanf                   003517 RLA    staspidx                  003542 RLA    
stax0sp                   003558 RLA    staxysp                   00355A RLA    
staxspidx                 003563 RLA    steax0sp                  00357D RLA    
steaxspidx                003592 RLA    _strcmp                   0035B4 RLA    
_strlen                   0035D5 RLA    _strlower                 0035EB RLA    
tossuba0                  003612 RLA    subeq0sp                  003626 RLA    
subeqysp                  003628 RLA    subysp                    00363B RLA    
_time                     003648 RLA    load_jiffy                00368B RLA    
_tolower                  003698 RLA    _toupper                  0036AA RLA    
tosudivax                 0036BE RLA    udiv16                    0036CD RLA    
tosumoda0                 00370B RLA    tosumodax                 00370D RLA    
_vcprintf                 003764 RLA    _vfprintf                 0037CB RLA    
_vsscanf                  00383F RLA    _write                    003861 RLA    
zerobss                   0038B5 RLA    __hextab                  004057 RLA    
__longminstr              004067 RLA    __ctype                   00408B RLA    
__ctypeidx                004096 RLA    __DESTRUCTOR_TABLE__      0041A4 RLA    
_stdin                    00424C RLA    _stdout                   00424E RLA    
fdtab                     00427E RLA    unittab                   004286 RLA    
jmpvec                    00428E RLA    __tz                      004296 RLA    
TM                        0042A5 RLA    __BSS_RUN__               0042C9 RLA    
initlib                   0042C9 RLA    __ONCE_RUN__              0042C9 RLA    
initstdin                 0042F8  LAI   initstdout                004304  LAI   
__CONSTRUCTOR_TABLE__     004315 RLA    _ciLowerBuffer            004347 RLA    
_i1                       004397 RLA    _i2                       004399 RLA    
_c1                       00439B RLA    _c2                       0043AF RLA    
cursor                    0043E3 RLA    __oserror                 0043E4 RLA    
__errno                   004453 RLA    __MAIN_SIZE__             0096F3 REA    
__HIMEM__                 009F00 REA    ENTROPY_GET               00FECF RLA    
CLOCK_GET_DATE_TIME       00FF50 RLA    READST                    00FFB7 RLA    
SETLFS                    00FFBA RLA    SETNAM                    00FFBD RLA    
OPEN                      00FFC0 RLA    CHKIN                     00FFC6 RLA    
CKOUT                     00FFC9 RLA    CLRCH                     00FFCC RLA    
BASIN                     00FFCF RLA    CHROUT                    00FFD2 RLA    
_cbm_k_bsout              00FFD2 RLA    BSOUT                     00FFD2 RLA    
LOAD                      00FFD5 RLA    SETTIM                    00FFDB RLA    
RDTIM                     00FFDE RLA    GETIN                     00FFE4 RLA    
PLOT                      00FFF0 RLA    


Imports list:
-------------
BASIN (kernal.o):
    read.o                    cbm/cbm.inc:47
BSOUT (kernal.o):
    read.o                    cbm/cbm.inc:49
    write.o                   cbm/cbm.inc:49
    c_bsout.o                 cbm/cbm.inc:49
CHKIN (kernal.o):
    read.o                    cbm/cbm.inc:44
CHROUT (kernal.o):
    crt0.o                    cx16/crt0.s:10
    clrscr.o                  cx16/clrscr.s:10
    c_bsout.o                 cbm/cbm.inc:50
CKOUT (kernal.o):
    write.o                   cbm/cbm.inc:45
CLOCK_GET_DATE_TIME (kernal.o):
    gettime.o                 cx16/gettime.s:12
CLRCH (kernal.o):
    read.o                    cbm/cbm.inc:46
    write.o                   cbm/cbm.inc:46
ENTROPY_GET (kernal.o):
    randomize.o               cx16/randomize.s:10
GETIN (kernal.o):
    cgetc.o                   cx16/cgetc.s:10
LOAD (kernal.o):
    c_load.o                  cbm/cbm.inc:37
OPEN (kernal.o):
    read.o                    cbm/cbm.inc:35
    write.o                   cbm/cbm.inc:35
PLOT (kernal.o):
    cputc.o                   cx16/cputc.s:11
RDTIM (kernal.o):
    clock.o                   cx16/clock.s:11
READST (kernal.o):
    read.o                    cbm/cbm.inc:32
    write.o                   cbm/cbm.inc:32
SETLFS (kernal.o):
    read.o                    cbm/cbm.inc:33
    write.o                   cbm/cbm.inc:33
    c_setlfs.o                cbm/cbm.inc:33
SETNAM (kernal.o):
    c_setnam.o                cbm/cbm.inc:34
SETTIM (kernal.o):
    clock.o                   cx16/clock.s:11
TM (tmcommon.o):
    gettime.o                 cx16/gettime.s:11
__BSS_RUN__ ([linker generated]):
    zerobss.o                 common/zerobss.s:8
__BSS_SIZE__ ([linker generated]):
    zerobss.o                 common/zerobss.s:8
__CONSTRUCTOR_COUNT__ ([linker generated]):
    condes.o                  runtime/condes.s:18
__CONSTRUCTOR_TABLE__ ([linker generated]):
    condes.o                  runtime/condes.s:18
__DESTRUCTOR_COUNT__ ([linker generated]):
    condes.o                  runtime/condes.s:19
__DESTRUCTOR_TABLE__ ([linker generated]):
    condes.o                  runtime/condes.s:19
__EXEHDR__ (exehdr.o):
    [linker generated]        /Users/rje/git/cc65/cfg/cx16.cfg:6
__HEADER_LAST__ ([linker generated]):
    [linker generated]        /Users/rje/git/cc65/cfg/cx16.cfg:14
    [linker generated]        /Users/rje/git/cc65/cfg/cx16.cfg:14
__HIMEM__ ([linker generated]):
    [linker generated]        /Users/rje/git/cc65/cfg/cx16.cfg:15
    [linker generated]        /Users/rje/git/cc65/cfg/cx16.cfg:14
__LOADADDR__ (loadaddr.o):
    [linker generated]        /Users/rje/git/cc65/cfg/cx16.cfg:5
__MAIN_SIZE__ ([linker generated]):
    crt0.o                    cx16/crt0.s:11
__MAIN_START__ ([linker generated]):
    crt0.o                    cx16/crt0.s:11
__ONCE_RUN__ ([linker generated]):
    [linker generated]        /Users/rje/git/cc65/cfg/cx16.cfg:15
    [linker generated]        /Users/rje/git/cc65/cfg/cx16.cfg:15
__STACKSIZE__ ([linker generated]):
    [linker generated]        /Users/rje/git/cc65/cfg/cx16.cfg:15
__STARTUP__ (crt0.o):
    main.o                    main.s:13
__ctype (ctype.o):
    ctypemask.o               common/ctypemask.s:23
__ctypeidx (ctype.o):
    ctypemask.o               common/ctypemask.s:24
__directerrno (_directerrno.o):
    read.o                    /Users/rje/git/cc65/asminc/errno.inc:10
    write.o                   /Users/rje/git/cc65/asminc/errno.inc:10
__errno (errno.o):
    _seterrno.o               /Users/rje/git/cc65/asminc/errno.inc:7
__hextab (_hextab.o):
    ltoa.o                    common/ltoa.s:10
__longminstr (_longminstr.o):
    ltoa.o                    common/ltoa.s:10
__mappederrno (_mappederrno.o):
    read.o                    /Users/rje/git/cc65/asminc/errno.inc:10
    write.o                   /Users/rje/git/cc65/asminc/errno.inc:10
__oserror (_oserror.o):
    read.o                    /Users/rje/git/cc65/asminc/errno.inc:7
    _mappederrno.o            /Users/rje/git/cc65/asminc/errno.inc:7
    _directerrno.o            /Users/rje/git/cc65/asminc/errno.inc:7
    write.o                   /Users/rje/git/cc65/asminc/errno.inc:7
    c_load.o                  cbm/c_load.s:10
__osmaperrno (oserror.o):
    _mappederrno.o            /Users/rje/git/cc65/asminc/errno.inc:8
__printf (_printf.o):
    vfprintf.o                common/vfprintf.s:10
    vcprintf.o                conio/vcprintf.s:9
__randomize (randomize.o):
    ci.o                      ci.s:15
__scanf (_scanf.o):
    vsscanf.o                 common/vsscanf.s:11
__seterrno (_seterrno.o):
    fwrite.o                  /Users/rje/git/cc65/asminc/errno.inc:9
    _scanf.o                  ../libwrk/cx16/_scanf.s:16
    _mappederrno.o            /Users/rje/git/cc65/asminc/errno.inc:9
    _directerrno.o            /Users/rje/git/cc65/asminc/errno.inc:9
    fgets.o                   ../libwrk/cx16/fgets.s:15
__setjmp (setjmp.o):
    _scanf.o                  ../libwrk/cx16/_scanf.s:14
__tz (timezone.o):
    mktime.o                  ../libwrk/cx16/mktime.s:14
    localtime.o               ../libwrk/cx16/localtime.s:13
_bgcolor (color.o):
    main.o                    main.s:19
_c1 (ci.o):
    diskut.o                  diskut.s:21
_c2 (ci.o):
    diskut.o                  diskut.s:22
_cbm_k_bsout (c_bsout.o):
    common.o                  common.s:13
_cbm_k_load (c_load.o):
    common.o                  common.s:14
    main.o                    main.s:14
_cbm_k_setlfs (c_setlfs.o):
    common.o                  common.s:15
    main.o                    main.s:15
_cbm_k_setnam (c_setnam.o):
    common.o                  common.s:16
    main.o                    main.s:16
_cclear (cclear.o):
    ttp.o                     ttp.s:18
_cgetc (cgetc.o):
    ci.o                      ci.s:13
    common.o                  common.s:19
_ciLowerBuffer (ci.o):
    diskut.o                  diskut.s:18
_ci_inputToUpper (ci.o):
    volumes.o                 volumes.s:19
_ci_readLine (ci.o):
    main.o                    main.s:24
_ci_run (ci.o):
    main.o                    main.s:23
_ci_toUpper (ci.o):
    volumes.o                 volumes.s:20
    diskut.o                  diskut.s:15
_clock (clock.o):
    pause.o                   pause.s:13
_clock_gettime (gettime.o):
    time.o                    /Users/rje/git/cc65/asminc/time.inc:65
_clrscr (clrscr.o):
    ttp.o                     ttp.s:13
    common.o                  common.s:17
    main.o                    main.s:17
_cprintf (cprintf.o):
    trk.o                     trk.s:13
    ttp.o                     ttp.s:16
_cputc (cputc.o):
    vcprintf.o                conio/vcprintf.s:9
    cputs.o                   conio/cputs.s:9
_cputsxy (cputs.o):
    ttp.o                     ttp.s:15
    common.o                  common.s:18
_diskut_run (diskut.o):
    ci.o                      ci.s:34
_div (divt.o):
    mktime.o                  ../libwrk/cx16/mktime.s:13
_fgetc (fgetc.o):
    fgets.o                   ../libwrk/cx16/fgets.s:13
_fgets (fgets.o):
    ci.o                      ci.s:17
    ttp.o                     ttp.s:20
_fwrite (fwrite.o):
    vfprintf.o                common/vfprintf.s:10
_gmtime (gmtime.o):
    localtime.o               ../libwrk/cx16/localtime.s:14
_gotoxy (gotoxy.o):
    ttp.o                     ttp.s:14
_i1 (ci.o):
    diskut.o                  diskut.s:19
_i2 (ci.o):
    diskut.o                  diskut.s:20
_isdigit (isdigit.o):
    _scanf.o                  ../libwrk/cx16/_scanf.s:17
_isspace (isspace.o):
    _scanf.o                  ../libwrk/cx16/_scanf.s:18
_isxdigit (isxdigit.o):
    _scanf.o                  ../libwrk/cx16/_scanf.s:19
_kbhit (kbhit.o):
    cgetc.o                   cx16/cgetc.s:10
_loadFile (common.o):
    main.o                    main.s:20
_localtime (localtime.o):
    ttp.o                     ttp.s:24
_login (ci.o):
    main.o                    main.s:22
_longjmp (longjmp.o):
    _scanf.o                  ../libwrk/cx16/_scanf.s:15
_ltoa (ltoa.o):
    _printf.o                 common/_printf.s:12
_main (main.o):
    callmain.o                runtime/callmain.s:11
_memcpy (memcpy.o):
    volumes.o                 volumes.s:651
_mktime (mktime.o):
    gmtime.o                  ../libwrk/cx16/gmtime.s:14
    gettime.o                 /Users/rje/git/cc65/asminc/time.inc:68
_pause (pause.o):
    ci.o                      ci.s:32
    ttp.o                     ttp.s:38
_pause_long (pause.o):
    ci.o                      ci.s:33
_printf (printf.o):
    volumes.o                 volumes.s:13
    ci.o                      ci.s:18
_puts (puts.o):
    volumes.o                 volumes.s:14
    ci.o                      ci.s:19
_rand (rand.o):
    ci.o                      ci.s:14
    pause.o                   pause.s:14
_read (read.o):
    fgetc.o                   ../libwrk/cx16/fgetc.s:14
_revers (revers.o):
    ttp.o                     ttp.s:17
_setBank (common.o):
    volumes.o                 volumes.s:16
_srand (rand.o):
    randomize.o               cx16/randomize.s:10
_sscanf (sscanf.o):
    ttp.o                     ttp.s:21
    diskut.o                  diskut.s:13
_stdin (_file.o):
    ci.o                      ci.s:16
    ttp.o                     ttp.s:19
_stdout (_file.o):
    puts.o                    ../libwrk/cx16/puts.s:13
    printf.o                  common/printf.s:8
_strcmp (strcmp.o):
    volumes.o                 volumes.s:15
    ci.o                      ci.s:20
    ttp.o                     ttp.s:22
_strlen (strlen.o):
    _printf.o                 common/_printf.s:13
    puts.o                    ../libwrk/cx16/puts.s:15
    ttp.o                     ttp.s:23
_strlower (strlower.o):
    _printf.o                 common/_printf.s:13
_textcolor (color.o):
    main.o                    main.s:18
_time (time.o):
    ttp.o                     ttp.s:25
_tolower (tolower.o):
    _scanf.o                  ../libwrk/cx16/_scanf.s:20
    ci.o                      ci.s:23
_toupper (toupper.o):
    ci.o                      ci.s:22
_trk_getTrunkAlarmCount (trk.o):
    ttp.o                     ttp.s:34
_trk_getTrunkAlarmType (trk.o):
    ttp.o                     ttp.s:35
_trk_getTrunkSeverity (trk.o):
    ttp.o                     ttp.s:36
_trk_initTrunks (trk.o):
    main.o                    main.s:21
_trk_print (trk.o):
    ttp.o                     ttp.s:37
_ultoa (ltoa.o):
    _printf.o                 common/_printf.s:12
_vcprintf (vcprintf.o):
    cprintf.o                 conio/cprintf.s:8
_vfprintf (vfprintf.o):
    printf.o                  common/printf.s:8
_volumes_find (volumes.o):
    diskut.o                  diskut.s:17
_volumes_list (volumes.o):
    diskut.o                  diskut.s:16
_vsscanf (vsscanf.o):
    sscanf.o                  common/sscanf.s:8
_write (write.o):
    fwrite.o                  common/fwrite.s:10
    puts.o                    ../libwrk/cx16/puts.s:16
addeq0sp (addeqsp.o):
    ttp.o                     ttp.s:722
addeqysp (addeqsp.o):
    fgets.o                   ../libwrk/cx16/fgets.s:111
    ci.o                      ci.s:623
    ci.o                      ci.s:623
    ci.o                      ci.s:623
    ci.o                      ci.s:623
addysp (addysp.o):
    mktime.o                  ../libwrk/cx16/mktime.s:618
    incsp8.o                  runtime/incsp8.s:8
    fwrite.o                  common/fwrite.s:11
    sscanf.o                  common/sscanf.s:8
    printf.o                  common/printf.s:8
    incsp6.o                  runtime/incsp6.s:8
    incsp5.o                  runtime/incsp5.s:8
    incsp4.o                  runtime/incsp4.s:8
    incsp3.o                  runtime/incsp3.s:8
    fgets.o                   ../libwrk/cx16/fgets.s:111
    cprintf.o                 conio/cprintf.s:8
    volumes.o                 volumes.s:651
addysp1 (addysp.o):
    lsub.o                    runtime/lsub.s:11
    sub.o                     runtime/sub.s:8
    ludiv.o                   runtime/ludiv.s:9
    lmul.o                    runtime/lmul.s:9
    ladd.o                    runtime/ladd.s:8
aslax1 (aslax1.o):
    mktime.o                  ../libwrk/cx16/mktime.s:618
    volumes.o                 volumes.s:651
    ttp.o                     ttp.s:722
    ttp.o                     ttp.s:722
    ttp.o                     ttp.s:722
    ttp.o                     ttp.s:722
aslax2 (aslax2.o):
    volumes.o                 volumes.s:651
    volumes.o                 volumes.s:651
aslax4 (aslax4.o):
    volumes.o                 volumes.s:651
    ttp.o                     ttp.s:722
    ttp.o                     ttp.s:722
    ttp.o                     ttp.s:722
    ttp.o                     ttp.s:722
axlong (axlong.o):
    _printf.o                 common/_printf.s:11
    volumes.o                 volumes.s:651
axulong (axlong.o):
    mktime.o                  ../libwrk/cx16/mktime.s:618
    _scanf.o                  ../libwrk/cx16/_scanf.s:1057
    _scanf.o                  ../libwrk/cx16/_scanf.s:1057
    _printf.o                 common/_printf.s:11
    pause.o                   pause.s:84
booleq (makebool.o):
    _scanf.o                  ../libwrk/cx16/_scanf.s:1057
boolult (makebool.o):
    lult.o                    runtime/lult.s:8
callmain (callmain.o):
    crt0.o                    cx16/crt0.s:9
complax (compl.o):
    _scanf.o                  ../libwrk/cx16/_scanf.s:1057
cputdirect (cputc.o):
    cclear.o                  cbm/cclear.s:9
ctypemask (ctypemask.o):
    isxdigit.o                common/isxdigit.s:15
    isspace.o                 common/isspace.s:15
    isdigit.o                 common/isdigit.s:15
ctypemaskdirect (ctypemask.o):
    strlower.o                common/strlower.s:14
    toupper.o                 common/toupper.s:15
    tolower.o                 common/tolower.s:15
cursor (_cursor.o):
    cgetc.o                   cx16/cgetc.s:10
decax1 (decax1.o):
    mktime.o                  ../libwrk/cx16/mktime.s:618
    ci.o                      ci.s:623
    ttp.o                     ttp.s:722
decax4 (decax4.o):
    volumes.o                 volumes.s:651
decaxy (decaxy.o):
    mktime.o                  ../libwrk/cx16/mktime.s:618
    _scanf.o                  ../libwrk/cx16/_scanf.s:1057
decsp1 (decsp1.o):
    fgetc.o                   ../libwrk/cx16/fgetc.s:94
    time.o                    common/time.s:9
    trk.o                     trk.s:512
    common.o                  common.s:234
decsp2 (decsp2.o):
    ttp.o                     ttp.s:722
decsp4 (decsp4.o):
    mktime.o                  ../libwrk/cx16/mktime.s:618
    gmtime.o                  ../libwrk/cx16/gmtime.s:92
    sscanf.o                  common/sscanf.s:8
    lpush.o                   runtime/lpush.s:12
    localtime.o               ../libwrk/cx16/localtime.s:53
    fgets.o                   ../libwrk/cx16/fgets.s:111
decsp5 (decsp5.o):
    trk.o                     trk.s:512
decsp6 (decsp6.o):
    _printf.o                 common/_printf.s:11
donelib (condes.o):
    crt0.o                    cx16/crt0.s:8
fdtab (filedes.o):
    read.o                    cbm/filedes.inc:7
    write.o                   cbm/filedes.inc:7
getlop (ludiv.o):
    lumod.o                   runtime/lumod.s:9
gotoxy (gotoxy.o):
    cputs.o                   conio/cputs.s:9
    cputc.o                   cx16/cputc.s:11
    cclear.o                  cbm/cclear.s:9
incax4 (incaxy.o):
    mktime.o                  ../libwrk/cx16/mktime.s:618
incaxy (incaxy.o):
    volumes.o                 volumes.s:651
    volumes.o                 volumes.s:651
    ttp.o                     ttp.s:722
inceaxy (linc.o):
    gmtime.o                  ../libwrk/cx16/gmtime.s:92
incsp1 (incsp1.o):
    gettime.o                 cx16/gettime.s:10
    _scanf.o                  ../libwrk/cx16/_scanf.s:1057
    _scanf.o                  ../libwrk/cx16/_scanf.s:1057
    _scanf.o                  ../libwrk/cx16/_scanf.s:1057
    _scanf.o                  ../libwrk/cx16/_scanf.s:1057
    _scanf.o                  ../libwrk/cx16/_scanf.s:1057
    ci.o                      ci.s:623
    trk.o                     trk.s:512
    trk.o                     trk.s:512
    ttp.o                     ttp.s:722
    common.o                  common.s:234
    common.o                  common.s:234
    common.o                  common.s:234
    common.o                  common.s:234
incsp2 (incsp2.o):
    staxspi.o                 runtime/staxspi.s:9
    mktime.o                  ../libwrk/cx16/mktime.s:618
    staspidx.o                runtime/staspidx.s:8
    puts.o                    ../libwrk/cx16/puts.s:77
    popptr1.o                 runtime/popptr1.s:8
    ci.o                      ci.s:623
    ci.o                      ci.s:623
    trk.o                     trk.s:512
    trk.o                     trk.s:512
    ttp.o                     ttp.s:722
    ttp.o                     ttp.s:722
    ttp.o                     ttp.s:722
    ttp.o                     ttp.s:722
    ttp.o                     ttp.s:722
incsp3 (incsp3.o):
    fgetc.o                   ../libwrk/cx16/fgetc.s:94
    ttp.o                     ttp.s:722
    common.o                  common.s:234
    common.o                  common.s:234
    common.o                  common.s:234
incsp4 (incsp4.o):
    lcmp.o                    runtime/lcmp.s:9
    volumes.o                 volumes.s:651
    ci.o                      ci.s:623
    ci.o                      ci.s:623
    ttp.o                     ttp.s:722
incsp5 (incsp5.o):
    trk.o                     trk.s:512
incsp6 (incsp6.o):
    gmtime.o                  ../libwrk/cx16/gmtime.s:92
    fwrite.o                  common/fwrite.s:11
    vfprintf.o                common/vfprintf.s:9
    localtime.o               ../libwrk/cx16/localtime.s:53
    pause.o                   pause.s:84
incsp8 (incsp8.o):
    _scanf.o                  ../libwrk/cx16/_scanf.s:1057
initlib (condes.o):
    crt0.o                    cx16/crt0.s:8
jmpvec (jmpvec.o):
    _scanf.o                  ../libwrk/cx16/_scanf.s:1057
    _scanf.o                  ../libwrk/cx16/_scanf.s:1057
ldax0sp (ldaxsp.o):
    mktime.o                  ../libwrk/cx16/mktime.s:618
    ci.o                      ci.s:623
    ci.o                      ci.s:623
    ci.o                      ci.s:623
    ci.o                      ci.s:623
    ttp.o                     ttp.s:722
    ttp.o                     ttp.s:722
    ttp.o                     ttp.s:722
    ttp.o                     ttp.s:722
ldaxi (ldaxi.o):
    mktime.o                  ../libwrk/cx16/mktime.s:618
    _scanf.o                  ../libwrk/cx16/_scanf.s:1057
    _scanf.o                  ../libwrk/cx16/_scanf.s:1057
    ci.o                      ci.s:623
    trk.o                     trk.s:512
    trk.o                     trk.s:512
ldaxysp (ldaxsp.o):
    mktime.o                  ../libwrk/cx16/mktime.s:618
    gmtime.o                  ../libwrk/cx16/gmtime.s:92
    fwrite.o                  common/fwrite.s:11
    _scanf.o                  ../libwrk/cx16/_scanf.s:1057
    puts.o                    ../libwrk/cx16/puts.s:77
    localtime.o               ../libwrk/cx16/localtime.s:53
    fgets.o                   ../libwrk/cx16/fgets.s:111
    volumes.o                 volumes.s:651
    ci.o                      ci.s:623
    ci.o                      ci.s:623
    ci.o                      ci.s:623
    ci.o                      ci.s:623
    pause.o                   pause.s:84
    trk.o                     trk.s:512
    ttp.o                     ttp.s:722
    ttp.o                     ttp.s:722
    ttp.o                     ttp.s:722
    common.o                  common.s:234
    common.o                  common.s:234
ldeax0sp (ldeaxysp.o):
    gmtime.o                  ../libwrk/cx16/gmtime.s:92
ldeaxi (ldeaxi.o):
    gmtime.o                  ../libwrk/cx16/gmtime.s:92
    time.o                    common/time.s:9
    localtime.o               ../libwrk/cx16/localtime.s:53
ldeaxidx (ldeaxi.o):
    volumes.o                 volumes.s:651
ldeaxysp (ldeaxysp.o):
    volumes.o                 volumes.s:651
    volumes.o                 volumes.s:651
    pause.o                   pause.s:84
leaa0sp (leaaxsp.o):
    fgetc.o                   ../libwrk/cx16/fgetc.s:94
    volumes.o                 volumes.s:651
    trk.o                     trk.s:512
load_jiffy (tmcommon.o):
    gettime.o                 cx16/gettime.s:11
mul8x16 (mul8.o):
    mul.o                     runtime/mul.s:8
mul8x16a (mul8.o):
    mul.o                     runtime/mul.s:8
mulax10 (mulax10.o):
    _scanf.o                  ../libwrk/cx16/_scanf.s:1057
mulax3 (mulax3.o):
    ttp.o                     ttp.s:722
mulax5 (mulax5.o):
    ttp.o                     ttp.s:722
negax (negabs.o):
    div.o                     runtime/div.s:11
    divt.o                    common/divt.s:17
    shelp.o                   runtime/shelp.s:11
    mod.o                     runtime/mod.s:11
negeax (lneg.o):
    ltoa.o                    common/ltoa.s:9
    _scanf.o                  ../libwrk/cx16/_scanf.s:1057
plot (cputc.o):
    gotoxy.o                  cx16/gotoxy.s:9
popa (popa.o):
    gotoxy.o                  cx16/gotoxy.s:9
    c_setlfs.o                cbm/c_setlfs.s:12
    c_load.o                  cbm/c_load.s:11
popax (incsp2.o):
    rwcommon.o                cbm/rwcommon.s:9
    ltoa.o                    common/ltoa.s:9
    _printf.o                 common/_printf.s:11
    vsscanf.o                 common/vsscanf.s:11
    vcprintf.o                conio/vcprintf.s:8
    shelp.o                   runtime/shelp.s:11
    memcpy.o                  common/memcpy.s:14
popptr1 (popptr1.o):
    umod.o                    runtime/umod.s:8
    steaxspi.o                runtime/steaxspi.s:9
    rwcommon.o                cbm/rwcommon.s:9
    mul8.o                    runtime/mul8.s:9
    mul.o                     runtime/mul.s:9
    ltoa.o                    common/ltoa.s:9
    longjmp.o                 common/longjmp.s:9
    vcprintf.o                conio/vcprintf.s:8
    udiv.o                    runtime/udiv.s:9
    strcmp.o                  common/strcmp.s:8
    memcpy.o                  common/memcpy.s:14
popsargsudiv16 (shelp.o):
    div.o                     runtime/div.s:11
    mod.o                     runtime/mod.s:11
ptr1 (zeropage.o):
    div.o                     runtime/div.s:12
    strlower.o                common/strlower.s:13
    steaxspi.o                runtime/steaxspi.s:10
    staxspi.o                 runtime/staxspi.s:10
    setjmp.o                  common/setjmp.s:11
    read.o                    cbm/read.s:13
    mulax10.o                 runtime/mulax10.s:9
    mul8.o                    runtime/mul8.s:10
    mul.o                     runtime/mul.s:10
    mktime.o                  ../libwrk/cx16/mktime.s:11
    ludiv.o                   runtime/ludiv.s:10
    ltoa.o                    common/ltoa.s:11
    longjmp.o                 common/longjmp.s:10
    lcmp.o                    runtime/lcmp.s:10
    fwrite.o                  common/fwrite.s:14
    _scanf.o                  ../libwrk/cx16/_scanf.s:11
    _printf.o                 /Users/rje/git/cc65/asminc/zeropage.inc:12
    zerobss.o                 common/zerobss.s:9
    write.o                   cbm/write.s:11
    vsscanf.o                 common/vsscanf.s:12
    vfprintf.o                common/vfprintf.s:11
    vcprintf.o                conio/vcprintf.s:10
    udiv.o                    runtime/udiv.s:10
    time.o                    common/time.s:10
    strcmp.o                  common/strcmp.s:9
    staspidx.o                runtime/staspidx.s:9
    sscanf.o                  common/sscanf.s:9
    shelp.o                   runtime/shelp.s:12
    puts.o                    ../libwrk/cx16/puts.s:11
    pushw.o                   runtime/pushw.s:9
    printf.o                  common/printf.s:9
    popptr1.o                 runtime/popptr1.s:9
    mulax5.o                  runtime/mulax5.s:9
    mulax3.o                  runtime/mulax3.s:9
    memcpy.o                  common/memcpy.s:15
    lmul.o                    runtime/lmul.s:10
    ldeaxi.o                  runtime/ldeaxi.s:8
    ldaxi.o                   runtime/ldaxi.s:8
    cputs.o                   conio/cputs.s:10
    cprintf.o                 conio/cprintf.s:9
    c_setnam.o                cbm/c_setnam.s:10
    c_load.o                  cbm/c_load.s:12
    volumes.o                 volumes.s:11
    ci.o                      ci.s:11
    trk.o                     trk.s:11
    ttp.o                     ttp.s:11
ptr2 (zeropage.o):
    strlower.o                common/strlower.s:13
    rwcommon.o                cbm/rwcommon.s:10
    read.o                    cbm/read.s:13
    lumod.o                   runtime/lumod.s:10
    ludiv.o                   runtime/ludiv.s:10
    ltoa.o                    common/ltoa.s:11
    longjmp.o                 common/longjmp.s:10
    _printf.o                 /Users/rje/git/cc65/asminc/zeropage.inc:12
    write.o                   cbm/write.s:11
    vsscanf.o                 common/vsscanf.s:12
    vcprintf.o                conio/vcprintf.s:10
    strlen.o                  common/strlen.s:12
    strcmp.o                  common/strcmp.s:9
    memcpy.o                  common/memcpy.s:15
ptr3 (zeropage.o):
    rwcommon.o                cbm/rwcommon.s:10
    read.o                    cbm/read.s:13
    ludiv.o                   runtime/ludiv.s:10
    ltoa.o                    common/ltoa.s:11
    write.o                   cbm/write.s:11
    vcprintf.o                conio/vcprintf.s:10
    memcpy.o                  common/memcpy.s:15
    lmul.o                    runtime/lmul.s:10
ptr4 (zeropage.o):
    umod.o                    runtime/umod.s:9
    mul8.o                    runtime/mul8.s:10
    mul.o                     runtime/mul.s:10
    ludiv.o                   runtime/ludiv.s:10
    linc.o                    runtime/linc.s:8
    udiv.o                    runtime/udiv.s:10
    shelp.o                   runtime/shelp.s:12
    lmul.o                    runtime/lmul.s:10
push0 (pushax.o):
    volumes.o                 volumes.s:651
push1 (push1.o):
    _printf.o                 common/_printf.s:11
    vfprintf.o                common/vfprintf.s:9
pusha (pusha.o):
    _scanf.o                  ../libwrk/cx16/_scanf.s:1057
    _scanf.o                  ../libwrk/cx16/_scanf.s:1057
    _scanf.o                  ../libwrk/cx16/_scanf.s:1057
    _scanf.o                  ../libwrk/cx16/_scanf.s:1057
    _scanf.o                  ../libwrk/cx16/_scanf.s:1057
    ci.o                      ci.s:623
    trk.o                     trk.s:512
    trk.o                     trk.s:512
    trk.o                     trk.s:512
    ttp.o                     ttp.s:722
    ttp.o                     ttp.s:722
    ttp.o                     ttp.s:722
    ttp.o                     ttp.s:722
    ttp.o                     ttp.s:722
    common.o                  common.s:234
    common.o                  common.s:234
    common.o                  common.s:234
    common.o                  common.s:234
    common.o                  common.s:234
    common.o                  common.s:234
    common.o                  common.s:234
    main.o                    main.s:97
pusha0 (pushax.o):
    push1.o                   runtime/push1.s:8
    fgetc.o                   ../libwrk/cx16/fgetc.s:94
    _scanf.o                  ../libwrk/cx16/_scanf.s:1057
    puts.o                    ../libwrk/cx16/puts.s:77
    volumes.o                 volumes.s:651
    volumes.o                 volumes.s:651
    ci.o                      ci.s:623
    trk.o                     trk.s:512
    ttp.o                     ttp.s:722
    ttp.o                     ttp.s:722
    ttp.o                     ttp.s:722
    diskut.o                  diskut.s:211
    common.o                  common.s:234
pushax (pushax.o):
    mktime.o                  ../libwrk/cx16/mktime.s:618
    mktime.o                  ../libwrk/cx16/mktime.s:618
    gmtime.o                  ../libwrk/cx16/gmtime.s:92
    gettime.o                 cx16/gettime.s:10
    fwrite.o                  common/fwrite.s:11
    fgetc.o                   ../libwrk/cx16/fgetc.s:94
    callmain.o                runtime/callmain.s:11
    _scanf.o                  ../libwrk/cx16/_scanf.s:1057
    _scanf.o                  ../libwrk/cx16/_scanf.s:1057
    _printf.o                 common/_printf.s:11
    vcprintf.o                conio/vcprintf.s:8
    puts.o                    ../libwrk/cx16/puts.s:77
    pushw.o                   runtime/pushw.s:8
    printf.o                  common/printf.s:8
    localtime.o               ../libwrk/cx16/localtime.s:53
    fgets.o                   ../libwrk/cx16/fgets.s:111
    cprintf.o                 conio/cprintf.s:8
    volumes.o                 volumes.s:651
    volumes.o                 volumes.s:651
    ci.o                      ci.s:623
    ci.o                      ci.s:623
    ci.o                      ci.s:623
    ci.o                      ci.s:623
    ci.o                      ci.s:623
    ci.o                      ci.s:623
    ci.o                      ci.s:623
    ci.o                      ci.s:623
    ci.o                      ci.s:623
    pause.o                   pause.s:84
    pause.o                   pause.s:84
    pause.o                   pause.s:84
    trk.o                     trk.s:512
    ttp.o                     ttp.s:722
    ttp.o                     ttp.s:722
    ttp.o                     ttp.s:722
    ttp.o                     ttp.s:722
    ttp.o                     ttp.s:722
    ttp.o                     ttp.s:722
    ttp.o                     ttp.s:722
    diskut.o                  diskut.s:211
    main.o                    main.s:97
pusheax (lpush.o):
    mktime.o                  ../libwrk/cx16/mktime.s:618
    gmtime.o                  ../libwrk/cx16/gmtime.s:92
    gettime.o                 cx16/gettime.s:10
    _scanf.o                  ../libwrk/cx16/_scanf.s:1057
    _printf.o                 common/_printf.s:11
    localtime.o               ../libwrk/cx16/localtime.s:53
    volumes.o                 volumes.s:651
    volumes.o                 volumes.s:651
    pause.o                   pause.s:84
pushw (pushw.o):
    ci.o                      ci.s:623
    ci.o                      ci.s:623
pushw0sp (pushwsp.o):
    mktime.o                  ../libwrk/cx16/mktime.s:618
    ci.o                      ci.s:623
    ci.o                      ci.s:623
    ci.o                      ci.s:623
    ci.o                      ci.s:623
    ttp.o                     ttp.s:722
    ttp.o                     ttp.s:722
pushwidx (pushw.o):
    ttp.o                     ttp.s:722
pushwysp (pushwsp.o):
    fwrite.o                  common/fwrite.s:11
    vfprintf.o                common/vfprintf.s:9
    puts.o                    ../libwrk/cx16/puts.s:77
    volumes.o                 volumes.s:651
    ttp.o                     ttp.s:722
regbank (zeropage.o):
    mktime.o                  ../libwrk/cx16/mktime.s:10
    fgetc.o                   ../libwrk/cx16/fgetc.s:10
    _scanf.o                  ../libwrk/cx16/_scanf.s:10
    _printf.o                 /Users/rje/git/cc65/asminc/zeropage.inc:14
    regswap2.o                runtime/regswap2.s:8
    fgets.o                   ../libwrk/cx16/fgets.s:10
regsave (zeropage.o):
    _scanf.o                  ../libwrk/cx16/_scanf.s:10
    ci.o                      ci.s:10
regswap2 (regswap2.o):
    mktime.o                  ../libwrk/cx16/mktime.s:618
    fgetc.o                   ../libwrk/cx16/fgetc.s:94
    fgets.o                   ../libwrk/cx16/fgets.s:111
return0 (return0.o):
    setjmp.o                  common/setjmp.s:10
    gettime.o                 cx16/gettime.s:10
rwcommon (rwcommon.o):
    read.o                    cbm/read.s:11
    write.o                   cbm/write.s:10
shlax1 (aslax1.o):
    trk.o                     trk.s:512
    trk.o                     trk.s:512
    trk.o                     trk.s:512
    trk.o                     trk.s:512
shlax4 (aslax4.o):
    trk.o                     trk.s:512
    trk.o                     trk.s:512
    trk.o                     trk.s:512
    trk.o                     trk.s:512
shleax1 (asleax1.o):
    volumes.o                 volumes.s:651
shrax2 (shrax2.o):
    mktime.o                  ../libwrk/cx16/mktime.s:618
sp (zeropage.o):
    lsub.o                    runtime/lsub.s:12
    sub.o                     runtime/sub.s:9
    staxspi.o                 runtime/staxspi.s:10
    setjmp.o                  common/setjmp.s:11
    mktime.o                  ../libwrk/cx16/mktime.s:10
    ludiv.o                   runtime/ludiv.s:10
    longjmp.o                 common/longjmp.s:10
    lcmp.o                    runtime/lcmp.s:10
    gmtime.o                  ../libwrk/cx16/gmtime.s:10
    fgetc.o                   ../libwrk/cx16/fgetc.s:10
    decsp6.o                  runtime/decsp6.s:8
    decsp4.o                  runtime/decsp4.s:8
    _scanf.o                  ../libwrk/cx16/_scanf.s:10
    _printf.o                 /Users/rje/git/cc65/asminc/zeropage.inc:11
    vsscanf.o                 common/vsscanf.s:12
    vfprintf.o                common/vfprintf.s:11
    vcprintf.o                conio/vcprintf.s:10
    subysp.o                  runtime/subysp.s:9
    subeqsp.o                 runtime/subeqsp.s:8
    steaxsp.o                 runtime/steaxsp.s:8
    staxsp.o                  runtime/staxsp.s:8
    staspidx.o                runtime/staspidx.s:9
    sscanf.o                  common/sscanf.s:9
    regswap2.o                runtime/regswap2.s:8
    pushwsp.o                 runtime/pushwsp.s:8
    pushax.o                  runtime/pushax.s:8
    pusha.o                   runtime/pusha.s:8
    printf.o                  common/printf.s:9
    popptr1.o                 runtime/popptr1.s:9
    popa.o                    runtime/popa.s:8
    memcpy.o                  common/memcpy.s:15
    lpush.o                   runtime/lpush.s:13
    localtime.o               ../libwrk/cx16/localtime.s:10
    lmul.o                    runtime/lmul.s:10
    leaaxsp.o                 runtime/leaaxsp.s:8
    ldeaxysp.o                runtime/ldeaxysp.s:12
    ldaxsp.o                  runtime/ldaxsp.s:8
    ladd.o                    runtime/ladd.s:9
    incsp2.o                  runtime/incsp2.s:8
    incsp1.o                  runtime/incsp1.s:8
    icmp.o                    runtime/icmp.s:9
    fgets.o                   ../libwrk/cx16/fgets.s:10
    decsp5.o                  runtime/decsp5.s:8
    decsp2.o                  runtime/decsp2.s:8
    decsp1.o                  runtime/decsp1.s:8
    crt0.o                    /Users/rje/git/cc65/asminc/zeropage.inc:11
    cprintf.o                 conio/cprintf.s:9
    addysp.o                  runtime/addysp.s:8
    addeqsp.o                 runtime/addeqsp.s:8
    add.o                     runtime/add.s:12
    volumes.o                 volumes.s:10
    ci.o                      ci.s:10
    trk.o                     trk.s:10
    ttp.o                     ttp.s:10
    common.o                  common.s:10
sreg (zeropage.o):
    lsub.o                    runtime/lsub.s:12
    divt.o                    common/divt.s:18
    umod.o                    runtime/umod.s:9
    tmcommon.o                cx16/tmcommon.s:9
    steaxspi.o                runtime/steaxspi.s:10
    mktime.o                  ../libwrk/cx16/mktime.s:10
    lumod.o                   runtime/lumod.s:10
    ludiv.o                   runtime/ludiv.s:10
    ltoa.o                    common/ltoa.s:11
    lneg.o                    runtime/lneg.s:11
    linc.o                    runtime/linc.s:8
    lcmp.o                    runtime/lcmp.s:10
    gmtime.o                  ../libwrk/cx16/gmtime.s:10
    _scanf.o                  ../libwrk/cx16/_scanf.s:10
    _printf.o                 /Users/rje/git/cc65/asminc/zeropage.inc:11
    udiv.o                    runtime/udiv.s:10
    time.o                    common/time.s:10
    steaxsp.o                 runtime/steaxsp.s:8
    mod.o                     runtime/mod.s:12
    lpush.o                   runtime/lpush.s:13
    localtime.o               ../libwrk/cx16/localtime.s:10
    lmul.o                    runtime/lmul.s:10
    ldeaxysp.o                runtime/ldeaxysp.s:12
    ldeaxi.o                  runtime/ldeaxi.s:8
    ladd.o                    runtime/ladd.s:9
    icmp.o                    runtime/icmp.s:9
    clock.o                   cx16/clock.s:12
    axlong.o                  runtime/axlong.s:9
    asleax1.o                 runtime/asleax1.s:8
    volumes.o                 volumes.s:10
    ttp.o                     ttp.s:10
staspidx (staspidx.o):
    ci.o                      ci.s:623
    ci.o                      ci.s:623
    ci.o                      ci.s:623
    ci.o                      ci.s:623
stax0sp (staxsp.o):
    mktime.o                  ../libwrk/cx16/mktime.s:618
    fgets.o                   ../libwrk/cx16/fgets.s:111
    volumes.o                 volumes.s:651
    ttp.o                     ttp.s:722
staxspidx (staxspi.o):
    mktime.o                  ../libwrk/cx16/mktime.s:618
staxysp (staxsp.o):
    mktime.o                  ../libwrk/cx16/mktime.s:618
    fgets.o                   ../libwrk/cx16/fgets.s:111
    volumes.o                 volumes.s:651
steax0sp (steaxsp.o):
    gmtime.o                  ../libwrk/cx16/gmtime.s:92
    localtime.o               ../libwrk/cx16/localtime.s:53
steaxspidx (steaxspi.o):
    gettime.o                 cx16/gettime.s:10
subeq0sp (subeqsp.o):
    common.o                  common.s:234
subeqysp (subeqsp.o):
    fgets.o                   ../libwrk/cx16/fgets.s:111
subysp (subysp.o):
    volumes.o                 volumes.s:651
tmp1 (zeropage.o):
    div.o                     runtime/div.s:12
    divt.o                    common/divt.s:18
    steaxspi.o                runtime/steaxspi.s:10
    staxspi.o                 runtime/staxspi.s:10
    shrax2.o                  runtime/shrax2.s:8
    read.o                    cbm/read.s:13
    mul.o                     runtime/mul.s:10
    mktime.o                  ../libwrk/cx16/mktime.s:11
    ltoa.o                    common/ltoa.s:11
    decaxy.o                  runtime/decaxy.s:8
    _printf.o                 /Users/rje/git/cc65/asminc/zeropage.inc:13
    vcprintf.o                conio/vcprintf.s:10
    time.o                    common/time.s:10
    staspidx.o                runtime/staspidx.s:9
    shelp.o                   runtime/shelp.s:12
    mod.o                     runtime/mod.s:12
    ladd.o                    runtime/ladd.s:9
    incaxy.o                  runtime/incaxy.s:8
    fgets.o                   ../libwrk/cx16/fgets.s:11
    cputs.o                   conio/cputs.s:10
    color.o                   cx16/color.s:11
    cclear.o                  cbm/cclear.s:10
    c_setlfs.o                cbm/c_setlfs.s:13
    asleax1.o                 runtime/asleax1.s:8
    aslax4.o                  runtime/aslax4.s:8
    aslax2.o                  runtime/aslax2.s:8
    aslax1.o                  runtime/aslax1.s:8
    volumes.o                 volumes.s:11
    ci.o                      ci.s:11
    ttp.o                     ttp.s:11
    common.o                  common.s:11
tmp2 (zeropage.o):
    div.o                     runtime/div.s:12
    steaxspi.o                runtime/steaxspi.s:10
    rwcommon.o                cbm/rwcommon.s:10
    read.o                    cbm/read.s:13
    time.o                    common/time.s:10
    shelp.o                   runtime/shelp.s:12
    lmul.o                    runtime/lmul.s:10
tmp3 (zeropage.o):
    steaxspi.o                runtime/steaxspi.s:10
    read.o                    cbm/read.s:13
    lumod.o                   runtime/lumod.s:10
    ludiv.o                   runtime/ludiv.s:10
    lmul.o                    runtime/lmul.s:10
tmp4 (zeropage.o):
    lumod.o                   runtime/lumod.s:10
    ludiv.o                   runtime/ludiv.s:10
    lmul.o                    runtime/lmul.s:10
tosaddax (add.o):
    ttp.o                     ttp.s:722
tosaddeax (ladd.o):
    mktime.o                  ../libwrk/cx16/mktime.s:618
    _scanf.o                  ../libwrk/cx16/_scanf.s:1057
    localtime.o               ../libwrk/cx16/localtime.s:53
    volumes.o                 volumes.s:651
    pause.o                   pause.s:84
tosdivax (div.o):
    divt.o                    common/divt.s:17
tosicmp (icmp.o):
    mktime.o                  ../libwrk/cx16/mktime.s:618
    diskut.o                  diskut.s:211
tosicmp0 (icmp.o):
    volumes.o                 volumes.s:651
toslcmp (lcmp.o):
    lult.o                    runtime/lult.s:8
tosmoda0 (mod.o):
    ci.o                      ci.s:623
    pause.o                   pause.s:84
    pause.o                   pause.s:84
tosmul0ax (lmul.o):
    gettime.o                 cx16/gettime.s:10
    volumes.o                 volumes.s:651
tosmuleax (lmul.o):
    _scanf.o                  ../libwrk/cx16/_scanf.s:1057
tossuba0 (sub.o):
    _scanf.o                  ../libwrk/cx16/_scanf.s:1057
tossubeax (lsub.o):
    mktime.o                  ../libwrk/cx16/mktime.s:618
tosudiv0ax (ludiv.o):
    gmtime.o                  ../libwrk/cx16/gmtime.s:92
tosudivax (udiv.o):
    fwrite.o                  common/fwrite.s:12
tosudiveax (ludiv.o):
    gmtime.o                  ../libwrk/cx16/gmtime.s:92
tosulteax (lult.o):
    pause.o                   pause.s:84
tosumod0ax (lumod.o):
    gmtime.o                  ../libwrk/cx16/gmtime.s:92
tosumoda0 (umod.o):
    mktime.o                  ../libwrk/cx16/mktime.s:618
    mktime.o                  ../libwrk/cx16/mktime.s:618
tosumodax (umod.o):
    mktime.o                  ../libwrk/cx16/mktime.s:618
tosumul0ax (lmul.o):
    mktime.o                  ../libwrk/cx16/mktime.s:618
tosumula0 (mul8.o):
    mktime.o                  ../libwrk/cx16/mktime.s:618
tosumulax (mul.o):
    mktime.o                  ../libwrk/cx16/mktime.s:618
    fwrite.o                  common/fwrite.s:12
tosumuleax (lmul.o):
    mktime.o                  ../libwrk/cx16/mktime.s:618
udiv16 (udiv.o):
    umod.o                    runtime/umod.s:8
    shelp.o                   runtime/shelp.s:11
udiv32 (ludiv.o):
    lumod.o                   runtime/lumod.s:9
unittab (filedes.o):
    read.o                    cbm/filedes.inc:8
zerobss (zerobss.o):
    crt0.o                    cx16/crt0.s:9

