Modules list:
-------------
main.o:
    CODE              Offs=000000  Size=000055  Align=00001  Fill=0000
    RODATA            Offs=000000  Size=000024  Align=00001  Fill=0000
boot.o:
    CODE              Offs=000055  Size=0001D8  Align=00001  Fill=0000
    RODATA            Offs=000024  Size=000113  Align=00001  Fill=0000
    BSS               Offs=000000  Size=000004  Align=00001  Fill=0000
ci.o:
    CODE              Offs=00022D  Size=0003DC  Align=00001  Fill=0000
    RODATA            Offs=000137  Size=0003B1  Align=00001  Fill=0000
    BSS               Offs=000004  Size=00011C  Align=00001  Fill=0000
    DATA              Offs=000000  Size=00008D  Align=00001  Fill=0000
ckt.o:
common.o:
    CODE              Offs=000609  Size=0000EA  Align=00001  Fill=0000
    RODATA            Offs=0004E8  Size=00001B  Align=00001  Fill=0000
diskut.o:
    CODE              Offs=0006F3  Size=00017A  Align=00001  Fill=0000
    RODATA            Offs=000503  Size=000065  Align=00001  Fill=0000
pause.o:
    CODE              Offs=00086D  Size=00004A  Align=00001  Fill=0000
restart.o:
    CODE              Offs=0008B7  Size=000059  Align=00001  Fill=0000
    RODATA            Offs=000568  Size=00009A  Align=00001  Fill=0000
    BSS               Offs=000120  Size=000002  Align=00001  Fill=0000
trk.o:
    CODE              Offs=000910  Size=000283  Align=00001  Fill=0000
    RODATA            Offs=000602  Size=000092  Align=00001  Fill=0000
    BSS               Offs=000122  Size=000002  Align=00001  Fill=0000
    DATA              Offs=00008D  Size=000020  Align=00001  Fill=0000
ttp.o:
    CODE              Offs=000B93  Size=000433  Align=00001  Fill=0000
    RODATA            Offs=000694  Size=00030B  Align=00001  Fill=0000
    BSS               Offs=000124  Size=00002C  Align=00001  Fill=0000
    DATA              Offs=0000AD  Size=000004  Align=00001  Fill=0000
volumes.o:
    CODE              Offs=000FC6  Size=000648  Align=00001  Fill=0000
    RODATA            Offs=00099F  Size=000130  Align=00001  Fill=0000
    BSS               Offs=000150  Size=000022  Align=00001  Fill=0000
    DATA              Offs=0000B1  Size=000010  Align=00001  Fill=0000
/Users/rje/git/cc65/lib/cx16.lib(_cursor.o):
    BSS               Offs=000172  Size=000001  Align=00001  Fill=0000
/Users/rje/git/cc65/lib/cx16.lib(_directerrno.o):
    CODE              Offs=00160E  Size=000009  Align=00001  Fill=0000
/Users/rje/git/cc65/lib/cx16.lib(_file.o):
    DATA              Offs=0000C1  Size=00001E  Align=00001  Fill=0000
/Users/rje/git/cc65/lib/cx16.lib(_hextab.o):
    RODATA            Offs=000ACF  Size=000010  Align=00001  Fill=0000
/Users/rje/git/cc65/lib/cx16.lib(_longminstr.o):
    RODATA            Offs=000ADF  Size=00000C  Align=00001  Fill=0000
/Users/rje/git/cc65/lib/cx16.lib(_mappederrno.o):
    CODE              Offs=001617  Size=00000F  Align=00001  Fill=0000
/Users/rje/git/cc65/lib/cx16.lib(_oserror.o):
    BSS               Offs=000173  Size=000001  Align=00001  Fill=0000
/Users/rje/git/cc65/lib/cx16.lib(_printf.o):
    CODE              Offs=001626  Size=0003A5  Align=00001  Fill=0000
    BSS               Offs=000174  Size=00002B  Align=00001  Fill=0000
    DATA              Offs=0000DF  Size=000003  Align=00001  Fill=0000
/Users/rje/git/cc65/lib/cx16.lib(_scanf.o):
    CODE              Offs=0019CB  Size=00075C  Align=00001  Fill=0000
    RODATA            Offs=000AEB  Size=000010  Align=00001  Fill=0000
    BSS               Offs=00019F  Size=000042  Align=00001  Fill=0000
/Users/rje/git/cc65/lib/cx16.lib(_seterrno.o):
    CODE              Offs=002127  Size=000009  Align=00001  Fill=0000
/Users/rje/git/cc65/lib/cx16.lib(add.o):
    CODE              Offs=002130  Size=000018  Align=00001  Fill=0000
/Users/rje/git/cc65/lib/cx16.lib(addeqsp.o):
    CODE              Offs=002148  Size=000011  Align=00001  Fill=0000
/Users/rje/git/cc65/lib/cx16.lib(addysp.o):
    CODE              Offs=002159  Size=00000E  Align=00001  Fill=0000
/Users/rje/git/cc65/lib/cx16.lib(aslax1.o):
    CODE              Offs=002167  Size=000008  Align=00001  Fill=0000
/Users/rje/git/cc65/lib/cx16.lib(aslax2.o):
    CODE              Offs=00216F  Size=00000B  Align=00001  Fill=0000
/Users/rje/git/cc65/lib/cx16.lib(aslax4.o):
    CODE              Offs=00217A  Size=000011  Align=00001  Fill=0000
/Users/rje/git/cc65/lib/cx16.lib(asleax1.o):
    CODE              Offs=00218B  Size=00000C  Align=00001  Fill=0000
/Users/rje/git/cc65/lib/cx16.lib(asleax2.o):
    CODE              Offs=002197  Size=000013  Align=00001  Fill=0000
/Users/rje/git/cc65/lib/cx16.lib(axlong.o):
    CODE              Offs=0021AA  Size=00000D  Align=00001  Fill=0000
/Users/rje/git/cc65/lib/cx16.lib(c_bsout.o):
/Users/rje/git/cc65/lib/cx16.lib(c_load.o):
    CODE              Offs=0021B7  Size=00001D  Align=00001  Fill=0000
/Users/rje/git/cc65/lib/cx16.lib(c_setlfs.o):
    CODE              Offs=0021D4  Size=00000E  Align=00001  Fill=0000
/Users/rje/git/cc65/lib/cx16.lib(c_setnam.o):
    CODE              Offs=0021E2  Size=000013  Align=00001  Fill=0000
/Users/rje/git/cc65/lib/cx16.lib(callmain.o):
    CODE              Offs=0021F5  Size=000017  Align=00001  Fill=0000
    DATA              Offs=0000E2  Size=000004  Align=00001  Fill=0000
/Users/rje/git/cc65/lib/cx16.lib(cclear.o):
    CODE              Offs=00220C  Size=000015  Align=00001  Fill=0000
/Users/rje/git/cc65/lib/cx16.lib(cgetc.o):
    CODE              Offs=002221  Size=000064  Align=00001  Fill=0000
/Users/rje/git/cc65/lib/cx16.lib(clock.o):
    CODE              Offs=002285  Size=00000F  Align=00001  Fill=0000
/Users/rje/git/cc65/lib/cx16.lib(clrscr.o):
    CODE              Offs=002294  Size=000011  Align=00001  Fill=0000
/Users/rje/git/cc65/lib/cx16.lib(color.o):
    CODE              Offs=0022A5  Size=00002A  Align=00001  Fill=0000
/Users/rje/git/cc65/lib/cx16.lib(compl.o):
    CODE              Offs=0022CF  Size=000009  Align=00001  Fill=0000
/Users/rje/git/cc65/lib/cx16.lib(condes.o):
    CODE              Offs=0022D8  Size=00000C  Align=00001  Fill=0000
    DATA              Offs=0000E6  Size=000025  Align=00001  Fill=0000
    ONCE              Offs=000000  Size=00000C  Align=00001  Fill=0000
/Users/rje/git/cc65/lib/cx16.lib(cprintf.o):
    CODE              Offs=0022E4  Size=00002A  Align=00001  Fill=0000
    BSS               Offs=0001E1  Size=000001  Align=00001  Fill=0000
/Users/rje/git/cc65/lib/cx16.lib(cputc.o):
    CODE              Offs=00230E  Size=00005F  Align=00001  Fill=0000
    RODATA            Offs=000AFB  Size=000008  Align=00001  Fill=0000
/Users/rje/git/cc65/lib/cx16.lib(cputs.o):
    CODE              Offs=00236D  Size=000023  Align=00001  Fill=0000
/Users/rje/git/cc65/lib/cx16.lib(crt0.o):
    STARTUP           Offs=000000  Size=000028  Align=00001  Fill=0000
    ONCE              Offs=00000C  Size=000023  Align=00001  Fill=0000
    INIT              Offs=000000  Size=000002  Align=00001  Fill=0000
/Users/rje/git/cc65/lib/cx16.lib(ctype.o):
    RODATA            Offs=000B03  Size=00008B  Align=00001  Fill=0000
/Users/rje/git/cc65/lib/cx16.lib(ctypemask.o):
    CODE              Offs=002390  Size=00001E  Align=00001  Fill=0000
/Users/rje/git/cc65/lib/cx16.lib(decax1.o):
    CODE              Offs=0023AE  Size=000007  Align=00001  Fill=0000
/Users/rje/git/cc65/lib/cx16.lib(decax4.o):
    CODE              Offs=0023B5  Size=000007  Align=00001  Fill=0000
/Users/rje/git/cc65/lib/cx16.lib(decaxy.o):
    CODE              Offs=0023BC  Size=000009  Align=00001  Fill=0000
/Users/rje/git/cc65/lib/cx16.lib(decsp1.o):
    CODE              Offs=0023C5  Size=000009  Align=00001  Fill=0000
/Users/rje/git/cc65/lib/cx16.lib(decsp2.o):
    CODE              Offs=0023CE  Size=00000D  Align=00001  Fill=0000
/Users/rje/git/cc65/lib/cx16.lib(decsp4.o):
    CODE              Offs=0023DB  Size=00000D  Align=00001  Fill=0000
/Users/rje/git/cc65/lib/cx16.lib(decsp5.o):
    CODE              Offs=0023E8  Size=00000D  Align=00001  Fill=0000
/Users/rje/git/cc65/lib/cx16.lib(decsp6.o):
    CODE              Offs=0023F5  Size=00000D  Align=00001  Fill=0000
/Users/rje/git/cc65/lib/cx16.lib(div.o):
    CODE              Offs=002402  Size=000015  Align=00001  Fill=0000
/Users/rje/git/cc65/lib/cx16.lib(divt.o):
    CODE              Offs=002417  Size=000015  Align=00001  Fill=0000
/Users/rje/git/cc65/lib/cx16.lib(errno.o):
    BSS               Offs=0001E2  Size=000002  Align=00001  Fill=0000
/Users/rje/git/cc65/lib/cx16.lib(exehdr.o):
    EXEHDR            Offs=000000  Size=00000C  Align=00001  Fill=0000
/Users/rje/git/cc65/lib/cx16.lib(fgetc.o):
    CODE              Offs=00242C  Size=000084  Align=00001  Fill=0000
/Users/rje/git/cc65/lib/cx16.lib(fgets.o):
    CODE              Offs=0024B0  Size=0000A8  Align=00001  Fill=0000
/Users/rje/git/cc65/lib/cx16.lib(filedes.o):
    CODE              Offs=002558  Size=00000E  Align=00001  Fill=0000
    DATA              Offs=00010B  Size=000010  Align=00001  Fill=0000
/Users/rje/git/cc65/lib/cx16.lib(fwrite.o):
    CODE              Offs=002566  Size=00007B  Align=00001  Fill=0000
    BSS               Offs=0001E4  Size=000002  Align=00001  Fill=0000
/Users/rje/git/cc65/lib/cx16.lib(gettime.o):
    CODE              Offs=0025E1  Size=00004C  Align=00001  Fill=0000
/Users/rje/git/cc65/lib/cx16.lib(gmtime.o):
    CODE              Offs=00262D  Size=000092  Align=00001  Fill=0000
    BSS               Offs=0001E6  Size=000012  Align=00001  Fill=0000
/Users/rje/git/cc65/lib/cx16.lib(gotoxy.o):
    CODE              Offs=0026BF  Size=00000F  Align=00001  Fill=0000
/Users/rje/git/cc65/lib/cx16.lib(icmp.o):
    CODE              Offs=0026CE  Size=00002E  Align=00001  Fill=0000
/Users/rje/git/cc65/lib/cx16.lib(incaxy.o):
    CODE              Offs=0026FC  Size=00000B  Align=00001  Fill=0000
/Users/rje/git/cc65/lib/cx16.lib(incsp1.o):
    CODE              Offs=002707  Size=000007  Align=00001  Fill=0000
/Users/rje/git/cc65/lib/cx16.lib(incsp2.o):
    CODE              Offs=00270E  Size=000015  Align=00001  Fill=0000
/Users/rje/git/cc65/lib/cx16.lib(incsp3.o):
    CODE              Offs=002723  Size=000005  Align=00001  Fill=0000
/Users/rje/git/cc65/lib/cx16.lib(incsp4.o):
    CODE              Offs=002728  Size=000005  Align=00001  Fill=0000
/Users/rje/git/cc65/lib/cx16.lib(incsp5.o):
    CODE              Offs=00272D  Size=000005  Align=00001  Fill=0000
/Users/rje/git/cc65/lib/cx16.lib(incsp6.o):
    CODE              Offs=002732  Size=000005  Align=00001  Fill=0000
/Users/rje/git/cc65/lib/cx16.lib(incsp8.o):
    CODE              Offs=002737  Size=000005  Align=00001  Fill=0000
/Users/rje/git/cc65/lib/cx16.lib(isdigit.o):
    CODE              Offs=00273C  Size=000008  Align=00001  Fill=0000
/Users/rje/git/cc65/lib/cx16.lib(isspace.o):
    CODE              Offs=002744  Size=000008  Align=00001  Fill=0000
/Users/rje/git/cc65/lib/cx16.lib(isxdigit.o):
    CODE              Offs=00274C  Size=000008  Align=00001  Fill=0000
/Users/rje/git/cc65/lib/cx16.lib(jmpvec.o):
    DATA              Offs=00011B  Size=000003  Align=00001  Fill=0000
/Users/rje/git/cc65/lib/cx16.lib(kbhit.o):
    CODE              Offs=002754  Size=00000E  Align=00001  Fill=0000
/Users/rje/git/cc65/lib/cx16.lib(kernal.o):
/Users/rje/git/cc65/lib/cx16.lib(ladd.o):
    CODE              Offs=002762  Size=000024  Align=00001  Fill=0000
/Users/rje/git/cc65/lib/cx16.lib(lcmp.o):
    CODE              Offs=002786  Size=00003B  Align=00001  Fill=0000
/Users/rje/git/cc65/lib/cx16.lib(ldaxi.o):
    CODE              Offs=0027C1  Size=00000D  Align=00001  Fill=0000
/Users/rje/git/cc65/lib/cx16.lib(ldaxsp.o):
    CODE              Offs=0027CE  Size=000009  Align=00001  Fill=0000
/Users/rje/git/cc65/lib/cx16.lib(ldeaxi.o):
    CODE              Offs=0027D7  Size=000017  Align=00001  Fill=0000
/Users/rje/git/cc65/lib/cx16.lib(ldeaxysp.o):
    CODE              Offs=0027EE  Size=000013  Align=00001  Fill=0000
/Users/rje/git/cc65/lib/cx16.lib(leaaxsp.o):
    CODE              Offs=002801  Size=00000C  Align=00001  Fill=0000
/Users/rje/git/cc65/lib/cx16.lib(linc.o):
    CODE              Offs=00280D  Size=000011  Align=00001  Fill=0000
/Users/rje/git/cc65/lib/cx16.lib(lmul.o):
    CODE              Offs=00281E  Size=000059  Align=00001  Fill=0000
/Users/rje/git/cc65/lib/cx16.lib(lneg.o):
    CODE              Offs=002877  Size=00001E  Align=00001  Fill=0000
/Users/rje/git/cc65/lib/cx16.lib(loadaddr.o):
    LOADADDR          Offs=000000  Size=000002  Align=00001  Fill=0000
/Users/rje/git/cc65/lib/cx16.lib(localtime.o):
    CODE              Offs=002895  Size=00003B  Align=00001  Fill=0000
/Users/rje/git/cc65/lib/cx16.lib(longjmp.o):
    CODE              Offs=0028D0  Size=000028  Align=00001  Fill=0000
/Users/rje/git/cc65/lib/cx16.lib(lpush.o):
    CODE              Offs=0028F8  Size=00001E  Align=00001  Fill=0000
/Users/rje/git/cc65/lib/cx16.lib(lsub.o):
    CODE              Offs=002916  Size=000024  Align=00001  Fill=0000
/Users/rje/git/cc65/lib/cx16.lib(ltoa.o):
    CODE              Offs=00293A  Size=000093  Align=00001  Fill=0000
/Users/rje/git/cc65/lib/cx16.lib(ludiv.o):
    CODE              Offs=0029CD  Size=000077  Align=00001  Fill=0000
/Users/rje/git/cc65/lib/cx16.lib(lult.o):
    CODE              Offs=002A44  Size=000006  Align=00001  Fill=0000
/Users/rje/git/cc65/lib/cx16.lib(lumod.o):
    CODE              Offs=002A4A  Size=000017  Align=00001  Fill=0000
/Users/rje/git/cc65/lib/cx16.lib(makebool.o):
    CODE              Offs=002A61  Size=00002C  Align=00001  Fill=0000
/Users/rje/git/cc65/lib/cx16.lib(memcpy.o):
    CODE              Offs=002A8D  Size=00003C  Align=00001  Fill=0000
/Users/rje/git/cc65/lib/cx16.lib(mktime.o):
    CODE              Offs=002AC9  Size=0003D7  Align=00001  Fill=0000
    RODATA            Offs=000B8E  Size=00002E  Align=00001  Fill=0000
/Users/rje/git/cc65/lib/cx16.lib(mod.o):
    CODE              Offs=002EA0  Size=000011  Align=00001  Fill=0000
/Users/rje/git/cc65/lib/cx16.lib(mul.o):
    CODE              Offs=002EB1  Size=000045  Align=00001  Fill=0000
/Users/rje/git/cc65/lib/cx16.lib(mul8.o):
    CODE              Offs=002EF6  Size=00003A  Align=00001  Fill=0000
/Users/rje/git/cc65/lib/cx16.lib(mulax10.o):
    CODE              Offs=002F30  Size=000019  Align=00001  Fill=0000
/Users/rje/git/cc65/lib/cx16.lib(mulax3.o):
    CODE              Offs=002F49  Size=000011  Align=00001  Fill=0000
/Users/rje/git/cc65/lib/cx16.lib(mulax5.o):
    CODE              Offs=002F5A  Size=000014  Align=00001  Fill=0000
/Users/rje/git/cc65/lib/cx16.lib(negabs.o):
    CODE              Offs=002F6E  Size=000012  Align=00001  Fill=0000
/Users/rje/git/cc65/lib/cx16.lib(oserror.o):
    CODE              Offs=002F80  Size=000016  Align=00001  Fill=0000
    RODATA            Offs=000BBC  Size=00005A  Align=00001  Fill=0000
/Users/rje/git/cc65/lib/cx16.lib(popa.o):
    CODE              Offs=002F96  Size=00000A  Align=00001  Fill=0000
/Users/rje/git/cc65/lib/cx16.lib(popptr1.o):
    CODE              Offs=002FA0  Size=00000E  Align=00001  Fill=0000
/Users/rje/git/cc65/lib/cx16.lib(printf.o):
    CODE              Offs=002FAE  Size=000033  Align=00001  Fill=0000
    BSS               Offs=0001F8  Size=000001  Align=00001  Fill=0000
/Users/rje/git/cc65/lib/cx16.lib(push1.o):
    CODE              Offs=002FE1  Size=000005  Align=00001  Fill=0000
/Users/rje/git/cc65/lib/cx16.lib(pusha.o):
    CODE              Offs=002FE6  Size=000016  Align=00001  Fill=0000
/Users/rje/git/cc65/lib/cx16.lib(pushax.o):
    CODE              Offs=002FFC  Size=00001A  Align=00001  Fill=0000
/Users/rje/git/cc65/lib/cx16.lib(pushw.o):
    CODE              Offs=003016  Size=00000F  Align=00001  Fill=0000
/Users/rje/git/cc65/lib/cx16.lib(pushwsp.o):
    CODE              Offs=003025  Size=00001C  Align=00001  Fill=0000
/Users/rje/git/cc65/lib/cx16.lib(puts.o):
    CODE              Offs=003041  Size=000063  Align=00001  Fill=0000
    DATA              Offs=00011E  Size=000001  Align=00001  Fill=0000
/Users/rje/git/cc65/lib/cx16.lib(rand.o):
    CODE              Offs=0030A4  Size=000034  Align=00001  Fill=0000
    DATA              Offs=00011F  Size=000004  Align=00001  Fill=0000
/Users/rje/git/cc65/lib/cx16.lib(randomize.o):
    CODE              Offs=0030D8  Size=000006  Align=00001  Fill=0000
/Users/rje/git/cc65/lib/cx16.lib(read.o):
    CODE              Offs=0030DE  Size=00007E  Align=00001  Fill=0000
    BSS               Offs=0001F9  Size=000001  Align=00001  Fill=0000
    ONCE              Offs=00002F  Size=00000C  Align=00001  Fill=0000
/Users/rje/git/cc65/lib/cx16.lib(regswap2.o):
    CODE              Offs=00315C  Size=000016  Align=00001  Fill=0000
/Users/rje/git/cc65/lib/cx16.lib(return0.o):
    CODE              Offs=003172  Size=000004  Align=00001  Fill=0000
/Users/rje/git/cc65/lib/cx16.lib(revers.o):
    CODE              Offs=003176  Size=000013  Align=00001  Fill=0000
/Users/rje/git/cc65/lib/cx16.lib(rwcommon.o):
    CODE              Offs=003189  Size=00001A  Align=00001  Fill=0000
/Users/rje/git/cc65/lib/cx16.lib(setjmp.o):
    CODE              Offs=0031A3  Size=000025  Align=00001  Fill=0000
/Users/rje/git/cc65/lib/cx16.lib(shelp.o):
    CODE              Offs=0031C8  Size=000020  Align=00001  Fill=0000
/Users/rje/git/cc65/lib/cx16.lib(shrax2.o):
    CODE              Offs=0031E8  Size=00000B  Align=00001  Fill=0000
/Users/rje/git/cc65/lib/cx16.lib(sscanf.o):
    CODE              Offs=0031F3  Size=00002B  Align=00001  Fill=0000
    BSS               Offs=0001FA  Size=000001  Align=00001  Fill=0000
/Users/rje/git/cc65/lib/cx16.lib(staspidx.o):
    CODE              Offs=00321E  Size=000016  Align=00001  Fill=0000
/Users/rje/git/cc65/lib/cx16.lib(staxsp.o):
    CODE              Offs=003234  Size=00000B  Align=00001  Fill=0000
/Users/rje/git/cc65/lib/cx16.lib(staxspi.o):
    CODE              Offs=00323F  Size=00001A  Align=00001  Fill=0000
/Users/rje/git/cc65/lib/cx16.lib(steaxsp.o):
    CODE              Offs=003259  Size=000015  Align=00001  Fill=0000
/Users/rje/git/cc65/lib/cx16.lib(steaxspi.o):
    CODE              Offs=00326E  Size=000022  Align=00001  Fill=0000
/Users/rje/git/cc65/lib/cx16.lib(strcat.o):
    CODE              Offs=003290  Size=00002F  Align=00001  Fill=0000
/Users/rje/git/cc65/lib/cx16.lib(strcmp.o):
    CODE              Offs=0032BF  Size=000021  Align=00001  Fill=0000
/Users/rje/git/cc65/lib/cx16.lib(strlen.o):
    CODE              Offs=0032E0  Size=000016  Align=00001  Fill=0000
/Users/rje/git/cc65/lib/cx16.lib(strlower.o):
    CODE              Offs=0032F6  Size=000027  Align=00001  Fill=0000
/Users/rje/git/cc65/lib/cx16.lib(strncmp.o):
    CODE              Offs=00331D  Size=000039  Align=00001  Fill=0000
/Users/rje/git/cc65/lib/cx16.lib(sub.o):
    CODE              Offs=003356  Size=000014  Align=00001  Fill=0000
/Users/rje/git/cc65/lib/cx16.lib(subeqsp.o):
    CODE              Offs=00336A  Size=000015  Align=00001  Fill=0000
/Users/rje/git/cc65/lib/cx16.lib(subysp.o):
    CODE              Offs=00337F  Size=00000D  Align=00001  Fill=0000
/Users/rje/git/cc65/lib/cx16.lib(time.o):
    CODE              Offs=00338C  Size=000043  Align=00001  Fill=0000
    BSS               Offs=0001FB  Size=000008  Align=00001  Fill=0000
/Users/rje/git/cc65/lib/cx16.lib(timezone.o):
    DATA              Offs=000123  Size=00000F  Align=00001  Fill=0000
/Users/rje/git/cc65/lib/cx16.lib(tmcommon.o):
    CODE              Offs=0033CF  Size=00000D  Align=00001  Fill=0000
    DATA              Offs=000132  Size=000012  Align=00001  Fill=0000
/Users/rje/git/cc65/lib/cx16.lib(tolower.o):
    CODE              Offs=0033DC  Size=000012  Align=00001  Fill=0000
/Users/rje/git/cc65/lib/cx16.lib(toupper.o):
    CODE              Offs=0033EE  Size=000012  Align=00001  Fill=0000
/Users/rje/git/cc65/lib/cx16.lib(udiv.o):
    CODE              Offs=003400  Size=00004F  Align=00001  Fill=0000
/Users/rje/git/cc65/lib/cx16.lib(umod.o):
    CODE              Offs=00344F  Size=000011  Align=00001  Fill=0000
/Users/rje/git/cc65/lib/cx16.lib(vcprintf.o):
    CODE              Offs=003460  Size=000078  Align=00001  Fill=0000
    DATA              Offs=000144  Size=000008  Align=00001  Fill=0000
/Users/rje/git/cc65/lib/cx16.lib(vfprintf.o):
    CODE              Offs=0034D8  Size=000060  Align=00001  Fill=0000
    DATA              Offs=00014C  Size=000008  Align=00001  Fill=0000
/Users/rje/git/cc65/lib/cx16.lib(vsscanf.o):
    CODE              Offs=003538  Size=00006D  Align=00001  Fill=0000
    RODATA            Offs=000C16  Size=000006  Align=00001  Fill=0000
    BSS               Offs=000203  Size=000004  Align=00001  Fill=0000
/Users/rje/git/cc65/lib/cx16.lib(write.o):
    CODE              Offs=0035A5  Size=000054  Align=00001  Fill=0000
    ONCE              Offs=00003B  Size=000011  Align=00001  Fill=0000
/Users/rje/git/cc65/lib/cx16.lib(zerobss.o):
    CODE              Offs=0035F9  Size=000023  Align=00001  Fill=0000
/Users/rje/git/cc65/lib/cx16.lib(zeropage.o):
    ZEROPAGE          Offs=000000  Size=00001A  Align=00001  Fill=0000


Segment list:
-------------
Name                   Start     End    Size  Align
----------------------------------------------------
ZEROPAGE              000022  00003B  00001A  00001
LOADADDR              0007FF  000800  000002  00001
EXEHDR                000801  00080C  00000C  00001
STARTUP               00080D  000834  000028  00001
CODE                  000835  003E50  00361C  00001
RODATA                003E51  004A6C  000C1C  00001
DATA                  004A6D  004BC0  000154  00001
INIT                  004BC1  004BC2  000002  00001
BSS                   004BC3  004DC9  000207  00001
ONCE                  004BC3  004C14  000052  00001


Exports list by name:
---------------------
BASIN                     00FFCF RLA    BSOUT                     00FFD2 RLA    
CHKIN                     00FFC6 RLA    CHROUT                    00FFD2 RLA    
CKOUT                     00FFC9 RLA    CLOCK_GET_DATE_TIME       00FF50 RLA    
CLRCH                     00FFCC RLA    ENTROPY_GET               00FECF RLA    
GETIN                     00FFE4 RLA    LOAD                      00FFD5 RLA    
OPEN                      00FFC0 RLA    PLOT                      00FFF0 RLA    
RDTIM                     00FFDE RLA    READST                    00FFB7 RLA    
SETLFS                    00FFBA RLA    SETNAM                    00FFBD RLA    
SETTIM                    00FFDB RLA    TM                        004B9F RLA    
__BSS_RUN__               004BC3 RLA    __BSS_SIZE__              000207 REA    
__CONSTRUCTOR_COUNT__     000003 REA    __CONSTRUCTOR_TABLE__     004C0F RLA    
__DESTRUCTOR_COUNT__      000000 REA    __DESTRUCTOR_TABLE__      004A6D RLA    
__EXEHDR__                000001 REA    __HEADER_LAST__           00080D RLA    
__HIMEM__                 009F00 REA    __LOADADDR__              000001 REA    
__MAIN_SIZE__             0096F3 REA    __MAIN_START__            00080D RLA    
__ONCE_RUN__              004BC3 RLA    __STACKSIZE__             000800 REA    
__STARTUP__               000001 REA    __ctype                   004954 RLA    
__ctypeidx                00495F RLA    __directerrno             001E43 RLA    
__errno                   004DA5 RLA    __hextab                  004920 RLA    
__longminstr              004930 RLA    __mappederrno             001E4C RLA    
__oserror                 004D36 RLA    __osmaperrno              0037B5 RLA    
__printf                  001F4E RLA    __randomize               00390D RLA    
__scanf                   002200 RLA    __seterrno                00295C RLA    
__setjmp                  0039D8 RLA    __tz                      004B90 RLA    
_bgcolor                  002AED RLA    _boot_cbf                 000926 RLA    
_boot_sbf                 00088A RLA    _c1                       004C6B RLA    
_c2                       004CBB RLA    _c3                       004CCF RLA    
_cbm_k_bsout              00FFD2 RLA    _cbm_k_load               0029EC RLA    
_cbm_k_setlfs             002A09 RLA    _cbm_k_setnam             002A17 RLA    
_cclear                   002A46 RLA    _cgetc                    002A56 RLA    
_ciLowerBuffer            004C17 RLA    _ci_confirm               000DA3 RLA    
_ci_inputToUpper          000CC8 RLA    _ci_login                 000A62 RLA    
_ci_readLine              000C2B RLA    _ci_run                   000AD2 RLA    
_ci_toUpper               000D1B RLA    _clock                    002AC1 RLA    
_clock_gettime            002E16 RLA    _clrscr                   002AC9 RLA    
_common_loadFile          000E7D RLA    _cprintf                  002B19 RLA    
_cputc                    002B48 RLA    _cputsxy                  002BA2 RLA    
_diskut_run               000F28 RLA    _div                      002C4C RLA    
_exit                     00081A RLA    _fgetc                    002C61 RLA    
_fgets                    002CE5 RLA    _fwrite                   002D9B RLA    
_gmtime                   002E62 RLA    _gotoxy                   002EF7 RLA    
_i1                       004C67 RLA    _i2                       004C69 RLA    
_isdigit                  002F71 RLA    _isspace                  002F79 RLA    
_isxdigit                 002F81 RLA    _kbhit                    002F89 RLA    
_localtime                0030CA RLA    _longjmp                  003105 RLA    
_ltoa                     003187 RLA    _main                     000835 RLA    
_memcpy                   0032C2 RLA    _mktime                   0032FE RLA    
_pause                    0010CC RLA    _pause_long               0010DC RLA    
_printf                   0037E3 RLA    _puts                     003876 RLA    
_rand                     0038E5 RLA    _read                     003913 RLA    
_restart_run              0010EC RLA    _revers                   0039AB RLA    
_setBank                  000E3E RLA    _srand                    0038D9 RLA    
_sscanf                   003A28 RLA    _stdin                    004B46 RLA    
_stdout                   004B48 RLA    _strcat                   003AC5 RLA    
_strcmp                   003AF4 RLA    _strlen                   003B15 RLA    
_strlower                 003B2B RLA    _strncmp                  003B52 RLA    
_textcolor                002ADA RLA    _time                     003BC1 RLA    
_tolower                  003C11 RLA    _toupper                  003C23 RLA    
_trk_getTrunkAlarmCount   001146 RLA    _trk_getTrunkAlarmType    0011DA RLA    
_trk_getTrunkSeverity     0011EF RLA    _trk_initTrunks           001145 RLA    
_trk_print                0012CE RLA    _ultoa                    0031C6 RLA    
_vcprintf                 003CDD RLA    _vfprintf                 003D44 RLA    
_volumes_find             001D1F RLA    _volumes_findEntry        001DB0 RLA    
_volumes_list             0017FB RLA    _volumes_listfiles        001A0C RLA    
_vsscanf                  003DB8 RLA    _write                    003DDA RLA    
addeq0sp                  00297D RLA    addeqysp                  00297F RLA    
addysp                    00298F RLA    addysp1                   00298E RLA    
aslax1                    00299C RLA    aslax2                    0029A4 RLA    
aslax4                    0029AF RLA    asleax1                   0029C0 RLA    
asleax2                   0029CC RLA    axlong                    0029DF RLA    
axulong                   0029E5 RLA    booleq                    00329C RLA    
boolult                   0032B5 RLA    callmain                  002A2A RLA    
complax                   002B04 RLA    cputdirect                002B5B RLA    
ctypemask                 002BC5 RLA    ctypemaskdirect           002BC9 RLA    
cursor                    004D35 RLA    decax1                    002BE3 RLA    
decax4                    002BEA RLA    decaxy                    002BF1 RLA    
decsp1                    002BFA RLA    decsp2                    002C03 RLA    
decsp4                    002C10 RLA    decsp5                    002C1D RLA    
decsp6                    002C2A RLA    donelib                   002B0D RLA    
fdtab                     004B78 RLA    getlop                    003211 RLA    
gotoxy                    002EF4 RLA    incax4                    002F31 RLA    
incaxy                    002F33 RLA    inceaxy                   003042 RLA    
incsp1                    002F3C RLA    incsp2                    002F4A RLA    
incsp3                    002F58 RLA    incsp4                    002F5D RLA    
incsp5                    002F62 RLA    incsp6                    002F67 RLA    
incsp8                    002F6C RLA    initclock                 002ABA  LAI   
initlib                   004BC3 RLA    initstdin                 004BF2  LAI   
initstdout                004BFE  LAI   jmpvec                    004B88 RLA    
ldax0sp                   003003 RLA    ldaxi                     002FF6 RLA    
ldaxysp                   003005 RLA    ldeax0sp                  003023 RLA    
ldeaxi                    00300C RLA    ldeaxidx                  00300E RLA    
ldeaxysp                  003025 RLA    leaa0sp                   003036 RLA    
load_jiffy                003C04 RLA    mul8x16                   00372D RLA    
mul8x16a                  003737 RLA    mulax10                   003765 RLA    
mulax3                    00377E RLA    mulax5                    00378F RLA    
negax                     0037A7 RLA    negeax                    0030AC RLA    
plot                      002B74 RLA    popa                      0037CB RLA    
popax                     002F43 RLA    popptr1                   0037D5 RLA    
popsargsudiv16            0039FD RLA    ptr1                      00002A RLZ    
ptr2                      00002C RLZ    ptr3                      00002E RLZ    
ptr4                      000030 RLZ    push1                     003816 RLA    
pusha                     00381F RLA    pusha0                    003833 RLA    
pushax                    003835 RLA    pusheax                   003134 RLA    
pushw                     00384B RLA    pushw0sp                  00385A RLA    
pushwidx                  00384D RLA    pushwysp                  00385C RLA    
regbank                   000036 RLZ    regsave                   000026 RLZ    
regswap2                  003991 RLA    return0                   0039A7 RLA    
rwcommon                  0039BE RLA    shlax1                    00299C RLA    
shlax2                    0029A4 RLA    shlax4                    0029AF RLA    
shrax2                    003A1D RLA    sp                        000022 RLZ    
sreg                      000024 RLZ    staspidx                  003A53 RLA    
stax0sp                   003A69 RLA    staxspidx                 003A74 RLA    
staxysp                   003A6B RLA    steax0sp                  003A8E RLA    
steaxspidx                003AA3 RLA    subeq0sp                  003B9F RLA    
subeqysp                  003BA1 RLA    subysp                    003BB4 RLA    
tmp1                      000032 RLZ    tmp2                      000033 RLZ    
tmp3                      000034 RLZ    tmp4                      000035 RLZ    
tosaddax                  002967 RLA    tosaddeax                 002F9D RLA    
tosdivax                  002C39 RLA    tosicmp                   002F05 RLA    
tosicmp0                  002F03 RLA    toslcmp                   002FBB RLA    
tosmoda0                  0036D5 RLA    tosmul0ax                 003053 RLA    
tosmuleax                 003057 RLA    tossuba0                  003B8B RLA    
tossubeax                 00314F RLA    tosudiv0ax                003202 RLA    
tosudivax                 003C37 RLA    tosudiveax                003206 RLA    
tosulteax                 003279 RLA    tosumod0ax                00327F RLA    
tosumoda0                 003C84 RLA    tosumodax                 003C86 RLA    
tosumul0ax                003053 RLA    tosumula0                 00372B RLA    
tosumulax                 0036E6 RLA    tosumuleax                003057 RLA    
udiv16                    003C46 RLA    udiv32                    003234 RLA    
unittab                   004B80 RLA    zerobss                   003E2E RLA    



Exports list by value:
----------------------
__DESTRUCTOR_COUNT__      000000 REA    __STARTUP__               000001 REA    
__EXEHDR__                000001 REA    __LOADADDR__              000001 REA    
__CONSTRUCTOR_COUNT__     000003 REA    sp                        000022 RLZ    
sreg                      000024 RLZ    regsave                   000026 RLZ    
ptr1                      00002A RLZ    ptr2                      00002C RLZ    
ptr3                      00002E RLZ    ptr4                      000030 RLZ    
tmp1                      000032 RLZ    tmp2                      000033 RLZ    
tmp3                      000034 RLZ    tmp4                      000035 RLZ    
regbank                   000036 RLZ    __BSS_SIZE__              000207 REA    
__STACKSIZE__             000800 REA    __HEADER_LAST__           00080D RLA    
__MAIN_START__            00080D RLA    _exit                     00081A RLA    
_main                     000835 RLA    _boot_sbf                 00088A RLA    
_boot_cbf                 000926 RLA    _ci_login                 000A62 RLA    
_ci_run                   000AD2 RLA    _ci_readLine              000C2B RLA    
_ci_inputToUpper          000CC8 RLA    _ci_toUpper               000D1B RLA    
_ci_confirm               000DA3 RLA    _setBank                  000E3E RLA    
_common_loadFile          000E7D RLA    _diskut_run               000F28 RLA    
_pause                    0010CC RLA    _pause_long               0010DC RLA    
_restart_run              0010EC RLA    _trk_initTrunks           001145 RLA    
_trk_getTrunkAlarmCount   001146 RLA    _trk_getTrunkAlarmType    0011DA RLA    
_trk_getTrunkSeverity     0011EF RLA    _trk_print                0012CE RLA    
_volumes_list             0017FB RLA    _volumes_listfiles        001A0C RLA    
_volumes_find             001D1F RLA    _volumes_findEntry        001DB0 RLA    
__directerrno             001E43 RLA    __mappederrno             001E4C RLA    
__printf                  001F4E RLA    __scanf                   002200 RLA    
__seterrno                00295C RLA    tosaddax                  002967 RLA    
addeq0sp                  00297D RLA    addeqysp                  00297F RLA    
addysp1                   00298E RLA    addysp                    00298F RLA    
shlax1                    00299C RLA    aslax1                    00299C RLA    
shlax2                    0029A4 RLA    aslax2                    0029A4 RLA    
aslax4                    0029AF RLA    shlax4                    0029AF RLA    
asleax1                   0029C0 RLA    asleax2                   0029CC RLA    
axlong                    0029DF RLA    axulong                   0029E5 RLA    
_cbm_k_load               0029EC RLA    _cbm_k_setlfs             002A09 RLA    
_cbm_k_setnam             002A17 RLA    callmain                  002A2A RLA    
_cclear                   002A46 RLA    _cgetc                    002A56 RLA    
initclock                 002ABA  LAI   _clock                    002AC1 RLA    
_clrscr                   002AC9 RLA    _textcolor                002ADA RLA    
_bgcolor                  002AED RLA    complax                   002B04 RLA    
donelib                   002B0D RLA    _cprintf                  002B19 RLA    
_cputc                    002B48 RLA    cputdirect                002B5B RLA    
plot                      002B74 RLA    _cputsxy                  002BA2 RLA    
ctypemask                 002BC5 RLA    ctypemaskdirect           002BC9 RLA    
decax1                    002BE3 RLA    decax4                    002BEA RLA    
decaxy                    002BF1 RLA    decsp1                    002BFA RLA    
decsp2                    002C03 RLA    decsp4                    002C10 RLA    
decsp5                    002C1D RLA    decsp6                    002C2A RLA    
tosdivax                  002C39 RLA    _div                      002C4C RLA    
_fgetc                    002C61 RLA    _fgets                    002CE5 RLA    
_fwrite                   002D9B RLA    _clock_gettime            002E16 RLA    
_gmtime                   002E62 RLA    gotoxy                    002EF4 RLA    
_gotoxy                   002EF7 RLA    tosicmp0                  002F03 RLA    
tosicmp                   002F05 RLA    incax4                    002F31 RLA    
incaxy                    002F33 RLA    incsp1                    002F3C RLA    
popax                     002F43 RLA    incsp2                    002F4A RLA    
incsp3                    002F58 RLA    incsp4                    002F5D RLA    
incsp5                    002F62 RLA    incsp6                    002F67 RLA    
incsp8                    002F6C RLA    _isdigit                  002F71 RLA    
_isspace                  002F79 RLA    _isxdigit                 002F81 RLA    
_kbhit                    002F89 RLA    tosaddeax                 002F9D RLA    
toslcmp                   002FBB RLA    ldaxi                     002FF6 RLA    
ldax0sp                   003003 RLA    ldaxysp                   003005 RLA    
ldeaxi                    00300C RLA    ldeaxidx                  00300E RLA    
ldeax0sp                  003023 RLA    ldeaxysp                  003025 RLA    
leaa0sp                   003036 RLA    inceaxy                   003042 RLA    
tosmul0ax                 003053 RLA    tosumul0ax                003053 RLA    
tosmuleax                 003057 RLA    tosumuleax                003057 RLA    
negeax                    0030AC RLA    _localtime                0030CA RLA    
_longjmp                  003105 RLA    pusheax                   003134 RLA    
tossubeax                 00314F RLA    _ltoa                     003187 RLA    
_ultoa                    0031C6 RLA    tosudiv0ax                003202 RLA    
tosudiveax                003206 RLA    getlop                    003211 RLA    
udiv32                    003234 RLA    tosulteax                 003279 RLA    
tosumod0ax                00327F RLA    booleq                    00329C RLA    
boolult                   0032B5 RLA    _memcpy                   0032C2 RLA    
_mktime                   0032FE RLA    tosmoda0                  0036D5 RLA    
tosumulax                 0036E6 RLA    tosumula0                 00372B RLA    
mul8x16                   00372D RLA    mul8x16a                  003737 RLA    
mulax10                   003765 RLA    mulax3                    00377E RLA    
mulax5                    00378F RLA    negax                     0037A7 RLA    
__osmaperrno              0037B5 RLA    popa                      0037CB RLA    
popptr1                   0037D5 RLA    _printf                   0037E3 RLA    
push1                     003816 RLA    pusha                     00381F RLA    
pusha0                    003833 RLA    pushax                    003835 RLA    
pushw                     00384B RLA    pushwidx                  00384D RLA    
pushw0sp                  00385A RLA    pushwysp                  00385C RLA    
_puts                     003876 RLA    _srand                    0038D9 RLA    
_rand                     0038E5 RLA    __randomize               00390D RLA    
_read                     003913 RLA    regswap2                  003991 RLA    
return0                   0039A7 RLA    _revers                   0039AB RLA    
rwcommon                  0039BE RLA    __setjmp                  0039D8 RLA    
popsargsudiv16            0039FD RLA    shrax2                    003A1D RLA    
_sscanf                   003A28 RLA    staspidx                  003A53 RLA    
stax0sp                   003A69 RLA    staxysp                   003A6B RLA    
staxspidx                 003A74 RLA    steax0sp                  003A8E RLA    
steaxspidx                003AA3 RLA    _strcat                   003AC5 RLA    
_strcmp                   003AF4 RLA    _strlen                   003B15 RLA    
_strlower                 003B2B RLA    _strncmp                  003B52 RLA    
tossuba0                  003B8B RLA    subeq0sp                  003B9F RLA    
subeqysp                  003BA1 RLA    subysp                    003BB4 RLA    
_time                     003BC1 RLA    load_jiffy                003C04 RLA    
_tolower                  003C11 RLA    _toupper                  003C23 RLA    
tosudivax                 003C37 RLA    udiv16                    003C46 RLA    
tosumoda0                 003C84 RLA    tosumodax                 003C86 RLA    
_vcprintf                 003CDD RLA    _vfprintf                 003D44 RLA    
_vsscanf                  003DB8 RLA    _write                    003DDA RLA    
zerobss                   003E2E RLA    __hextab                  004920 RLA    
__longminstr              004930 RLA    __ctype                   004954 RLA    
__ctypeidx                00495F RLA    __DESTRUCTOR_TABLE__      004A6D RLA    
_stdin                    004B46 RLA    _stdout                   004B48 RLA    
fdtab                     004B78 RLA    unittab                   004B80 RLA    
jmpvec                    004B88 RLA    __tz                      004B90 RLA    
TM                        004B9F RLA    initlib                   004BC3 RLA    
__ONCE_RUN__              004BC3 RLA    __BSS_RUN__               004BC3 RLA    
initstdin                 004BF2  LAI   initstdout                004BFE  LAI   
__CONSTRUCTOR_TABLE__     004C0F RLA    _ciLowerBuffer            004C17 RLA    
_i1                       004C67 RLA    _i2                       004C69 RLA    
_c1                       004C6B RLA    _c2                       004CBB RLA    
_c3                       004CCF RLA    cursor                    004D35 RLA    
__oserror                 004D36 RLA    __errno                   004DA5 RLA    
__MAIN_SIZE__             0096F3 REA    __HIMEM__                 009F00 REA    
ENTROPY_GET               00FECF RLA    CLOCK_GET_DATE_TIME       00FF50 RLA    
READST                    00FFB7 RLA    SETLFS                    00FFBA RLA    
SETNAM                    00FFBD RLA    OPEN                      00FFC0 RLA    
CHKIN                     00FFC6 RLA    CKOUT                     00FFC9 RLA    
CLRCH                     00FFCC RLA    BASIN                     00FFCF RLA    
CHROUT                    00FFD2 RLA    BSOUT                     00FFD2 RLA    
_cbm_k_bsout              00FFD2 RLA    LOAD                      00FFD5 RLA    
SETTIM                    00FFDB RLA    RDTIM                     00FFDE RLA    
GETIN                     00FFE4 RLA    PLOT                      00FFF0 RLA    



Imports list:
-------------
BASIN (kernal.o):
    read.o                    cbm/cbm.inc:47
BSOUT (kernal.o):
    read.o                    cbm/cbm.inc:49
    write.o                   cbm/cbm.inc:49
    c_bsout.o                 cbm/cbm.inc:49
CHKIN (kernal.o):
    read.o                    cbm/cbm.inc:44
CHROUT (kernal.o):
    crt0.o                    cx16/crt0.s:10
    clrscr.o                  cx16/clrscr.s:10
    c_bsout.o                 cbm/cbm.inc:50
CKOUT (kernal.o):
    write.o                   cbm/cbm.inc:45
CLOCK_GET_DATE_TIME (kernal.o):
    gettime.o                 cx16/gettime.s:12
CLRCH (kernal.o):
    read.o                    cbm/cbm.inc:46
    write.o                   cbm/cbm.inc:46
ENTROPY_GET (kernal.o):
    randomize.o               cx16/randomize.s:10
GETIN (kernal.o):
    cgetc.o                   cx16/cgetc.s:10
LOAD (kernal.o):
    c_load.o                  cbm/cbm.inc:37
OPEN (kernal.o):
    read.o                    cbm/cbm.inc:35
    write.o                   cbm/cbm.inc:35
PLOT (kernal.o):
    cputc.o                   cx16/cputc.s:11
RDTIM (kernal.o):
    clock.o                   cx16/clock.s:11
READST (kernal.o):
    read.o                    cbm/cbm.inc:32
    write.o                   cbm/cbm.inc:32
SETLFS (kernal.o):
    read.o                    cbm/cbm.inc:33
    write.o                   cbm/cbm.inc:33
    c_setlfs.o                cbm/cbm.inc:33
SETNAM (kernal.o):
    c_setnam.o                cbm/cbm.inc:34
SETTIM (kernal.o):
    clock.o                   cx16/clock.s:11
TM (tmcommon.o):
    gettime.o                 cx16/gettime.s:11
__BSS_RUN__ ([linker generated]):
    zerobss.o                 common/zerobss.s:8
__BSS_SIZE__ ([linker generated]):
    zerobss.o                 common/zerobss.s:8
__CONSTRUCTOR_COUNT__ ([linker generated]):
    condes.o                  runtime/condes.s:18
__CONSTRUCTOR_TABLE__ ([linker generated]):
    condes.o                  runtime/condes.s:18
__DESTRUCTOR_COUNT__ ([linker generated]):
    condes.o                  runtime/condes.s:19
__DESTRUCTOR_TABLE__ ([linker generated]):
    condes.o                  runtime/condes.s:19
__EXEHDR__ (exehdr.o):
    [linker generated]        /Users/rje/git/cc65/cfg/cx16.cfg:6
__HEADER_LAST__ ([linker generated]):
    [linker generated]        /Users/rje/git/cc65/cfg/cx16.cfg:14
    [linker generated]        /Users/rje/git/cc65/cfg/cx16.cfg:14
__HIMEM__ ([linker generated]):
    [linker generated]        /Users/rje/git/cc65/cfg/cx16.cfg:15
    [linker generated]        /Users/rje/git/cc65/cfg/cx16.cfg:14
__LOADADDR__ (loadaddr.o):
    [linker generated]        /Users/rje/git/cc65/cfg/cx16.cfg:5
__MAIN_SIZE__ ([linker generated]):
    crt0.o                    cx16/crt0.s:11
__MAIN_START__ ([linker generated]):
    crt0.o                    cx16/crt0.s:11
__ONCE_RUN__ ([linker generated]):
    [linker generated]        /Users/rje/git/cc65/cfg/cx16.cfg:15
    [linker generated]        /Users/rje/git/cc65/cfg/cx16.cfg:15
__STACKSIZE__ ([linker generated]):
    [linker generated]        /Users/rje/git/cc65/cfg/cx16.cfg:15
__STARTUP__ (crt0.o):
    main.o                    main.s:13
__ctype (ctype.o):
    ctypemask.o               common/ctypemask.s:23
__ctypeidx (ctype.o):
    ctypemask.o               common/ctypemask.s:24
__directerrno (_directerrno.o):
    read.o                    /Users/rje/git/cc65/asminc/errno.inc:10
    write.o                   /Users/rje/git/cc65/asminc/errno.inc:10
__errno (errno.o):
    _seterrno.o               /Users/rje/git/cc65/asminc/errno.inc:7
__hextab (_hextab.o):
    ltoa.o                    common/ltoa.s:10
__longminstr (_longminstr.o):
    ltoa.o                    common/ltoa.s:10
__mappederrno (_mappederrno.o):
    read.o                    /Users/rje/git/cc65/asminc/errno.inc:10
    write.o                   /Users/rje/git/cc65/asminc/errno.inc:10
__oserror (_oserror.o):
    read.o                    /Users/rje/git/cc65/asminc/errno.inc:7
    _mappederrno.o            /Users/rje/git/cc65/asminc/errno.inc:7
    _directerrno.o            /Users/rje/git/cc65/asminc/errno.inc:7
    write.o                   /Users/rje/git/cc65/asminc/errno.inc:7
    c_load.o                  cbm/c_load.s:10
__osmaperrno (oserror.o):
    _mappederrno.o            /Users/rje/git/cc65/asminc/errno.inc:8
__printf (_printf.o):
    vfprintf.o                common/vfprintf.s:10
    vcprintf.o                conio/vcprintf.s:9
__randomize (randomize.o):
    ci.o                      ci.s:15
__scanf (_scanf.o):
    vsscanf.o                 common/vsscanf.s:11
__seterrno (_seterrno.o):
    fwrite.o                  /Users/rje/git/cc65/asminc/errno.inc:9
    _scanf.o                  ../libwrk/cx16/_scanf.s:16
    _mappederrno.o            /Users/rje/git/cc65/asminc/errno.inc:9
    _directerrno.o            /Users/rje/git/cc65/asminc/errno.inc:9
    fgets.o                   ../libwrk/cx16/fgets.s:15
__setjmp (setjmp.o):
    _scanf.o                  ../libwrk/cx16/_scanf.s:14
__tz (timezone.o):
    mktime.o                  ../libwrk/cx16/mktime.s:14
    localtime.o               ../libwrk/cx16/localtime.s:13
_bgcolor (color.o):
    main.o                    main.s:19
_boot_cbf (boot.o):
    diskut.o                  diskut.s:18
_boot_sbf (boot.o):
    diskut.o                  diskut.s:17
_c1 (ci.o):
    restart.o                 restart.s:21
    diskut.o                  diskut.s:22
_c2 (ci.o):
    diskut.o                  diskut.s:23
_c3 (ci.o):
    diskut.o                  diskut.s:24
_cbm_k_bsout (c_bsout.o):
    common.o                  common.s:13
_cbm_k_load (c_load.o):
    common.o                  common.s:14
    main.o                    main.s:14
_cbm_k_setlfs (c_setlfs.o):
    common.o                  common.s:15
    main.o                    main.s:15
_cbm_k_setnam (c_setnam.o):
    common.o                  common.s:16
    main.o                    main.s:16
_cclear (cclear.o):
    ttp.o                     ttp.s:18
_cgetc (cgetc.o):
    restart.o                 restart.s:13
    common.o                  common.s:19
    ci.o                      ci.s:13
_ciLowerBuffer (ci.o):
    restart.o                 restart.s:20
    diskut.o                  diskut.s:19
_ci_confirm (ci.o):
    restart.o                 restart.s:18
    boot.o                    boot.s:21
_ci_inputToUpper (ci.o):
    volumes.o                 volumes.s:21
_ci_login (ci.o):
    main.o                    main.s:22
_ci_readLine (ci.o):
    main.o                    main.s:24
_ci_run (ci.o):
    main.o                    main.s:23
_ci_toUpper (ci.o):
    volumes.o                 volumes.s:22
    boot.o                    boot.s:20
_clock (clock.o):
    pause.o                   pause.s:13
_clock_gettime (gettime.o):
    time.o                    /Users/rje/git/cc65/asminc/time.inc:65
_clrscr (clrscr.o):
    ttp.o                     ttp.s:13
    common.o                  common.s:17
    main.o                    main.s:17
_common_loadFile (common.o):
    main.o                    main.s:20
_cprintf (cprintf.o):
    ttp.o                     ttp.s:16
    trk.o                     trk.s:13
_cputc (cputc.o):
    vcprintf.o                conio/vcprintf.s:9
    cputs.o                   conio/cputs.s:9
_cputsxy (cputs.o):
    ttp.o                     ttp.s:15
    common.o                  common.s:18
_diskut_run (diskut.o):
    ci.o                      ci.s:38
_div (divt.o):
    mktime.o                  ../libwrk/cx16/mktime.s:13
_exit (crt0.o):
    restart.o                 restart.s:14
_fgetc (fgetc.o):
    fgets.o                   ../libwrk/cx16/fgets.s:13
_fgets (fgets.o):
    ttp.o                     ttp.s:20
    ci.o                      ci.s:17
_fwrite (fwrite.o):
    vfprintf.o                common/vfprintf.s:10
_gmtime (gmtime.o):
    localtime.o               ../libwrk/cx16/localtime.s:14
_gotoxy (gotoxy.o):
    ttp.o                     ttp.s:14
_i1 (ci.o):
    diskut.o                  diskut.s:20
_i2 (ci.o):
    diskut.o                  diskut.s:21
_isdigit (isdigit.o):
    _scanf.o                  ../libwrk/cx16/_scanf.s:17
_isspace (isspace.o):
    _scanf.o                  ../libwrk/cx16/_scanf.s:18
_isxdigit (isxdigit.o):
    _scanf.o                  ../libwrk/cx16/_scanf.s:19
_kbhit (kbhit.o):
    cgetc.o                   cx16/cgetc.s:10
_localtime (localtime.o):
    ttp.o                     ttp.s:24
_longjmp (longjmp.o):
    _scanf.o                  ../libwrk/cx16/_scanf.s:15
_ltoa (ltoa.o):
    _printf.o                 common/_printf.s:12
_main (main.o):
    callmain.o                runtime/callmain.s:11
_memcpy (memcpy.o):
    volumes.o                 volumes.s:884
_mktime (mktime.o):
    gmtime.o                  ../libwrk/cx16/gmtime.s:14
    gettime.o                 /Users/rje/git/cc65/asminc/time.inc:68
_pause (pause.o):
    volumes.o                 volumes.s:23
    ttp.o                     ttp.s:38
    ci.o                      ci.s:36
_pause_long (pause.o):
    restart.o                 restart.s:19
    ci.o                      ci.s:37
_printf (printf.o):
    volumes.o                 volumes.s:13
    ci.o                      ci.s:18
    boot.o                    boot.s:13
_puts (puts.o):
    volumes.o                 volumes.s:14
    restart.o                 restart.s:15
    ci.o                      ci.s:19
_rand (rand.o):
    pause.o                   pause.s:14
    ci.o                      ci.s:14
_read (read.o):
    fgetc.o                   ../libwrk/cx16/fgetc.s:14
_restart_run (restart.o):
    ci.o                      ci.s:39
_revers (revers.o):
    ttp.o                     ttp.s:17
_setBank (common.o):
    volumes.o                 volumes.s:16
_srand (rand.o):
    randomize.o               cx16/randomize.s:10
_sscanf (sscanf.o):
    ttp.o                     ttp.s:21
    restart.o                 restart.s:16
    diskut.o                  diskut.s:13
    ci.o                      ci.s:20
_stdin (_file.o):
    ttp.o                     ttp.s:19
    ci.o                      ci.s:16
_stdout (_file.o):
    puts.o                    ../libwrk/cx16/puts.s:13
    printf.o                  common/printf.s:8
_strcat (strcat.o):
    boot.o                    boot.s:14
_strcmp (strcmp.o):
    volumes.o                 volumes.s:15
    ttp.o                     ttp.s:22
    ci.o                      ci.s:21
    boot.o                    boot.s:15
_strlen (strlen.o):
    _printf.o                 common/_printf.s:13
    puts.o                    ../libwrk/cx16/puts.s:15
    ttp.o                     ttp.s:23
    ci.o                      ci.s:23
_strlower (strlower.o):
    _printf.o                 common/_printf.s:13
_strncmp (strncmp.o):
    ci.o                      ci.s:24
_textcolor (color.o):
    main.o                    main.s:18
_time (time.o):
    ttp.o                     ttp.s:25
_tolower (tolower.o):
    _scanf.o                  ../libwrk/cx16/_scanf.s:20
    ci.o                      ci.s:26
_toupper (toupper.o):
    ci.o                      ci.s:25
_trk_getTrunkAlarmCount (trk.o):
    ttp.o                     ttp.s:34
_trk_getTrunkAlarmType (trk.o):
    ttp.o                     ttp.s:35
_trk_getTrunkSeverity (trk.o):
    ttp.o                     ttp.s:36
_trk_initTrunks (trk.o):
    main.o                    main.s:21
_trk_print (trk.o):
    ttp.o                     ttp.s:37
_ultoa (ltoa.o):
    _printf.o                 common/_printf.s:12
_vcprintf (vcprintf.o):
    cprintf.o                 conio/cprintf.s:8
_vfprintf (vfprintf.o):
    printf.o                  common/printf.s:8
_volumes_find (volumes.o):
    boot.o                    boot.s:18
_volumes_findEntry (volumes.o):
    boot.o                    boot.s:19
_volumes_list (volumes.o):
    diskut.o                  diskut.s:15
_volumes_listfiles (volumes.o):
    diskut.o                  diskut.s:16
_vsscanf (vsscanf.o):
    sscanf.o                  common/sscanf.s:8
_write (write.o):
    fwrite.o                  common/fwrite.s:10
    puts.o                    ../libwrk/cx16/puts.s:16
addeq0sp (addeqsp.o):
    ttp.o                     ttp.s:722
addeqysp (addeqsp.o):
    fgets.o                   ../libwrk/cx16/fgets.s:111
    ci.o                      ci.s:832
    ci.o                      ci.s:832
    ci.o                      ci.s:832
    ci.o                      ci.s:832
    boot.o                    boot.s:285
addysp (addysp.o):
    mktime.o                  ../libwrk/cx16/mktime.s:618
    fwrite.o                  common/fwrite.s:11
    sscanf.o                  common/sscanf.s:8
    printf.o                  common/printf.s:8
    incsp8.o                  runtime/incsp8.s:8
    incsp6.o                  runtime/incsp6.s:8
    incsp5.o                  runtime/incsp5.s:8
    incsp4.o                  runtime/incsp4.s:8
    incsp3.o                  runtime/incsp3.s:8
    fgets.o                   ../libwrk/cx16/fgets.s:111
    cprintf.o                 conio/cprintf.s:8
    volumes.o                 volumes.s:884
addysp1 (addysp.o):
    lsub.o                    runtime/lsub.s:11
    sub.o                     runtime/sub.s:8
    ludiv.o                   runtime/ludiv.s:9
    lmul.o                    runtime/lmul.s:9
    ladd.o                    runtime/ladd.s:8
aslax1 (aslax1.o):
    mktime.o                  ../libwrk/cx16/mktime.s:618
    volumes.o                 volumes.s:884
    volumes.o                 volumes.s:884
    ttp.o                     ttp.s:722
    ttp.o                     ttp.s:722
    ttp.o                     ttp.s:722
    ttp.o                     ttp.s:722
    boot.o                    boot.s:285
aslax2 (aslax2.o):
    volumes.o                 volumes.s:884
    volumes.o                 volumes.s:884
    volumes.o                 volumes.s:884
aslax4 (aslax4.o):
    volumes.o                 volumes.s:884
    volumes.o                 volumes.s:884
    ttp.o                     ttp.s:722
    ttp.o                     ttp.s:722
    ttp.o                     ttp.s:722
    ttp.o                     ttp.s:722
    boot.o                    boot.s:285
asleax1 (asleax1.o):
    volumes.o                 volumes.s:884
asleax2 (asleax2.o):
    volumes.o                 volumes.s:884
axlong (axlong.o):
    _printf.o                 common/_printf.s:11
    volumes.o                 volumes.s:884
axulong (axlong.o):
    mktime.o                  ../libwrk/cx16/mktime.s:618
    _scanf.o                  ../libwrk/cx16/_scanf.s:1057
    _scanf.o                  ../libwrk/cx16/_scanf.s:1057
    _printf.o                 common/_printf.s:11
    volumes.o                 volumes.s:884
    pause.o                   pause.s:84
booleq (makebool.o):
    _scanf.o                  ../libwrk/cx16/_scanf.s:1057
boolult (makebool.o):
    lult.o                    runtime/lult.s:8
callmain (callmain.o):
    crt0.o                    cx16/crt0.s:9
complax (compl.o):
    _scanf.o                  ../libwrk/cx16/_scanf.s:1057
cputdirect (cputc.o):
    cclear.o                  cbm/cclear.s:9
ctypemask (ctypemask.o):
    isxdigit.o                common/isxdigit.s:15
    isspace.o                 common/isspace.s:15
    isdigit.o                 common/isdigit.s:15
ctypemaskdirect (ctypemask.o):
    strlower.o                common/strlower.s:14
    toupper.o                 common/toupper.s:15
    tolower.o                 common/tolower.s:15
cursor (_cursor.o):
    cgetc.o                   cx16/cgetc.s:10
decax1 (decax1.o):
    mktime.o                  ../libwrk/cx16/mktime.s:618
    ttp.o                     ttp.s:722
    ci.o                      ci.s:832
decax4 (decax4.o):
    volumes.o                 volumes.s:884
decaxy (decaxy.o):
    mktime.o                  ../libwrk/cx16/mktime.s:618
    _scanf.o                  ../libwrk/cx16/_scanf.s:1057
decsp1 (decsp1.o):
    fgetc.o                   ../libwrk/cx16/fgetc.s:94
    time.o                    common/time.s:9
    trk.o                     trk.s:512
    common.o                  common.s:234
decsp2 (decsp2.o):
    ttp.o                     ttp.s:722
    boot.o                    boot.s:285
decsp4 (decsp4.o):
    mktime.o                  ../libwrk/cx16/mktime.s:618
    gmtime.o                  ../libwrk/cx16/gmtime.s:92
    sscanf.o                  common/sscanf.s:8
    lpush.o                   runtime/lpush.s:12
    localtime.o               ../libwrk/cx16/localtime.s:53
    fgets.o                   ../libwrk/cx16/fgets.s:111
decsp5 (decsp5.o):
    trk.o                     trk.s:512
decsp6 (decsp6.o):
    _printf.o                 common/_printf.s:11
donelib (condes.o):
    crt0.o                    cx16/crt0.s:8
fdtab (filedes.o):
    read.o                    cbm/filedes.inc:7
    write.o                   cbm/filedes.inc:7
getlop (ludiv.o):
    lumod.o                   runtime/lumod.s:9
gotoxy (gotoxy.o):
    cputs.o                   conio/cputs.s:9
    cputc.o                   cx16/cputc.s:11
    cclear.o                  cbm/cclear.s:9
incax4 (incaxy.o):
    mktime.o                  ../libwrk/cx16/mktime.s:618
incaxy (incaxy.o):
    volumes.o                 volumes.s:884
    volumes.o                 volumes.s:884
    volumes.o                 volumes.s:884
    ttp.o                     ttp.s:722
    boot.o                    boot.s:285
inceaxy (linc.o):
    gmtime.o                  ../libwrk/cx16/gmtime.s:92
incsp1 (incsp1.o):
    gettime.o                 cx16/gettime.s:10
    _scanf.o                  ../libwrk/cx16/_scanf.s:1057
    _scanf.o                  ../libwrk/cx16/_scanf.s:1057
    _scanf.o                  ../libwrk/cx16/_scanf.s:1057
    _scanf.o                  ../libwrk/cx16/_scanf.s:1057
    _scanf.o                  ../libwrk/cx16/_scanf.s:1057
    ttp.o                     ttp.s:722
    trk.o                     trk.s:512
    trk.o                     trk.s:512
    common.o                  common.s:234
    common.o                  common.s:234
    common.o                  common.s:234
    common.o                  common.s:234
    ci.o                      ci.s:832
incsp2 (incsp2.o):
    staxspi.o                 runtime/staxspi.s:9
    mktime.o                  ../libwrk/cx16/mktime.s:618
    staspidx.o                runtime/staspidx.s:8
    puts.o                    ../libwrk/cx16/puts.s:77
    popptr1.o                 runtime/popptr1.s:8
    ttp.o                     ttp.s:722
    ttp.o                     ttp.s:722
    ttp.o                     ttp.s:722
    ttp.o                     ttp.s:722
    ttp.o                     ttp.s:722
    trk.o                     trk.s:512
    trk.o                     trk.s:512
    ci.o                      ci.s:832
incsp3 (incsp3.o):
    fgetc.o                   ../libwrk/cx16/fgetc.s:94
    ttp.o                     ttp.s:722
    common.o                  common.s:234
    common.o                  common.s:234
    common.o                  common.s:234
incsp4 (incsp4.o):
    lcmp.o                    runtime/lcmp.s:9
    volumes.o                 volumes.s:884
    volumes.o                 volumes.s:884
    volumes.o                 volumes.s:884
    ttp.o                     ttp.s:722
    ci.o                      ci.s:832
    ci.o                      ci.s:832
    ci.o                      ci.s:832
    ci.o                      ci.s:832
incsp5 (incsp5.o):
    trk.o                     trk.s:512
incsp6 (incsp6.o):
    gmtime.o                  ../libwrk/cx16/gmtime.s:92
    fwrite.o                  common/fwrite.s:11
    vfprintf.o                common/vfprintf.s:9
    localtime.o               ../libwrk/cx16/localtime.s:53
    pause.o                   pause.s:84
    boot.o                    boot.s:285
incsp8 (incsp8.o):
    _scanf.o                  ../libwrk/cx16/_scanf.s:1057
    boot.o                    boot.s:285
initlib (condes.o):
    crt0.o                    cx16/crt0.s:8
jmpvec (jmpvec.o):
    _scanf.o                  ../libwrk/cx16/_scanf.s:1057
    _scanf.o                  ../libwrk/cx16/_scanf.s:1057
ldax0sp (ldaxsp.o):
    mktime.o                  ../libwrk/cx16/mktime.s:618
    ttp.o                     ttp.s:722
    ttp.o                     ttp.s:722
    ttp.o                     ttp.s:722
    ttp.o                     ttp.s:722
    ci.o                      ci.s:832
    ci.o                      ci.s:832
    ci.o                      ci.s:832
    ci.o                      ci.s:832
    ci.o                      ci.s:832
    boot.o                    boot.s:285
ldaxi (ldaxi.o):
    mktime.o                  ../libwrk/cx16/mktime.s:618
    _scanf.o                  ../libwrk/cx16/_scanf.s:1057
    _scanf.o                  ../libwrk/cx16/_scanf.s:1057
    trk.o                     trk.s:512
    trk.o                     trk.s:512
    ci.o                      ci.s:832
    ci.o                      ci.s:832
ldaxysp (ldaxsp.o):
    mktime.o                  ../libwrk/cx16/mktime.s:618
    gmtime.o                  ../libwrk/cx16/gmtime.s:92
    fwrite.o                  common/fwrite.s:11
    _scanf.o                  ../libwrk/cx16/_scanf.s:1057
    puts.o                    ../libwrk/cx16/puts.s:77
    localtime.o               ../libwrk/cx16/localtime.s:53
    fgets.o                   ../libwrk/cx16/fgets.s:111
    volumes.o                 volumes.s:884
    volumes.o                 volumes.s:884
    ttp.o                     ttp.s:722
    ttp.o                     ttp.s:722
    ttp.o                     ttp.s:722
    trk.o                     trk.s:512
    pause.o                   pause.s:84
    common.o                  common.s:234
    common.o                  common.s:234
    ci.o                      ci.s:832
    ci.o                      ci.s:832
    ci.o                      ci.s:832
    ci.o                      ci.s:832
    boot.o                    boot.s:285
    boot.o                    boot.s:285
ldeax0sp (ldeaxysp.o):
    gmtime.o                  ../libwrk/cx16/gmtime.s:92
ldeaxi (ldeaxi.o):
    gmtime.o                  ../libwrk/cx16/gmtime.s:92
    time.o                    common/time.s:9
    localtime.o               ../libwrk/cx16/localtime.s:53
ldeaxidx (ldeaxi.o):
    volumes.o                 volumes.s:884
ldeaxysp (ldeaxysp.o):
    volumes.o                 volumes.s:884
    pause.o                   pause.s:84
leaa0sp (leaaxsp.o):
    fgetc.o                   ../libwrk/cx16/fgetc.s:94
    volumes.o                 volumes.s:884
    trk.o                     trk.s:512
load_jiffy (tmcommon.o):
    gettime.o                 cx16/gettime.s:11
mul8x16 (mul8.o):
    mul.o                     runtime/mul.s:8
mul8x16a (mul8.o):
    mul.o                     runtime/mul.s:8
mulax10 (mulax10.o):
    _scanf.o                  ../libwrk/cx16/_scanf.s:1057
mulax3 (mulax3.o):
    ttp.o                     ttp.s:722
mulax5 (mulax5.o):
    ttp.o                     ttp.s:722
negax (negabs.o):
    div.o                     runtime/div.s:11
    divt.o                    common/divt.s:17
    shelp.o                   runtime/shelp.s:11
    mod.o                     runtime/mod.s:11
negeax (lneg.o):
    ltoa.o                    common/ltoa.s:9
    _scanf.o                  ../libwrk/cx16/_scanf.s:1057
plot (cputc.o):
    gotoxy.o                  cx16/gotoxy.s:9
popa (popa.o):
    gotoxy.o                  cx16/gotoxy.s:9
    c_setlfs.o                cbm/c_setlfs.s:12
    c_load.o                  cbm/c_load.s:11
popax (incsp2.o):
    rwcommon.o                cbm/rwcommon.s:9
    ltoa.o                    common/ltoa.s:9
    _printf.o                 common/_printf.s:11
    vsscanf.o                 common/vsscanf.s:11
    vcprintf.o                conio/vcprintf.s:8
    strncmp.o                 common/strncmp.s:8
    strcat.o                  common/strcat.s:9
    shelp.o                   runtime/shelp.s:11
    memcpy.o                  common/memcpy.s:14
popptr1 (popptr1.o):
    umod.o                    runtime/umod.s:8
    steaxspi.o                runtime/steaxspi.s:9
    rwcommon.o                cbm/rwcommon.s:9
    mul8.o                    runtime/mul8.s:9
    mul.o                     runtime/mul.s:9
    ltoa.o                    common/ltoa.s:9
    longjmp.o                 common/longjmp.s:9
    vcprintf.o                conio/vcprintf.s:8
    udiv.o                    runtime/udiv.s:9
    strncmp.o                 common/strncmp.s:8
    strcmp.o                  common/strcmp.s:8
    memcpy.o                  common/memcpy.s:14
popsargsudiv16 (shelp.o):
    div.o                     runtime/div.s:11
    mod.o                     runtime/mod.s:11
ptr1 (zeropage.o):
    div.o                     runtime/div.s:12
    strlower.o                common/strlower.s:13
    steaxspi.o                runtime/steaxspi.s:10
    staxspi.o                 runtime/staxspi.s:10
    setjmp.o                  common/setjmp.s:11
    read.o                    cbm/read.s:13
    mulax10.o                 runtime/mulax10.s:9
    mul8.o                    runtime/mul8.s:10
    mul.o                     runtime/mul.s:10
    mktime.o                  ../libwrk/cx16/mktime.s:11
    ludiv.o                   runtime/ludiv.s:10
    ltoa.o                    common/ltoa.s:11
    longjmp.o                 common/longjmp.s:10
    lcmp.o                    runtime/lcmp.s:10
    fwrite.o                  common/fwrite.s:14
    _scanf.o                  ../libwrk/cx16/_scanf.s:11
    _printf.o                 /Users/rje/git/cc65/asminc/zeropage.inc:12
    zerobss.o                 common/zerobss.s:9
    write.o                   cbm/write.s:11
    vsscanf.o                 common/vsscanf.s:12
    vfprintf.o                common/vfprintf.s:11
    vcprintf.o                conio/vcprintf.s:10
    udiv.o                    runtime/udiv.s:10
    time.o                    common/time.s:10
    strncmp.o                 common/strncmp.s:9
    strcmp.o                  common/strcmp.s:9
    strcat.o                  common/strcat.s:10
    staspidx.o                runtime/staspidx.s:9
    sscanf.o                  common/sscanf.s:9
    shelp.o                   runtime/shelp.s:12
    puts.o                    ../libwrk/cx16/puts.s:11
    pushw.o                   runtime/pushw.s:9
    printf.o                  common/printf.s:9
    popptr1.o                 runtime/popptr1.s:9
    mulax5.o                  runtime/mulax5.s:9
    mulax3.o                  runtime/mulax3.s:9
    memcpy.o                  common/memcpy.s:15
    lmul.o                    runtime/lmul.s:10
    ldeaxi.o                  runtime/ldeaxi.s:8
    ldaxi.o                   runtime/ldaxi.s:8
    cputs.o                   conio/cputs.s:10
    cprintf.o                 conio/cprintf.s:9
    c_setnam.o                cbm/c_setnam.s:10
    c_load.o                  cbm/c_load.s:12
    volumes.o                 volumes.s:11
    ttp.o                     ttp.s:11
    trk.o                     trk.s:11
    ci.o                      ci.s:11
    boot.o                    boot.s:11
ptr2 (zeropage.o):
    strlower.o                common/strlower.s:13
    rwcommon.o                cbm/rwcommon.s:10
    read.o                    cbm/read.s:13
    lumod.o                   runtime/lumod.s:10
    ludiv.o                   runtime/ludiv.s:10
    ltoa.o                    common/ltoa.s:11
    longjmp.o                 common/longjmp.s:10
    _printf.o                 /Users/rje/git/cc65/asminc/zeropage.inc:12
    write.o                   cbm/write.s:11
    vsscanf.o                 common/vsscanf.s:12
    vcprintf.o                conio/vcprintf.s:10
    strncmp.o                 common/strncmp.s:9
    strlen.o                  common/strlen.s:12
    strcmp.o                  common/strcmp.s:9
    strcat.o                  common/strcat.s:10
    memcpy.o                  common/memcpy.s:15
ptr3 (zeropage.o):
    rwcommon.o                cbm/rwcommon.s:10
    read.o                    cbm/read.s:13
    ludiv.o                   runtime/ludiv.s:10
    ltoa.o                    common/ltoa.s:11
    write.o                   cbm/write.s:11
    vcprintf.o                conio/vcprintf.s:10
    strncmp.o                 common/strncmp.s:9
    memcpy.o                  common/memcpy.s:15
    lmul.o                    runtime/lmul.s:10
ptr4 (zeropage.o):
    umod.o                    runtime/umod.s:9
    mul8.o                    runtime/mul8.s:10
    mul.o                     runtime/mul.s:10
    ludiv.o                   runtime/ludiv.s:10
    linc.o                    runtime/linc.s:8
    udiv.o                    runtime/udiv.s:10
    shelp.o                   runtime/shelp.s:12
    lmul.o                    runtime/lmul.s:10
push1 (push1.o):
    _printf.o                 common/_printf.s:11
    vfprintf.o                common/vfprintf.s:9
pusha (pusha.o):
    _scanf.o                  ../libwrk/cx16/_scanf.s:1057
    _scanf.o                  ../libwrk/cx16/_scanf.s:1057
    _scanf.o                  ../libwrk/cx16/_scanf.s:1057
    _scanf.o                  ../libwrk/cx16/_scanf.s:1057
    _scanf.o                  ../libwrk/cx16/_scanf.s:1057
    ttp.o                     ttp.s:722
    ttp.o                     ttp.s:722
    ttp.o                     ttp.s:722
    ttp.o                     ttp.s:722
    ttp.o                     ttp.s:722
    trk.o                     trk.s:512
    trk.o                     trk.s:512
    trk.o                     trk.s:512
    common.o                  common.s:234
    common.o                  common.s:234
    common.o                  common.s:234
    common.o                  common.s:234
    common.o                  common.s:234
    common.o                  common.s:234
    common.o                  common.s:234
    ci.o                      ci.s:832
    main.o                    main.s:82
pusha0 (pushax.o):
    push1.o                   runtime/push1.s:8
    fgetc.o                   ../libwrk/cx16/fgetc.s:94
    _scanf.o                  ../libwrk/cx16/_scanf.s:1057
    puts.o                    ../libwrk/cx16/puts.s:77
    volumes.o                 volumes.s:884
    volumes.o                 volumes.s:884
    ttp.o                     ttp.s:722
    ttp.o                     ttp.s:722
    ttp.o                     ttp.s:722
    trk.o                     trk.s:512
    restart.o                 restart.s:99
    diskut.o                  diskut.s:217
    common.o                  common.s:234
    ci.o                      ci.s:832
    ci.o                      ci.s:832
    boot.o                    boot.s:285
pushax (pushax.o):
    mktime.o                  ../libwrk/cx16/mktime.s:618
    mktime.o                  ../libwrk/cx16/mktime.s:618
    gmtime.o                  ../libwrk/cx16/gmtime.s:92
    gettime.o                 cx16/gettime.s:10
    fwrite.o                  common/fwrite.s:11
    fgetc.o                   ../libwrk/cx16/fgetc.s:94
    callmain.o                runtime/callmain.s:11
    _scanf.o                  ../libwrk/cx16/_scanf.s:1057
    _scanf.o                  ../libwrk/cx16/_scanf.s:1057
    _printf.o                 common/_printf.s:11
    vcprintf.o                conio/vcprintf.s:8
    puts.o                    ../libwrk/cx16/puts.s:77
    pushw.o                   runtime/pushw.s:8
    printf.o                  common/printf.s:8
    localtime.o               ../libwrk/cx16/localtime.s:53
    fgets.o                   ../libwrk/cx16/fgets.s:111
    cprintf.o                 conio/cprintf.s:8
    volumes.o                 volumes.s:884
    volumes.o                 volumes.s:884
    volumes.o                 volumes.s:884
    volumes.o                 volumes.s:884
    ttp.o                     ttp.s:722
    ttp.o                     ttp.s:722
    ttp.o                     ttp.s:722
    ttp.o                     ttp.s:722
    ttp.o                     ttp.s:722
    ttp.o                     ttp.s:722
    ttp.o                     ttp.s:722
    trk.o                     trk.s:512
    restart.o                 restart.s:99
    pause.o                   pause.s:84
    pause.o                   pause.s:84
    pause.o                   pause.s:84
    diskut.o                  diskut.s:217
    ci.o                      ci.s:832
    ci.o                      ci.s:832
    ci.o                      ci.s:832
    ci.o                      ci.s:832
    ci.o                      ci.s:832
    ci.o                      ci.s:832
    ci.o                      ci.s:832
    ci.o                      ci.s:832
    ci.o                      ci.s:832
    ci.o                      ci.s:832
    boot.o                    boot.s:285
    boot.o                    boot.s:285
    main.o                    main.s:82
pusheax (lpush.o):
    mktime.o                  ../libwrk/cx16/mktime.s:618
    gmtime.o                  ../libwrk/cx16/gmtime.s:92
    gettime.o                 cx16/gettime.s:10
    _scanf.o                  ../libwrk/cx16/_scanf.s:1057
    _printf.o                 common/_printf.s:11
    localtime.o               ../libwrk/cx16/localtime.s:53
    volumes.o                 volumes.s:884
    volumes.o                 volumes.s:884
    pause.o                   pause.s:84
pushw (pushw.o):
    ci.o                      ci.s:832
    ci.o                      ci.s:832
pushw0sp (pushwsp.o):
    mktime.o                  ../libwrk/cx16/mktime.s:618
    ttp.o                     ttp.s:722
    ttp.o                     ttp.s:722
    ci.o                      ci.s:832
    ci.o                      ci.s:832
    ci.o                      ci.s:832
    ci.o                      ci.s:832
    boot.o                    boot.s:285
pushwidx (pushw.o):
    ttp.o                     ttp.s:722
pushwysp (pushwsp.o):
    fwrite.o                  common/fwrite.s:11
    vfprintf.o                common/vfprintf.s:9
    puts.o                    ../libwrk/cx16/puts.s:77
    volumes.o                 volumes.s:884
    volumes.o                 volumes.s:884
    ttp.o                     ttp.s:722
    ci.o                      ci.s:832
    ci.o                      ci.s:832
    boot.o                    boot.s:285
    boot.o                    boot.s:285
regbank (zeropage.o):
    mktime.o                  ../libwrk/cx16/mktime.s:10
    fgetc.o                   ../libwrk/cx16/fgetc.s:10
    _scanf.o                  ../libwrk/cx16/_scanf.s:10
    _printf.o                 /Users/rje/git/cc65/asminc/zeropage.inc:14
    regswap2.o                runtime/regswap2.s:8
    fgets.o                   ../libwrk/cx16/fgets.s:10
regsave (zeropage.o):
    _scanf.o                  ../libwrk/cx16/_scanf.s:10
    ci.o                      ci.s:10
regswap2 (regswap2.o):
    mktime.o                  ../libwrk/cx16/mktime.s:618
    fgetc.o                   ../libwrk/cx16/fgetc.s:94
    fgets.o                   ../libwrk/cx16/fgets.s:111
return0 (return0.o):
    setjmp.o                  common/setjmp.s:10
    gettime.o                 cx16/gettime.s:10
rwcommon (rwcommon.o):
    read.o                    cbm/read.s:11
    write.o                   cbm/write.s:10
shlax1 (aslax1.o):
    trk.o                     trk.s:512
    trk.o                     trk.s:512
    trk.o                     trk.s:512
    trk.o                     trk.s:512
shlax2 (aslax2.o):
    volumes.o                 volumes.s:884
shlax4 (aslax4.o):
    volumes.o                 volumes.s:884
    trk.o                     trk.s:512
    trk.o                     trk.s:512
    trk.o                     trk.s:512
    trk.o                     trk.s:512
shrax2 (shrax2.o):
    mktime.o                  ../libwrk/cx16/mktime.s:618
sp (zeropage.o):
    lsub.o                    runtime/lsub.s:12
    sub.o                     runtime/sub.s:9
    staxspi.o                 runtime/staxspi.s:10
    setjmp.o                  common/setjmp.s:11
    mktime.o                  ../libwrk/cx16/mktime.s:10
    ludiv.o                   runtime/ludiv.s:10
    longjmp.o                 common/longjmp.s:10
    lcmp.o                    runtime/lcmp.s:10
    gmtime.o                  ../libwrk/cx16/gmtime.s:10
    fgetc.o                   ../libwrk/cx16/fgetc.s:10
    decsp6.o                  runtime/decsp6.s:8
    decsp4.o                  runtime/decsp4.s:8
    _scanf.o                  ../libwrk/cx16/_scanf.s:10
    _printf.o                 /Users/rje/git/cc65/asminc/zeropage.inc:11
    vsscanf.o                 common/vsscanf.s:12
    vfprintf.o                common/vfprintf.s:11
    vcprintf.o                conio/vcprintf.s:10
    subysp.o                  runtime/subysp.s:9
    subeqsp.o                 runtime/subeqsp.s:8
    steaxsp.o                 runtime/steaxsp.s:8
    staxsp.o                  runtime/staxsp.s:8
    staspidx.o                runtime/staspidx.s:9
    sscanf.o                  common/sscanf.s:9
    regswap2.o                runtime/regswap2.s:8
    pushwsp.o                 runtime/pushwsp.s:8
    pushax.o                  runtime/pushax.s:8
    pusha.o                   runtime/pusha.s:8
    printf.o                  common/printf.s:9
    popptr1.o                 runtime/popptr1.s:9
    popa.o                    runtime/popa.s:8
    memcpy.o                  common/memcpy.s:15
    lpush.o                   runtime/lpush.s:13
    localtime.o               ../libwrk/cx16/localtime.s:10
    lmul.o                    runtime/lmul.s:10
    leaaxsp.o                 runtime/leaaxsp.s:8
    ldeaxysp.o                runtime/ldeaxysp.s:12
    ldaxsp.o                  runtime/ldaxsp.s:8
    ladd.o                    runtime/ladd.s:9
    incsp2.o                  runtime/incsp2.s:8
    incsp1.o                  runtime/incsp1.s:8
    icmp.o                    runtime/icmp.s:9
    fgets.o                   ../libwrk/cx16/fgets.s:10
    decsp5.o                  runtime/decsp5.s:8
    decsp2.o                  runtime/decsp2.s:8
    decsp1.o                  runtime/decsp1.s:8
    crt0.o                    /Users/rje/git/cc65/asminc/zeropage.inc:11
    cprintf.o                 conio/cprintf.s:9
    addysp.o                  runtime/addysp.s:8
    addeqsp.o                 runtime/addeqsp.s:8
    add.o                     runtime/add.s:12
    volumes.o                 volumes.s:10
    ttp.o                     ttp.s:10
    trk.o                     trk.s:10
    common.o                  common.s:10
    ci.o                      ci.s:10
    boot.o                    boot.s:10
sreg (zeropage.o):
    lsub.o                    runtime/lsub.s:12
    divt.o                    common/divt.s:18
    umod.o                    runtime/umod.s:9
    tmcommon.o                cx16/tmcommon.s:9
    steaxspi.o                runtime/steaxspi.s:10
    mktime.o                  ../libwrk/cx16/mktime.s:10
    lumod.o                   runtime/lumod.s:10
    ludiv.o                   runtime/ludiv.s:10
    ltoa.o                    common/ltoa.s:11
    lneg.o                    runtime/lneg.s:11
    linc.o                    runtime/linc.s:8
    lcmp.o                    runtime/lcmp.s:10
    gmtime.o                  ../libwrk/cx16/gmtime.s:10
    _scanf.o                  ../libwrk/cx16/_scanf.s:10
    _printf.o                 /Users/rje/git/cc65/asminc/zeropage.inc:11
    udiv.o                    runtime/udiv.s:10
    time.o                    common/time.s:10
    steaxsp.o                 runtime/steaxsp.s:8
    mod.o                     runtime/mod.s:12
    lpush.o                   runtime/lpush.s:13
    localtime.o               ../libwrk/cx16/localtime.s:10
    lmul.o                    runtime/lmul.s:10
    ldeaxysp.o                runtime/ldeaxysp.s:12
    ldeaxi.o                  runtime/ldeaxi.s:8
    ladd.o                    runtime/ladd.s:9
    icmp.o                    runtime/icmp.s:9
    clock.o                   cx16/clock.s:12
    axlong.o                  runtime/axlong.s:9
    asleax2.o                 runtime/asleax2.s:8
    asleax1.o                 runtime/asleax1.s:8
    volumes.o                 volumes.s:10
    ttp.o                     ttp.s:10
    boot.o                    boot.s:10
staspidx (staspidx.o):
    ci.o                      ci.s:832
    ci.o                      ci.s:832
    ci.o                      ci.s:832
    ci.o                      ci.s:832
    boot.o                    boot.s:285
stax0sp (staxsp.o):
    mktime.o                  ../libwrk/cx16/mktime.s:618
    fgets.o                   ../libwrk/cx16/fgets.s:111
    volumes.o                 volumes.s:884
    volumes.o                 volumes.s:884
    ttp.o                     ttp.s:722
    boot.o                    boot.s:285
    boot.o                    boot.s:285
staxspidx (staxspi.o):
    mktime.o                  ../libwrk/cx16/mktime.s:618
staxysp (staxsp.o):
    mktime.o                  ../libwrk/cx16/mktime.s:618
    fgets.o                   ../libwrk/cx16/fgets.s:111
    boot.o                    boot.s:285
steax0sp (steaxsp.o):
    gmtime.o                  ../libwrk/cx16/gmtime.s:92
    localtime.o               ../libwrk/cx16/localtime.s:53
steaxspidx (steaxspi.o):
    gettime.o                 cx16/gettime.s:10
subeq0sp (subeqsp.o):
    common.o                  common.s:234
subeqysp (subeqsp.o):
    fgets.o                   ../libwrk/cx16/fgets.s:111
subysp (subysp.o):
    volumes.o                 volumes.s:884
tmp1 (zeropage.o):
    div.o                     runtime/div.s:12
    divt.o                    common/divt.s:18
    steaxspi.o                runtime/steaxspi.s:10
    staxspi.o                 runtime/staxspi.s:10
    shrax2.o                  runtime/shrax2.s:8
    read.o                    cbm/read.s:13
    mul.o                     runtime/mul.s:10
    mktime.o                  ../libwrk/cx16/mktime.s:11
    ltoa.o                    common/ltoa.s:11
    decaxy.o                  runtime/decaxy.s:8
    _printf.o                 /Users/rje/git/cc65/asminc/zeropage.inc:13
    vcprintf.o                conio/vcprintf.s:10
    time.o                    common/time.s:10
    staspidx.o                runtime/staspidx.s:9
    shelp.o                   runtime/shelp.s:12
    mod.o                     runtime/mod.s:12
    ladd.o                    runtime/ladd.s:9
    incaxy.o                  runtime/incaxy.s:8
    fgets.o                   ../libwrk/cx16/fgets.s:11
    cputs.o                   conio/cputs.s:10
    color.o                   cx16/color.s:11
    cclear.o                  cbm/cclear.s:10
    c_setlfs.o                cbm/c_setlfs.s:13
    asleax2.o                 runtime/asleax2.s:8
    asleax1.o                 runtime/asleax1.s:8
    aslax4.o                  runtime/aslax4.s:8
    aslax2.o                  runtime/aslax2.s:8
    aslax1.o                  runtime/aslax1.s:8
    volumes.o                 volumes.s:11
    ttp.o                     ttp.s:11
    restart.o                 restart.s:11
    common.o                  common.s:11
    ci.o                      ci.s:11
    boot.o                    boot.s:11
tmp2 (zeropage.o):
    div.o                     runtime/div.s:12
    steaxspi.o                runtime/steaxspi.s:10
    rwcommon.o                cbm/rwcommon.s:10
    read.o                    cbm/read.s:13
    time.o                    common/time.s:10
    shelp.o                   runtime/shelp.s:12
    lmul.o                    runtime/lmul.s:10
tmp3 (zeropage.o):
    steaxspi.o                runtime/steaxspi.s:10
    read.o                    cbm/read.s:13
    lumod.o                   runtime/lumod.s:10
    ludiv.o                   runtime/ludiv.s:10
    strcat.o                  common/strcat.s:10
    lmul.o                    runtime/lmul.s:10
tmp4 (zeropage.o):
    lumod.o                   runtime/lumod.s:10
    ludiv.o                   runtime/ludiv.s:10
    lmul.o                    runtime/lmul.s:10
tosaddax (add.o):
    ttp.o                     ttp.s:722
tosaddeax (ladd.o):
    mktime.o                  ../libwrk/cx16/mktime.s:618
    _scanf.o                  ../libwrk/cx16/_scanf.s:1057
    localtime.o               ../libwrk/cx16/localtime.s:53
    volumes.o                 volumes.s:884
    volumes.o                 volumes.s:884
    pause.o                   pause.s:84
tosdivax (div.o):
    divt.o                    common/divt.s:17
tosicmp (icmp.o):
    mktime.o                  ../libwrk/cx16/mktime.s:618
    restart.o                 restart.s:99
    diskut.o                  diskut.s:217
    ci.o                      ci.s:832
tosicmp0 (icmp.o):
    volumes.o                 volumes.s:884
    volumes.o                 volumes.s:884
    boot.o                    boot.s:285
toslcmp (lcmp.o):
    lult.o                    runtime/lult.s:8
tosmoda0 (mod.o):
    pause.o                   pause.s:84
    pause.o                   pause.s:84
    ci.o                      ci.s:832
    boot.o                    boot.s:285
tosmul0ax (lmul.o):
    gettime.o                 cx16/gettime.s:10
    volumes.o                 volumes.s:884
tosmuleax (lmul.o):
    _scanf.o                  ../libwrk/cx16/_scanf.s:1057
tossuba0 (sub.o):
    _scanf.o                  ../libwrk/cx16/_scanf.s:1057
tossubeax (lsub.o):
    mktime.o                  ../libwrk/cx16/mktime.s:618
tosudiv0ax (ludiv.o):
    gmtime.o                  ../libwrk/cx16/gmtime.s:92
tosudivax (udiv.o):
    fwrite.o                  common/fwrite.s:12
tosudiveax (ludiv.o):
    gmtime.o                  ../libwrk/cx16/gmtime.s:92
tosulteax (lult.o):
    pause.o                   pause.s:84
tosumod0ax (lumod.o):
    gmtime.o                  ../libwrk/cx16/gmtime.s:92
tosumoda0 (umod.o):
    mktime.o                  ../libwrk/cx16/mktime.s:618
    mktime.o                  ../libwrk/cx16/mktime.s:618
tosumodax (umod.o):
    mktime.o                  ../libwrk/cx16/mktime.s:618
tosumul0ax (lmul.o):
    mktime.o                  ../libwrk/cx16/mktime.s:618
tosumula0 (mul8.o):
    mktime.o                  ../libwrk/cx16/mktime.s:618
tosumulax (mul.o):
    mktime.o                  ../libwrk/cx16/mktime.s:618
    fwrite.o                  common/fwrite.s:12
tosumuleax (lmul.o):
    mktime.o                  ../libwrk/cx16/mktime.s:618
udiv16 (udiv.o):
    umod.o                    runtime/umod.s:8
    shelp.o                   runtime/shelp.s:11
udiv32 (ludiv.o):
    lumod.o                   runtime/lumod.s:9
unittab (filedes.o):
    read.o                    cbm/filedes.inc:8
zerobss (zerobss.o):
    crt0.o                    cx16/crt0.s:9

