Modules list:
-------------
main.o:
    CODE              Offs=000000  Size=000055  Align=00001  Fill=0000
    RODATA            Offs=000000  Size=000024  Align=00001  Fill=0000
boot.o:
    CODE              Offs=000055  Size=0001D8  Align=00001  Fill=0000
    RODATA            Offs=000024  Size=000113  Align=00001  Fill=0000
    BSS               Offs=000000  Size=000004  Align=00001  Fill=0000
ci.o:
    CODE              Offs=00022D  Size=000490  Align=00001  Fill=0000
    RODATA            Offs=000137  Size=0003E9  Align=00001  Fill=0000
    BSS               Offs=000004  Size=00011C  Align=00001  Fill=0000
    DATA              Offs=000000  Size=00008D  Align=00001  Fill=0000
ckt.o:
common.o:
    CODE              Offs=0006BD  Size=0000EA  Align=00001  Fill=0000
    RODATA            Offs=000520  Size=00001B  Align=00001  Fill=0000
diskut.o:
    CODE              Offs=0007A7  Size=00017A  Align=00001  Fill=0000
    RODATA            Offs=00053B  Size=000065  Align=00001  Fill=0000
pause.o:
    CODE              Offs=000921  Size=00006D  Align=00001  Fill=0000
restart.o:
    CODE              Offs=00098E  Size=000059  Align=00001  Fill=0000
    RODATA            Offs=0005A0  Size=00009A  Align=00001  Fill=0000
    BSS               Offs=000120  Size=000002  Align=00001  Fill=0000
trk.o:
    CODE              Offs=0009E7  Size=0002B2  Align=00001  Fill=0000
    RODATA            Offs=00063A  Size=000075  Align=00001  Fill=0000
    BSS               Offs=000122  Size=000004  Align=00001  Fill=0000
    DATA              Offs=00008D  Size=000020  Align=00001  Fill=0000
ttp.o:
    CODE              Offs=000C99  Size=000662  Align=00001  Fill=0000
    RODATA            Offs=0006AF  Size=0002CD  Align=00001  Fill=0000
    BSS               Offs=000126  Size=000040  Align=00001  Fill=0000
    DATA              Offs=0000AD  Size=000028  Align=00001  Fill=0000
volumes.o:
    CODE              Offs=0012FB  Size=000648  Align=00001  Fill=0000
    RODATA            Offs=00097C  Size=000130  Align=00001  Fill=0000
    BSS               Offs=000166  Size=000022  Align=00001  Fill=0000
    DATA              Offs=0000D5  Size=000010  Align=00001  Fill=0000
/Users/rje/git/cc65/lib/cx16.lib(_cursor.o):
    BSS               Offs=000188  Size=000001  Align=00001  Fill=0000
/Users/rje/git/cc65/lib/cx16.lib(_directerrno.o):
    CODE              Offs=001943  Size=000009  Align=00001  Fill=0000
/Users/rje/git/cc65/lib/cx16.lib(_file.o):
    DATA              Offs=0000E5  Size=00001E  Align=00001  Fill=0000
/Users/rje/git/cc65/lib/cx16.lib(_hextab.o):
    RODATA            Offs=000AAC  Size=000010  Align=00001  Fill=0000
/Users/rje/git/cc65/lib/cx16.lib(_longminstr.o):
    RODATA            Offs=000ABC  Size=00000C  Align=00001  Fill=0000
/Users/rje/git/cc65/lib/cx16.lib(_mappederrno.o):
    CODE              Offs=00194C  Size=00000F  Align=00001  Fill=0000
/Users/rje/git/cc65/lib/cx16.lib(_oserror.o):
    BSS               Offs=000189  Size=000001  Align=00001  Fill=0000
/Users/rje/git/cc65/lib/cx16.lib(_printf.o):
    CODE              Offs=00195B  Size=0003A5  Align=00001  Fill=0000
    BSS               Offs=00018A  Size=00002B  Align=00001  Fill=0000
    DATA              Offs=000103  Size=000003  Align=00001  Fill=0000
/Users/rje/git/cc65/lib/cx16.lib(_scanf.o):
    CODE              Offs=001D00  Size=00075C  Align=00001  Fill=0000
    RODATA            Offs=000AC8  Size=000010  Align=00001  Fill=0000
    BSS               Offs=0001B5  Size=000042  Align=00001  Fill=0000
/Users/rje/git/cc65/lib/cx16.lib(_seterrno.o):
    CODE              Offs=00245C  Size=000009  Align=00001  Fill=0000
/Users/rje/git/cc65/lib/cx16.lib(addeqsp.o):
    CODE              Offs=002465  Size=000011  Align=00001  Fill=0000
/Users/rje/git/cc65/lib/cx16.lib(addysp.o):
    CODE              Offs=002476  Size=00000E  Align=00001  Fill=0000
/Users/rje/git/cc65/lib/cx16.lib(aslax1.o):
    CODE              Offs=002484  Size=000008  Align=00001  Fill=0000
/Users/rje/git/cc65/lib/cx16.lib(aslax2.o):
    CODE              Offs=00248C  Size=00000B  Align=00001  Fill=0000
/Users/rje/git/cc65/lib/cx16.lib(aslax4.o):
    CODE              Offs=002497  Size=000011  Align=00001  Fill=0000
/Users/rje/git/cc65/lib/cx16.lib(asleax1.o):
    CODE              Offs=0024A8  Size=00000C  Align=00001  Fill=0000
/Users/rje/git/cc65/lib/cx16.lib(asleax2.o):
    CODE              Offs=0024B4  Size=000013  Align=00001  Fill=0000
/Users/rje/git/cc65/lib/cx16.lib(axlong.o):
    CODE              Offs=0024C7  Size=00000D  Align=00001  Fill=0000
/Users/rje/git/cc65/lib/cx16.lib(c_bsout.o):
/Users/rje/git/cc65/lib/cx16.lib(c_load.o):
    CODE              Offs=0024D4  Size=00001D  Align=00001  Fill=0000
/Users/rje/git/cc65/lib/cx16.lib(c_setlfs.o):
    CODE              Offs=0024F1  Size=00000E  Align=00001  Fill=0000
/Users/rje/git/cc65/lib/cx16.lib(c_setnam.o):
    CODE              Offs=0024FF  Size=000013  Align=00001  Fill=0000
/Users/rje/git/cc65/lib/cx16.lib(callmain.o):
    CODE              Offs=002512  Size=000017  Align=00001  Fill=0000
    DATA              Offs=000106  Size=000004  Align=00001  Fill=0000
/Users/rje/git/cc65/lib/cx16.lib(cclear.o):
    CODE              Offs=002529  Size=000015  Align=00001  Fill=0000
/Users/rje/git/cc65/lib/cx16.lib(cgetc.o):
    CODE              Offs=00253E  Size=000064  Align=00001  Fill=0000
/Users/rje/git/cc65/lib/cx16.lib(clock.o):
    CODE              Offs=0025A2  Size=00000F  Align=00001  Fill=0000
/Users/rje/git/cc65/lib/cx16.lib(clrscr.o):
    CODE              Offs=0025B1  Size=000011  Align=00001  Fill=0000
/Users/rje/git/cc65/lib/cx16.lib(color.o):
    CODE              Offs=0025C2  Size=00002A  Align=00001  Fill=0000
/Users/rje/git/cc65/lib/cx16.lib(compl.o):
    CODE              Offs=0025EC  Size=000009  Align=00001  Fill=0000
/Users/rje/git/cc65/lib/cx16.lib(condes.o):
    CODE              Offs=0025F5  Size=00000C  Align=00001  Fill=0000
    DATA              Offs=00010A  Size=000025  Align=00001  Fill=0000
    ONCE              Offs=000000  Size=00000C  Align=00001  Fill=0000
/Users/rje/git/cc65/lib/cx16.lib(cprintf.o):
    CODE              Offs=002601  Size=00002A  Align=00001  Fill=0000
    BSS               Offs=0001F7  Size=000001  Align=00001  Fill=0000
/Users/rje/git/cc65/lib/cx16.lib(cputc.o):
    CODE              Offs=00262B  Size=00005F  Align=00001  Fill=0000
    RODATA            Offs=000AD8  Size=000008  Align=00001  Fill=0000
/Users/rje/git/cc65/lib/cx16.lib(cputs.o):
    CODE              Offs=00268A  Size=000023  Align=00001  Fill=0000
/Users/rje/git/cc65/lib/cx16.lib(crt0.o):
    STARTUP           Offs=000000  Size=000028  Align=00001  Fill=0000
    ONCE              Offs=00000C  Size=000023  Align=00001  Fill=0000
    INIT              Offs=000000  Size=000002  Align=00001  Fill=0000
/Users/rje/git/cc65/lib/cx16.lib(ctype.o):
    RODATA            Offs=000AE0  Size=00008B  Align=00001  Fill=0000
/Users/rje/git/cc65/lib/cx16.lib(ctypemask.o):
    CODE              Offs=0026AD  Size=00001E  Align=00001  Fill=0000
/Users/rje/git/cc65/lib/cx16.lib(decax1.o):
    CODE              Offs=0026CB  Size=000007  Align=00001  Fill=0000
/Users/rje/git/cc65/lib/cx16.lib(decax4.o):
    CODE              Offs=0026D2  Size=000007  Align=00001  Fill=0000
/Users/rje/git/cc65/lib/cx16.lib(decaxy.o):
    CODE              Offs=0026D9  Size=000009  Align=00001  Fill=0000
/Users/rje/git/cc65/lib/cx16.lib(decsp1.o):
    CODE              Offs=0026E2  Size=000009  Align=00001  Fill=0000
/Users/rje/git/cc65/lib/cx16.lib(decsp2.o):
    CODE              Offs=0026EB  Size=00000D  Align=00001  Fill=0000
/Users/rje/git/cc65/lib/cx16.lib(decsp4.o):
    CODE              Offs=0026F8  Size=00000D  Align=00001  Fill=0000
/Users/rje/git/cc65/lib/cx16.lib(decsp5.o):
    CODE              Offs=002705  Size=00000D  Align=00001  Fill=0000
/Users/rje/git/cc65/lib/cx16.lib(decsp6.o):
    CODE              Offs=002712  Size=00000D  Align=00001  Fill=0000
/Users/rje/git/cc65/lib/cx16.lib(div.o):
    CODE              Offs=00271F  Size=000015  Align=00001  Fill=0000
/Users/rje/git/cc65/lib/cx16.lib(divt.o):
    CODE              Offs=002734  Size=000015  Align=00001  Fill=0000
/Users/rje/git/cc65/lib/cx16.lib(errno.o):
    BSS               Offs=0001F8  Size=000002  Align=00001  Fill=0000
/Users/rje/git/cc65/lib/cx16.lib(exehdr.o):
    EXEHDR            Offs=000000  Size=00000C  Align=00001  Fill=0000
/Users/rje/git/cc65/lib/cx16.lib(fgetc.o):
    CODE              Offs=002749  Size=000084  Align=00001  Fill=0000
/Users/rje/git/cc65/lib/cx16.lib(fgets.o):
    CODE              Offs=0027CD  Size=0000A8  Align=00001  Fill=0000
/Users/rje/git/cc65/lib/cx16.lib(filedes.o):
    CODE              Offs=002875  Size=00000E  Align=00001  Fill=0000
    DATA              Offs=00012F  Size=000010  Align=00001  Fill=0000
/Users/rje/git/cc65/lib/cx16.lib(fwrite.o):
    CODE              Offs=002883  Size=00007B  Align=00001  Fill=0000
    BSS               Offs=0001FA  Size=000002  Align=00001  Fill=0000
/Users/rje/git/cc65/lib/cx16.lib(gettime.o):
    CODE              Offs=0028FE  Size=00004C  Align=00001  Fill=0000
/Users/rje/git/cc65/lib/cx16.lib(gmtime.o):
    CODE              Offs=00294A  Size=000092  Align=00001  Fill=0000
    BSS               Offs=0001FC  Size=000012  Align=00001  Fill=0000
/Users/rje/git/cc65/lib/cx16.lib(gotox.o):
    CODE              Offs=0029DC  Size=000006  Align=00001  Fill=0000
/Users/rje/git/cc65/lib/cx16.lib(gotoxy.o):
    CODE              Offs=0029E2  Size=00000F  Align=00001  Fill=0000
/Users/rje/git/cc65/lib/cx16.lib(icmp.o):
    CODE              Offs=0029F1  Size=00002E  Align=00001  Fill=0000
/Users/rje/git/cc65/lib/cx16.lib(incaxy.o):
    CODE              Offs=002A1F  Size=00000B  Align=00001  Fill=0000
/Users/rje/git/cc65/lib/cx16.lib(incsp1.o):
    CODE              Offs=002A2A  Size=000007  Align=00001  Fill=0000
/Users/rje/git/cc65/lib/cx16.lib(incsp2.o):
    CODE              Offs=002A31  Size=000015  Align=00001  Fill=0000
/Users/rje/git/cc65/lib/cx16.lib(incsp3.o):
    CODE              Offs=002A46  Size=000005  Align=00001  Fill=0000
/Users/rje/git/cc65/lib/cx16.lib(incsp4.o):
    CODE              Offs=002A4B  Size=000005  Align=00001  Fill=0000
/Users/rje/git/cc65/lib/cx16.lib(incsp5.o):
    CODE              Offs=002A50  Size=000005  Align=00001  Fill=0000
/Users/rje/git/cc65/lib/cx16.lib(incsp6.o):
    CODE              Offs=002A55  Size=000005  Align=00001  Fill=0000
/Users/rje/git/cc65/lib/cx16.lib(incsp8.o):
    CODE              Offs=002A5A  Size=000005  Align=00001  Fill=0000
/Users/rje/git/cc65/lib/cx16.lib(isdigit.o):
    CODE              Offs=002A5F  Size=000008  Align=00001  Fill=0000
/Users/rje/git/cc65/lib/cx16.lib(isspace.o):
    CODE              Offs=002A67  Size=000008  Align=00001  Fill=0000
/Users/rje/git/cc65/lib/cx16.lib(isxdigit.o):
    CODE              Offs=002A6F  Size=000008  Align=00001  Fill=0000
/Users/rje/git/cc65/lib/cx16.lib(jmpvec.o):
    DATA              Offs=00013F  Size=000003  Align=00001  Fill=0000
/Users/rje/git/cc65/lib/cx16.lib(kbhit.o):
    CODE              Offs=002A77  Size=00000E  Align=00001  Fill=0000
/Users/rje/git/cc65/lib/cx16.lib(kernal.o):
/Users/rje/git/cc65/lib/cx16.lib(ladd.o):
    CODE              Offs=002A85  Size=000024  Align=00001  Fill=0000
/Users/rje/git/cc65/lib/cx16.lib(lcmp.o):
    CODE              Offs=002AA9  Size=00003B  Align=00001  Fill=0000
/Users/rje/git/cc65/lib/cx16.lib(ldaxi.o):
    CODE              Offs=002AE4  Size=00000D  Align=00001  Fill=0000
/Users/rje/git/cc65/lib/cx16.lib(ldaxsp.o):
    CODE              Offs=002AF1  Size=000009  Align=00001  Fill=0000
/Users/rje/git/cc65/lib/cx16.lib(ldeaxi.o):
    CODE              Offs=002AFA  Size=000017  Align=00001  Fill=0000
/Users/rje/git/cc65/lib/cx16.lib(ldeaxysp.o):
    CODE              Offs=002B11  Size=000013  Align=00001  Fill=0000
/Users/rje/git/cc65/lib/cx16.lib(leaaxsp.o):
    CODE              Offs=002B24  Size=00000C  Align=00001  Fill=0000
/Users/rje/git/cc65/lib/cx16.lib(linc.o):
    CODE              Offs=002B30  Size=000011  Align=00001  Fill=0000
/Users/rje/git/cc65/lib/cx16.lib(lmul.o):
    CODE              Offs=002B41  Size=000059  Align=00001  Fill=0000
/Users/rje/git/cc65/lib/cx16.lib(lneg.o):
    CODE              Offs=002B9A  Size=00001E  Align=00001  Fill=0000
/Users/rje/git/cc65/lib/cx16.lib(loadaddr.o):
    LOADADDR          Offs=000000  Size=000002  Align=00001  Fill=0000
/Users/rje/git/cc65/lib/cx16.lib(localtime.o):
    CODE              Offs=002BB8  Size=00003B  Align=00001  Fill=0000
/Users/rje/git/cc65/lib/cx16.lib(longjmp.o):
    CODE              Offs=002BF3  Size=000028  Align=00001  Fill=0000
/Users/rje/git/cc65/lib/cx16.lib(lpush.o):
    CODE              Offs=002C1B  Size=00001E  Align=00001  Fill=0000
/Users/rje/git/cc65/lib/cx16.lib(lsub.o):
    CODE              Offs=002C39  Size=000024  Align=00001  Fill=0000
/Users/rje/git/cc65/lib/cx16.lib(ltoa.o):
    CODE              Offs=002C5D  Size=000093  Align=00001  Fill=0000
/Users/rje/git/cc65/lib/cx16.lib(ludiv.o):
    CODE              Offs=002CF0  Size=000077  Align=00001  Fill=0000
/Users/rje/git/cc65/lib/cx16.lib(lult.o):
    CODE              Offs=002D67  Size=000006  Align=00001  Fill=0000
/Users/rje/git/cc65/lib/cx16.lib(lumod.o):
    CODE              Offs=002D6D  Size=000017  Align=00001  Fill=0000
/Users/rje/git/cc65/lib/cx16.lib(makebool.o):
    CODE              Offs=002D84  Size=00002C  Align=00001  Fill=0000
/Users/rje/git/cc65/lib/cx16.lib(memcpy.o):
    CODE              Offs=002DB0  Size=00003C  Align=00001  Fill=0000
/Users/rje/git/cc65/lib/cx16.lib(mktime.o):
    CODE              Offs=002DEC  Size=0003D7  Align=00001  Fill=0000
    RODATA            Offs=000B6B  Size=00002E  Align=00001  Fill=0000
/Users/rje/git/cc65/lib/cx16.lib(mod.o):
    CODE              Offs=0031C3  Size=000011  Align=00001  Fill=0000
/Users/rje/git/cc65/lib/cx16.lib(mul.o):
    CODE              Offs=0031D4  Size=000045  Align=00001  Fill=0000
/Users/rje/git/cc65/lib/cx16.lib(mul8.o):
    CODE              Offs=003219  Size=00003A  Align=00001  Fill=0000
/Users/rje/git/cc65/lib/cx16.lib(mulax10.o):
    CODE              Offs=003253  Size=000019  Align=00001  Fill=0000
/Users/rje/git/cc65/lib/cx16.lib(mulax3.o):
    CODE              Offs=00326C  Size=000011  Align=00001  Fill=0000
/Users/rje/git/cc65/lib/cx16.lib(mulax5.o):
    CODE              Offs=00327D  Size=000014  Align=00001  Fill=0000
/Users/rje/git/cc65/lib/cx16.lib(negabs.o):
    CODE              Offs=003291  Size=000012  Align=00001  Fill=0000
/Users/rje/git/cc65/lib/cx16.lib(oserror.o):
    CODE              Offs=0032A3  Size=000016  Align=00001  Fill=0000
    RODATA            Offs=000B99  Size=00005A  Align=00001  Fill=0000
/Users/rje/git/cc65/lib/cx16.lib(popa.o):
    CODE              Offs=0032B9  Size=00000A  Align=00001  Fill=0000
/Users/rje/git/cc65/lib/cx16.lib(popptr1.o):
    CODE              Offs=0032C3  Size=00000E  Align=00001  Fill=0000
/Users/rje/git/cc65/lib/cx16.lib(printf.o):
    CODE              Offs=0032D1  Size=000033  Align=00001  Fill=0000
    BSS               Offs=00020E  Size=000001  Align=00001  Fill=0000
/Users/rje/git/cc65/lib/cx16.lib(push1.o):
    CODE              Offs=003304  Size=000005  Align=00001  Fill=0000
/Users/rje/git/cc65/lib/cx16.lib(pusha.o):
    CODE              Offs=003309  Size=000016  Align=00001  Fill=0000
/Users/rje/git/cc65/lib/cx16.lib(pushax.o):
    CODE              Offs=00331F  Size=00001A  Align=00001  Fill=0000
/Users/rje/git/cc65/lib/cx16.lib(pushw.o):
    CODE              Offs=003339  Size=00000F  Align=00001  Fill=0000
/Users/rje/git/cc65/lib/cx16.lib(pushwsp.o):
    CODE              Offs=003348  Size=00001C  Align=00001  Fill=0000
/Users/rje/git/cc65/lib/cx16.lib(puts.o):
    CODE              Offs=003364  Size=000063  Align=00001  Fill=0000
    DATA              Offs=000142  Size=000001  Align=00001  Fill=0000
/Users/rje/git/cc65/lib/cx16.lib(rand.o):
    CODE              Offs=0033C7  Size=000034  Align=00001  Fill=0000
    DATA              Offs=000143  Size=000004  Align=00001  Fill=0000
/Users/rje/git/cc65/lib/cx16.lib(randomize.o):
    CODE              Offs=0033FB  Size=000006  Align=00001  Fill=0000
/Users/rje/git/cc65/lib/cx16.lib(read.o):
    CODE              Offs=003401  Size=00007E  Align=00001  Fill=0000
    BSS               Offs=00020F  Size=000001  Align=00001  Fill=0000
    ONCE              Offs=00002F  Size=00000C  Align=00001  Fill=0000
/Users/rje/git/cc65/lib/cx16.lib(regswap2.o):
    CODE              Offs=00347F  Size=000016  Align=00001  Fill=0000
/Users/rje/git/cc65/lib/cx16.lib(return0.o):
    CODE              Offs=003495  Size=000004  Align=00001  Fill=0000
/Users/rje/git/cc65/lib/cx16.lib(revers.o):
    CODE              Offs=003499  Size=000013  Align=00001  Fill=0000
/Users/rje/git/cc65/lib/cx16.lib(rwcommon.o):
    CODE              Offs=0034AC  Size=00001A  Align=00001  Fill=0000
/Users/rje/git/cc65/lib/cx16.lib(setjmp.o):
    CODE              Offs=0034C6  Size=000025  Align=00001  Fill=0000
/Users/rje/git/cc65/lib/cx16.lib(shelp.o):
    CODE              Offs=0034EB  Size=000020  Align=00001  Fill=0000
/Users/rje/git/cc65/lib/cx16.lib(shrax2.o):
    CODE              Offs=00350B  Size=00000B  Align=00001  Fill=0000
/Users/rje/git/cc65/lib/cx16.lib(sscanf.o):
    CODE              Offs=003516  Size=00002B  Align=00001  Fill=0000
    BSS               Offs=000210  Size=000001  Align=00001  Fill=0000
/Users/rje/git/cc65/lib/cx16.lib(staspidx.o):
    CODE              Offs=003541  Size=000016  Align=00001  Fill=0000
/Users/rje/git/cc65/lib/cx16.lib(staxsp.o):
    CODE              Offs=003557  Size=00000B  Align=00001  Fill=0000
/Users/rje/git/cc65/lib/cx16.lib(staxspi.o):
    CODE              Offs=003562  Size=00001A  Align=00001  Fill=0000
/Users/rje/git/cc65/lib/cx16.lib(steaxsp.o):
    CODE              Offs=00357C  Size=000015  Align=00001  Fill=0000
/Users/rje/git/cc65/lib/cx16.lib(steaxspi.o):
    CODE              Offs=003591  Size=000022  Align=00001  Fill=0000
/Users/rje/git/cc65/lib/cx16.lib(strcat.o):
    CODE              Offs=0035B3  Size=00002F  Align=00001  Fill=0000
/Users/rje/git/cc65/lib/cx16.lib(strcmp.o):
    CODE              Offs=0035E2  Size=000021  Align=00001  Fill=0000
/Users/rje/git/cc65/lib/cx16.lib(strlen.o):
    CODE              Offs=003603  Size=000016  Align=00001  Fill=0000
/Users/rje/git/cc65/lib/cx16.lib(strlower.o):
    CODE              Offs=003619  Size=000027  Align=00001  Fill=0000
/Users/rje/git/cc65/lib/cx16.lib(strncmp.o):
    CODE              Offs=003640  Size=000039  Align=00001  Fill=0000
/Users/rje/git/cc65/lib/cx16.lib(strncpy.o):
    CODE              Offs=003679  Size=000042  Align=00001  Fill=0000
/Users/rje/git/cc65/lib/cx16.lib(sub.o):
    CODE              Offs=0036BB  Size=000014  Align=00001  Fill=0000
/Users/rje/git/cc65/lib/cx16.lib(subeqsp.o):
    CODE              Offs=0036CF  Size=000015  Align=00001  Fill=0000
/Users/rje/git/cc65/lib/cx16.lib(subysp.o):
    CODE              Offs=0036E4  Size=00000D  Align=00001  Fill=0000
/Users/rje/git/cc65/lib/cx16.lib(time.o):
    CODE              Offs=0036F1  Size=000043  Align=00001  Fill=0000
    BSS               Offs=000211  Size=000008  Align=00001  Fill=0000
/Users/rje/git/cc65/lib/cx16.lib(timezone.o):
    DATA              Offs=000147  Size=00000F  Align=00001  Fill=0000
/Users/rje/git/cc65/lib/cx16.lib(tmcommon.o):
    CODE              Offs=003734  Size=00000D  Align=00001  Fill=0000
    DATA              Offs=000156  Size=000012  Align=00001  Fill=0000
/Users/rje/git/cc65/lib/cx16.lib(tolower.o):
    CODE              Offs=003741  Size=000012  Align=00001  Fill=0000
/Users/rje/git/cc65/lib/cx16.lib(toupper.o):
    CODE              Offs=003753  Size=000012  Align=00001  Fill=0000
/Users/rje/git/cc65/lib/cx16.lib(udiv.o):
    CODE              Offs=003765  Size=00004F  Align=00001  Fill=0000
/Users/rje/git/cc65/lib/cx16.lib(umod.o):
    CODE              Offs=0037B4  Size=000011  Align=00001  Fill=0000
/Users/rje/git/cc65/lib/cx16.lib(vcprintf.o):
    CODE              Offs=0037C5  Size=000078  Align=00001  Fill=0000
    DATA              Offs=000168  Size=000008  Align=00001  Fill=0000
/Users/rje/git/cc65/lib/cx16.lib(vfprintf.o):
    CODE              Offs=00383D  Size=000060  Align=00001  Fill=0000
    DATA              Offs=000170  Size=000008  Align=00001  Fill=0000
/Users/rje/git/cc65/lib/cx16.lib(vsscanf.o):
    CODE              Offs=00389D  Size=00006D  Align=00001  Fill=0000
    RODATA            Offs=000BF3  Size=000006  Align=00001  Fill=0000
    BSS               Offs=000219  Size=000004  Align=00001  Fill=0000
/Users/rje/git/cc65/lib/cx16.lib(write.o):
    CODE              Offs=00390A  Size=000054  Align=00001  Fill=0000
    ONCE              Offs=00003B  Size=000011  Align=00001  Fill=0000
/Users/rje/git/cc65/lib/cx16.lib(zerobss.o):
    CODE              Offs=00395E  Size=000023  Align=00001  Fill=0000
/Users/rje/git/cc65/lib/cx16.lib(zeropage.o):
    ZEROPAGE          Offs=000000  Size=00001A  Align=00001  Fill=0000


Segment list:
-------------
Name                   Start     End    Size  Align
----------------------------------------------------
ZEROPAGE              000022  00003B  00001A  00001
LOADADDR              0007FF  000800  000002  00001
EXEHDR                000801  00080C  00000C  00001
STARTUP               00080D  000834  000028  00001
CODE                  000835  0041B5  003981  00001
RODATA                0041B6  004DAE  000BF9  00001
DATA                  004DAF  004F26  000178  00001
INIT                  004F27  004F28  000002  00001
BSS                   004F29  005145  00021D  00001
ONCE                  004F29  004F7A  000052  00001


Exports list by name:
---------------------
BASIN                     00FFCF RLA    BSOUT                     00FFD2 RLA    
CHKIN                     00FFC6 RLA    CHROUT                    00FFD2 RLA    
CKOUT                     00FFC9 RLA    CLOCK_GET_DATE_TIME       00FF50 RLA    
CLRCH                     00FFCC RLA    ENTROPY_GET               00FECF RLA    
GETIN                     00FFE4 RLA    LOAD                      00FFD5 RLA    
OPEN                      00FFC0 RLA    PLOT                      00FFF0 RLA    
RDTIM                     00FFDE RLA    READST                    00FFB7 RLA    
SETLFS                    00FFBA RLA    SETNAM                    00FFBD RLA    
SETTIM                    00FFDB RLA    TM                        004F05 RLA    
__BSS_RUN__               004F29 RLA    __BSS_SIZE__              00021D REA    
__CONSTRUCTOR_COUNT__     000003 REA    __CONSTRUCTOR_TABLE__     004F75 RLA    
__DESTRUCTOR_COUNT__      000000 REA    __DESTRUCTOR_TABLE__      004DAF RLA    
__EXEHDR__                000001 REA    __HEADER_LAST__           00080D RLA    
__HIMEM__                 009F00 REA    __LOADADDR__              000001 REA    
__MAIN_SIZE__             0096F3 REA    __MAIN_START__            00080D RLA    
__ONCE_RUN__              004F29 RLA    __STACKSIZE__             000800 REA    
__STARTUP__               000001 REA    __ctype                   004C96 RLA    
__ctypeidx                004CA1 RLA    __directerrno             002178 RLA    
__errno                   005121 RLA    __hextab                  004C62 RLA    
__longminstr              004C72 RLA    __mappederrno             002181 RLA    
__oserror                 0050B2 RLA    __osmaperrno              003AD8 RLA    
__printf                  002283 RLA    __randomize               003C30 RLA    
__scanf                   002535 RLA    __seterrno                002C91 RLA    
__setjmp                  003CFB RLA    __tz                      004EF6 RLA    
_bgcolor                  002E0A RLA    _boot_cbf                 000926 RLA    
_boot_sbf                 00088A RLA    _c1                       004FD1 RLA    
_c2                       005021 RLA    _c3                       005035 RLA    
_cbm_k_bsout              00FFD2 RLA    _cbm_k_load               002D09 RLA    
_cbm_k_setlfs             002D26 RLA    _cbm_k_setnam             002D34 RLA    
_cclear                   002D63 RLA    _cgetc                    002D73 RLA    
_ciInputBuffer            004F2D RLA    _ciLowerBuffer            004F7D RLA    
_ci_confirm               000EA8 RLA    _ci_inputToLower          000D58 RLA    
_ci_inputToUpper          000DAB RLA    _ci_login                 000A62 RLA    
_ci_readLine              000CBD RLA    _ci_run                   000AC5 RLA    
_ci_setState              000D07 RLA    _ci_toUpper               000DFE RLA    
_clock                    002DDE RLA    _clock_gettime            003133 RLA    
_clrscr                   002DE6 RLA    _common_loadFile          000F31 RLA    
_cprintf                  002E36 RLA    _cputc                    002E65 RLA    
_cputs                    002EC9 RLA    _cputsxy                  002EBF RLA    
_diskut_run               000FDC RLA    _div                      002F69 RLA    
_exit                     00081A RLA    _fgetc                    002F7E RLA    
_fgets                    003002 RLA    _fwrite                   0030B8 RLA    
_gmtime                   00317F RLA    _gotox                    003211 RLA    
_gotoxy                   00321A RLA    _i1                       004FCD RLA    
_i2                       004FCF RLA    _isdigit                  003294 RLA    
_isspace                  00329C RLA    _isxdigit                 0032A4 RLA    
_kbhit                    0032AC RLA    _localtime                0033ED RLA    
_longjmp                  003428 RLA    _ltoa                     0034AA RLA    
_main                     000835 RLA    _memcpy                   0035E5 RLA    
_mktime                   003621 RLA    _pause                    001180 RLA    
_pause_long               001190 RLA    _pause_short              0011A0 RLA    
_printf                   003B06 RLA    _puts                     003B99 RLA    
_rand                     003C08 RLA    _read                     003C36 RLA    
_restart_run              0011C3 RLA    _revers                   003CCE RLA    
_setBank                  000EF2 RLA    _srand                    003BFC RLA    
_sscanf                   003D4B RLA    _stdin                    004EAC RLA    
_stdout                   004EAE RLA    _strcat                   003DE8 RLA    
_strcmp                   003E17 RLA    _strlen                   003E38 RLA    
_strlower                 003E4E RLA    _strncmp                  003E75 RLA    
_strncpy                  003EAE RLA    _textcolor                002DF7 RLA    
_time                     003F26 RLA    _tolower                  003F76 RLA    
_toupper                  003F88 RLA    _trk_findByClli           00144A RLA    
_trk_getTrunkAlarmCount   001225 RLA    _trk_getTrunkAlarmType    0012B9 RLA    
_trk_getTrunkSeverity     0012CE RLA    _trk_initTrunks           00121C RLA    
_trk_print                0013AD RLA    _trkmem                   00504D RLA    
_ttp_run                  0014CE RLA    _ultoa                    0034E9 RLA    
_vcprintf                 004042 RLA    _vfprintf                 0040A9 RLA    
_volumes_find             002054 RLA    _volumes_findEntry        0020E5 RLA    
_volumes_list             001B30 RLA    _volumes_listfiles        001D41 RLA    
_vsscanf                  00411D RLA    _write                    00413F RLA    
addeq0sp                  002C9A RLA    addeqysp                  002C9C RLA    
addysp                    002CAC RLA    addysp1                   002CAB RLA    
aslax1                    002CB9 RLA    aslax2                    002CC1 RLA    
aslax4                    002CCC RLA    asleax1                   002CDD RLA    
asleax2                   002CE9 RLA    axlong                    002CFC RLA    
axulong                   002D02 RLA    booleq                    0035BF RLA    
boolult                   0035D8 RLA    callmain                  002D47 RLA    
complax                   002E21 RLA    cputdirect                002E78 RLA    
ctypemask                 002EE2 RLA    ctypemaskdirect           002EE6 RLA    
cursor                    0050B1 RLA    decax1                    002F00 RLA    
decax4                    002F07 RLA    decaxy                    002F0E RLA    
decsp1                    002F17 RLA    decsp2                    002F20 RLA    
decsp4                    002F2D RLA    decsp5                    002F3A RLA    
decsp6                    002F47 RLA    donelib                   002E2A RLA    
fdtab                     004EDE RLA    getlop                    003534 RLA    
gotoxy                    003217 RLA    incax4                    003254 RLA    
incaxy                    003256 RLA    inceaxy                   003365 RLA    
incsp1                    00325F RLA    incsp2                    00326D RLA    
incsp3                    00327B RLA    incsp4                    003280 RLA    
incsp5                    003285 RLA    incsp6                    00328A RLA    
incsp8                    00328F RLA    initclock                 002DD7  LAI   
initlib                   004F29 RLA    initstdin                 004F58  LAI   
initstdout                004F64  LAI   jmpvec                    004EEE RLA    
ldax0sp                   003326 RLA    ldaxi                     003319 RLA    
ldaxysp                   003328 RLA    ldeax0sp                  003346 RLA    
ldeaxi                    00332F RLA    ldeaxidx                  003331 RLA    
ldeaxysp                  003348 RLA    leaa0sp                   003359 RLA    
load_jiffy                003F69 RLA    mul8x16                   003A50 RLA    
mul8x16a                  003A5A RLA    mulax10                   003A88 RLA    
mulax3                    003AA1 RLA    mulax5                    003AB2 RLA    
negax                     003ACA RLA    negeax                    0033CF RLA    
plot                      002E91 RLA    popa                      003AEE RLA    
popax                     003266 RLA    popptr1                   003AF8 RLA    
popsargsudiv16            003D20 RLA    ptr1                      00002A RLZ    
ptr2                      00002C RLZ    ptr3                      00002E RLZ    
ptr4                      000030 RLZ    push0                     003B54 RLA    
push1                     003B39 RLA    pusha                     003B42 RLA    
pusha0                    003B56 RLA    pushax                    003B58 RLA    
pusheax                   003457 RLA    pushw                     003B6E RLA    
pushw0sp                  003B7D RLA    pushwidx                  003B70 RLA    
pushwysp                  003B7F RLA    regbank                   000036 RLZ    
regsave                   000026 RLZ    regswap2                  003CB4 RLA    
return0                   003CCA RLA    rwcommon                  003CE1 RLA    
shlax1                    002CB9 RLA    shlax2                    002CC1 RLA    
shlax4                    002CCC RLA    shrax2                    003D40 RLA    
sp                        000022 RLZ    sreg                      000024 RLZ    
staspidx                  003D76 RLA    stax0sp                   003D8C RLA    
staxspidx                 003D97 RLA    staxysp                   003D8E RLA    
steax0sp                  003DB1 RLA    steaxspidx                003DC6 RLA    
subeq0sp                  003F04 RLA    subeqysp                  003F06 RLA    
subysp                    003F19 RLA    tmp1                      000032 RLZ    
tmp2                      000033 RLZ    tmp3                      000034 RLZ    
tmp4                      000035 RLZ    tosaddeax                 0032C0 RLA    
tosdivax                  002F56 RLA    tosicmp                   003228 RLA    
tosicmp0                  003226 RLA    toslcmp                   0032DE RLA    
tosmoda0                  0039F8 RLA    tosmul0ax                 003376 RLA    
tosmulax                  003A09 RLA    tosmuleax                 00337A RLA    
tossuba0                  003EF0 RLA    tossubeax                 003472 RLA    
tosudiv0ax                003525 RLA    tosudivax                 003F9C RLA    
tosudiveax                003529 RLA    tosulteax                 00359C RLA    
tosumod0ax                0035A2 RLA    tosumoda0                 003FE9 RLA    
tosumodax                 003FEB RLA    tosumul0ax                003376 RLA    
tosumula0                 003A4E RLA    tosumulax                 003A09 RLA    
tosumuleax                00337A RLA    udiv16                    003FAB RLA    
udiv32                    003557 RLA    unittab                   004EE6 RLA    
zerobss                   004193 RLA    


Exports list by value:
----------------------
__DESTRUCTOR_COUNT__      000000 REA    __STARTUP__               000001 REA    
__EXEHDR__                000001 REA    __LOADADDR__              000001 REA    
__CONSTRUCTOR_COUNT__     000003 REA    sp                        000022 RLZ    
sreg                      000024 RLZ    regsave                   000026 RLZ    
ptr1                      00002A RLZ    ptr2                      00002C RLZ    
ptr3                      00002E RLZ    ptr4                      000030 RLZ    
tmp1                      000032 RLZ    tmp2                      000033 RLZ    
tmp3                      000034 RLZ    tmp4                      000035 RLZ    
regbank                   000036 RLZ    __BSS_SIZE__              00021D REA    
__STACKSIZE__             000800 REA    __MAIN_START__            00080D RLA    
__HEADER_LAST__           00080D RLA    _exit                     00081A RLA    
_main                     000835 RLA    _boot_sbf                 00088A RLA    
_boot_cbf                 000926 RLA    _ci_login                 000A62 RLA    
_ci_run                   000AC5 RLA    _ci_readLine              000CBD RLA    
_ci_setState              000D07 RLA    _ci_inputToLower          000D58 RLA    
_ci_inputToUpper          000DAB RLA    _ci_toUpper               000DFE RLA    
_ci_confirm               000EA8 RLA    _setBank                  000EF2 RLA    
_common_loadFile          000F31 RLA    _diskut_run               000FDC RLA    
_pause                    001180 RLA    _pause_long               001190 RLA    
_pause_short              0011A0 RLA    _restart_run              0011C3 RLA    
_trk_initTrunks           00121C RLA    _trk_getTrunkAlarmCount   001225 RLA    
_trk_getTrunkAlarmType    0012B9 RLA    _trk_getTrunkSeverity     0012CE RLA    
_trk_print                0013AD RLA    _trk_findByClli           00144A RLA    
_ttp_run                  0014CE RLA    _volumes_list             001B30 RLA    
_volumes_listfiles        001D41 RLA    _volumes_find             002054 RLA    
_volumes_findEntry        0020E5 RLA    __directerrno             002178 RLA    
__mappederrno             002181 RLA    __printf                  002283 RLA    
__scanf                   002535 RLA    __seterrno                002C91 RLA    
addeq0sp                  002C9A RLA    addeqysp                  002C9C RLA    
addysp1                   002CAB RLA    addysp                    002CAC RLA    
shlax1                    002CB9 RLA    aslax1                    002CB9 RLA    
shlax2                    002CC1 RLA    aslax2                    002CC1 RLA    
aslax4                    002CCC RLA    shlax4                    002CCC RLA    
asleax1                   002CDD RLA    asleax2                   002CE9 RLA    
axlong                    002CFC RLA    axulong                   002D02 RLA    
_cbm_k_load               002D09 RLA    _cbm_k_setlfs             002D26 RLA    
_cbm_k_setnam             002D34 RLA    callmain                  002D47 RLA    
_cclear                   002D63 RLA    _cgetc                    002D73 RLA    
initclock                 002DD7  LAI   _clock                    002DDE RLA    
_clrscr                   002DE6 RLA    _textcolor                002DF7 RLA    
_bgcolor                  002E0A RLA    complax                   002E21 RLA    
donelib                   002E2A RLA    _cprintf                  002E36 RLA    
_cputc                    002E65 RLA    cputdirect                002E78 RLA    
plot                      002E91 RLA    _cputsxy                  002EBF RLA    
_cputs                    002EC9 RLA    ctypemask                 002EE2 RLA    
ctypemaskdirect           002EE6 RLA    decax1                    002F00 RLA    
decax4                    002F07 RLA    decaxy                    002F0E RLA    
decsp1                    002F17 RLA    decsp2                    002F20 RLA    
decsp4                    002F2D RLA    decsp5                    002F3A RLA    
decsp6                    002F47 RLA    tosdivax                  002F56 RLA    
_div                      002F69 RLA    _fgetc                    002F7E RLA    
_fgets                    003002 RLA    _fwrite                   0030B8 RLA    
_clock_gettime            003133 RLA    _gmtime                   00317F RLA    
_gotox                    003211 RLA    gotoxy                    003217 RLA    
_gotoxy                   00321A RLA    tosicmp0                  003226 RLA    
tosicmp                   003228 RLA    incax4                    003254 RLA    
incaxy                    003256 RLA    incsp1                    00325F RLA    
popax                     003266 RLA    incsp2                    00326D RLA    
incsp3                    00327B RLA    incsp4                    003280 RLA    
incsp5                    003285 RLA    incsp6                    00328A RLA    
incsp8                    00328F RLA    _isdigit                  003294 RLA    
_isspace                  00329C RLA    _isxdigit                 0032A4 RLA    
_kbhit                    0032AC RLA    tosaddeax                 0032C0 RLA    
toslcmp                   0032DE RLA    ldaxi                     003319 RLA    
ldax0sp                   003326 RLA    ldaxysp                   003328 RLA    
ldeaxi                    00332F RLA    ldeaxidx                  003331 RLA    
ldeax0sp                  003346 RLA    ldeaxysp                  003348 RLA    
leaa0sp                   003359 RLA    inceaxy                   003365 RLA    
tosumul0ax                003376 RLA    tosmul0ax                 003376 RLA    
tosmuleax                 00337A RLA    tosumuleax                00337A RLA    
negeax                    0033CF RLA    _localtime                0033ED RLA    
_longjmp                  003428 RLA    pusheax                   003457 RLA    
tossubeax                 003472 RLA    _ltoa                     0034AA RLA    
_ultoa                    0034E9 RLA    tosudiv0ax                003525 RLA    
tosudiveax                003529 RLA    getlop                    003534 RLA    
udiv32                    003557 RLA    tosulteax                 00359C RLA    
tosumod0ax                0035A2 RLA    booleq                    0035BF RLA    
boolult                   0035D8 RLA    _memcpy                   0035E5 RLA    
_mktime                   003621 RLA    tosmoda0                  0039F8 RLA    
tosmulax                  003A09 RLA    tosumulax                 003A09 RLA    
tosumula0                 003A4E RLA    mul8x16                   003A50 RLA    
mul8x16a                  003A5A RLA    mulax10                   003A88 RLA    
mulax3                    003AA1 RLA    mulax5                    003AB2 RLA    
negax                     003ACA RLA    __osmaperrno              003AD8 RLA    
popa                      003AEE RLA    popptr1                   003AF8 RLA    
_printf                   003B06 RLA    push1                     003B39 RLA    
pusha                     003B42 RLA    push0                     003B54 RLA    
pusha0                    003B56 RLA    pushax                    003B58 RLA    
pushw                     003B6E RLA    pushwidx                  003B70 RLA    
pushw0sp                  003B7D RLA    pushwysp                  003B7F RLA    
_puts                     003B99 RLA    _srand                    003BFC RLA    
_rand                     003C08 RLA    __randomize               003C30 RLA    
_read                     003C36 RLA    regswap2                  003CB4 RLA    
return0                   003CCA RLA    _revers                   003CCE RLA    
rwcommon                  003CE1 RLA    __setjmp                  003CFB RLA    
popsargsudiv16            003D20 RLA    shrax2                    003D40 RLA    
_sscanf                   003D4B RLA    staspidx                  003D76 RLA    
stax0sp                   003D8C RLA    staxysp                   003D8E RLA    
staxspidx                 003D97 RLA    steax0sp                  003DB1 RLA    
steaxspidx                003DC6 RLA    _strcat                   003DE8 RLA    
_strcmp                   003E17 RLA    _strlen                   003E38 RLA    
_strlower                 003E4E RLA    _strncmp                  003E75 RLA    
_strncpy                  003EAE RLA    tossuba0                  003EF0 RLA    
subeq0sp                  003F04 RLA    subeqysp                  003F06 RLA    
subysp                    003F19 RLA    _time                     003F26 RLA    
load_jiffy                003F69 RLA    _tolower                  003F76 RLA    
_toupper                  003F88 RLA    tosudivax                 003F9C RLA    
udiv16                    003FAB RLA    tosumoda0                 003FE9 RLA    
tosumodax                 003FEB RLA    _vcprintf                 004042 RLA    
_vfprintf                 0040A9 RLA    _vsscanf                  00411D RLA    
_write                    00413F RLA    zerobss                   004193 RLA    
__hextab                  004C62 RLA    __longminstr              004C72 RLA    
__ctype                   004C96 RLA    __ctypeidx                004CA1 RLA    
__DESTRUCTOR_TABLE__      004DAF RLA    _stdin                    004EAC RLA    
_stdout                   004EAE RLA    fdtab                     004EDE RLA    
unittab                   004EE6 RLA    jmpvec                    004EEE RLA    
__tz                      004EF6 RLA    TM                        004F05 RLA    
__ONCE_RUN__              004F29 RLA    __BSS_RUN__               004F29 RLA    
initlib                   004F29 RLA    _ciInputBuffer            004F2D RLA    
initstdin                 004F58  LAI   initstdout                004F64  LAI   
__CONSTRUCTOR_TABLE__     004F75 RLA    _ciLowerBuffer            004F7D RLA    
_i1                       004FCD RLA    _i2                       004FCF RLA    
_c1                       004FD1 RLA    _c2                       005021 RLA    
_c3                       005035 RLA    _trkmem                   00504D RLA    
cursor                    0050B1 RLA    __oserror                 0050B2 RLA    
__errno                   005121 RLA    __MAIN_SIZE__             0096F3 REA    
__HIMEM__                 009F00 REA    ENTROPY_GET               00FECF RLA    
CLOCK_GET_DATE_TIME       00FF50 RLA    READST                    00FFB7 RLA    
SETLFS                    00FFBA RLA    SETNAM                    00FFBD RLA    
OPEN                      00FFC0 RLA    CHKIN                     00FFC6 RLA    
CKOUT                     00FFC9 RLA    CLRCH                     00FFCC RLA    
BASIN                     00FFCF RLA    CHROUT                    00FFD2 RLA    
_cbm_k_bsout              00FFD2 RLA    BSOUT                     00FFD2 RLA    
LOAD                      00FFD5 RLA    SETTIM                    00FFDB RLA    
RDTIM                     00FFDE RLA    GETIN                     00FFE4 RLA    
PLOT                      00FFF0 RLA    


Imports list:
-------------
BASIN (kernal.o):
    read.o                    cbm/cbm.inc:47
BSOUT (kernal.o):
    read.o                    cbm/cbm.inc:49
    write.o                   cbm/cbm.inc:49
    c_bsout.o                 cbm/cbm.inc:49
CHKIN (kernal.o):
    read.o                    cbm/cbm.inc:44
CHROUT (kernal.o):
    crt0.o                    cx16/crt0.s:10
    clrscr.o                  cx16/clrscr.s:10
    c_bsout.o                 cbm/cbm.inc:50
CKOUT (kernal.o):
    write.o                   cbm/cbm.inc:45
CLOCK_GET_DATE_TIME (kernal.o):
    gettime.o                 cx16/gettime.s:12
CLRCH (kernal.o):
    read.o                    cbm/cbm.inc:46
    write.o                   cbm/cbm.inc:46
ENTROPY_GET (kernal.o):
    randomize.o               cx16/randomize.s:10
GETIN (kernal.o):
    cgetc.o                   cx16/cgetc.s:10
LOAD (kernal.o):
    c_load.o                  cbm/cbm.inc:37
OPEN (kernal.o):
    read.o                    cbm/cbm.inc:35
    write.o                   cbm/cbm.inc:35
PLOT (kernal.o):
    cputc.o                   cx16/cputc.s:11
RDTIM (kernal.o):
    clock.o                   cx16/clock.s:11
READST (kernal.o):
    read.o                    cbm/cbm.inc:32
    write.o                   cbm/cbm.inc:32
SETLFS (kernal.o):
    read.o                    cbm/cbm.inc:33
    write.o                   cbm/cbm.inc:33
    c_setlfs.o                cbm/cbm.inc:33
SETNAM (kernal.o):
    c_setnam.o                cbm/cbm.inc:34
SETTIM (kernal.o):
    clock.o                   cx16/clock.s:11
TM (tmcommon.o):
    gettime.o                 cx16/gettime.s:11
__BSS_RUN__ ([linker generated]):
    zerobss.o                 common/zerobss.s:8
__BSS_SIZE__ ([linker generated]):
    zerobss.o                 common/zerobss.s:8
__CONSTRUCTOR_COUNT__ ([linker generated]):
    condes.o                  runtime/condes.s:18
__CONSTRUCTOR_TABLE__ ([linker generated]):
    condes.o                  runtime/condes.s:18
__DESTRUCTOR_COUNT__ ([linker generated]):
    condes.o                  runtime/condes.s:19
__DESTRUCTOR_TABLE__ ([linker generated]):
    condes.o                  runtime/condes.s:19
__EXEHDR__ (exehdr.o):
    [linker generated]        /Users/rje/git/cc65/cfg/cx16.cfg:6
__HEADER_LAST__ ([linker generated]):
    [linker generated]        /Users/rje/git/cc65/cfg/cx16.cfg:14
    [linker generated]        /Users/rje/git/cc65/cfg/cx16.cfg:14
__HIMEM__ ([linker generated]):
    [linker generated]        /Users/rje/git/cc65/cfg/cx16.cfg:15
    [linker generated]        /Users/rje/git/cc65/cfg/cx16.cfg:14
__LOADADDR__ (loadaddr.o):
    [linker generated]        /Users/rje/git/cc65/cfg/cx16.cfg:5
__MAIN_SIZE__ ([linker generated]):
    crt0.o                    cx16/crt0.s:11
__MAIN_START__ ([linker generated]):
    crt0.o                    cx16/crt0.s:11
__ONCE_RUN__ ([linker generated]):
    [linker generated]        /Users/rje/git/cc65/cfg/cx16.cfg:15
    [linker generated]        /Users/rje/git/cc65/cfg/cx16.cfg:15
__STACKSIZE__ ([linker generated]):
    [linker generated]        /Users/rje/git/cc65/cfg/cx16.cfg:15
__STARTUP__ (crt0.o):
    main.o                    main.s:13
__ctype (ctype.o):
    ctypemask.o               common/ctypemask.s:23
__ctypeidx (ctype.o):
    ctypemask.o               common/ctypemask.s:24
__directerrno (_directerrno.o):
    read.o                    /Users/rje/git/cc65/asminc/errno.inc:10
    write.o                   /Users/rje/git/cc65/asminc/errno.inc:10
__errno (errno.o):
    _seterrno.o               /Users/rje/git/cc65/asminc/errno.inc:7
__hextab (_hextab.o):
    ltoa.o                    common/ltoa.s:10
__longminstr (_longminstr.o):
    ltoa.o                    common/ltoa.s:10
__mappederrno (_mappederrno.o):
    read.o                    /Users/rje/git/cc65/asminc/errno.inc:10
    write.o                   /Users/rje/git/cc65/asminc/errno.inc:10
__oserror (_oserror.o):
    read.o                    /Users/rje/git/cc65/asminc/errno.inc:7
    _mappederrno.o            /Users/rje/git/cc65/asminc/errno.inc:7
    _directerrno.o            /Users/rje/git/cc65/asminc/errno.inc:7
    write.o                   /Users/rje/git/cc65/asminc/errno.inc:7
    c_load.o                  cbm/c_load.s:10
__osmaperrno (oserror.o):
    _mappederrno.o            /Users/rje/git/cc65/asminc/errno.inc:8
__printf (_printf.o):
    vfprintf.o                common/vfprintf.s:10
    vcprintf.o                conio/vcprintf.s:9
__randomize (randomize.o):
    ci.o                      ci.s:14
__scanf (_scanf.o):
    vsscanf.o                 common/vsscanf.s:11
__seterrno (_seterrno.o):
    fwrite.o                  /Users/rje/git/cc65/asminc/errno.inc:9
    _scanf.o                  ../libwrk/cx16/_scanf.s:16
    _mappederrno.o            /Users/rje/git/cc65/asminc/errno.inc:9
    _directerrno.o            /Users/rje/git/cc65/asminc/errno.inc:9
    fgets.o                   ../libwrk/cx16/fgets.s:15
__setjmp (setjmp.o):
    _scanf.o                  ../libwrk/cx16/_scanf.s:14
__tz (timezone.o):
    mktime.o                  ../libwrk/cx16/mktime.s:14
    localtime.o               ../libwrk/cx16/localtime.s:13
_bgcolor (color.o):
    main.o                    main.s:19
_boot_cbf (boot.o):
    diskut.o                  diskut.s:18
_boot_sbf (boot.o):
    diskut.o                  diskut.s:17
_c1 (ci.o):
    restart.o                 restart.s:21
    diskut.o                  diskut.s:22
_c2 (ci.o):
    diskut.o                  diskut.s:23
_c3 (ci.o):
    diskut.o                  diskut.s:24
_cbm_k_bsout (c_bsout.o):
    common.o                  common.s:13
_cbm_k_load (c_load.o):
    common.o                  common.s:14
    main.o                    main.s:14
_cbm_k_setlfs (c_setlfs.o):
    common.o                  common.s:15
    main.o                    main.s:15
_cbm_k_setnam (c_setnam.o):
    common.o                  common.s:16
    main.o                    main.s:16
_cclear (cclear.o):
    ttp.o                     ttp.s:20
_cgetc (cgetc.o):
    restart.o                 restart.s:13
    common.o                  common.s:19
_ciInputBuffer (ci.o):
    ttp.o                     ttp.s:55
_ciLowerBuffer (ci.o):
    ttp.o                     ttp.s:56
    restart.o                 restart.s:20
    diskut.o                  diskut.s:19
_ci_confirm (ci.o):
    restart.o                 restart.s:18
    boot.o                    boot.s:21
_ci_inputToLower (ci.o):
    ttp.o                     ttp.s:31
_ci_inputToUpper (ci.o):
    volumes.o                 volumes.s:21
_ci_login (ci.o):
    main.o                    main.s:22
_ci_readLine (ci.o):
    main.o                    main.s:24
_ci_run (ci.o):
    main.o                    main.s:23
_ci_setState (ci.o):
    ttp.o                     ttp.s:30
_ci_toUpper (ci.o):
    volumes.o                 volumes.s:22
    trk.o                     trk.s:16
    boot.o                    boot.s:20
_clock (clock.o):
    pause.o                   pause.s:13
_clock_gettime (gettime.o):
    time.o                    /Users/rje/git/cc65/asminc/time.inc:65
_clrscr (clrscr.o):
    ttp.o                     ttp.s:13
    common.o                  common.s:17
    main.o                    main.s:17
_common_loadFile (common.o):
    main.o                    main.s:20
_cprintf (cprintf.o):
    ttp.o                     ttp.s:18
    trk.o                     trk.s:13
_cputc (cputc.o):
    vcprintf.o                conio/vcprintf.s:9
    cputs.o                   conio/cputs.s:9
_cputs (cputs.o):
    ttp.o                     ttp.s:16
_cputsxy (cputs.o):
    ttp.o                     ttp.s:17
    common.o                  common.s:18
_diskut_run (diskut.o):
    ci.o                      ci.s:38
_div (divt.o):
    mktime.o                  ../libwrk/cx16/mktime.s:13
_exit (crt0.o):
    restart.o                 restart.s:14
_fgetc (fgetc.o):
    fgets.o                   ../libwrk/cx16/fgets.s:13
_fgets (fgets.o):
    ttp.o                     ttp.s:22
    ci.o                      ci.s:16
_fwrite (fwrite.o):
    vfprintf.o                common/vfprintf.s:10
_gmtime (gmtime.o):
    localtime.o               ../libwrk/cx16/localtime.s:14
_gotox (gotox.o):
    ttp.o                     ttp.s:14
_gotoxy (gotoxy.o):
    ttp.o                     ttp.s:15
_i1 (ci.o):
    diskut.o                  diskut.s:20
_i2 (ci.o):
    diskut.o                  diskut.s:21
_isdigit (isdigit.o):
    _scanf.o                  ../libwrk/cx16/_scanf.s:17
_isspace (isspace.o):
    _scanf.o                  ../libwrk/cx16/_scanf.s:18
_isxdigit (isxdigit.o):
    _scanf.o                  ../libwrk/cx16/_scanf.s:19
_kbhit (kbhit.o):
    cgetc.o                   cx16/cgetc.s:10
_localtime (localtime.o):
    ttp.o                     ttp.s:28
_longjmp (longjmp.o):
    _scanf.o                  ../libwrk/cx16/_scanf.s:15
_ltoa (ltoa.o):
    _printf.o                 common/_printf.s:12
_main (main.o):
    callmain.o                runtime/callmain.s:11
_memcpy (memcpy.o):
    volumes.o                 volumes.s:884
_mktime (mktime.o):
    gmtime.o                  ../libwrk/cx16/gmtime.s:14
    gettime.o                 /Users/rje/git/cc65/asminc/time.inc:68
_pause (pause.o):
    volumes.o                 volumes.s:23
    ttp.o                     ttp.s:45
    ci.o                      ci.s:36
_pause_long (pause.o):
    restart.o                 restart.s:19
    ci.o                      ci.s:37
_pause_short (pause.o):
    ttp.o                     ttp.s:46
_printf (printf.o):
    volumes.o                 volumes.s:13
    ttp.o                     ttp.s:23
    ci.o                      ci.s:17
    boot.o                    boot.s:13
_puts (puts.o):
    volumes.o                 volumes.s:14
    restart.o                 restart.s:15
    ci.o                      ci.s:18
_rand (rand.o):
    pause.o                   pause.s:14
    ci.o                      ci.s:13
_read (read.o):
    fgetc.o                   ../libwrk/cx16/fgetc.s:14
_restart_run (restart.o):
    ci.o                      ci.s:39
_revers (revers.o):
    ttp.o                     ttp.s:19
_setBank (common.o):
    volumes.o                 volumes.s:16
    trk.o                     trk.s:15
_srand (rand.o):
    randomize.o               cx16/randomize.s:10
_sscanf (sscanf.o):
    ttp.o                     ttp.s:24
    restart.o                 restart.s:16
    diskut.o                  diskut.s:13
    ci.o                      ci.s:19
_stdin (_file.o):
    ttp.o                     ttp.s:21
    ci.o                      ci.s:15
_stdout (_file.o):
    puts.o                    ../libwrk/cx16/puts.s:13
    printf.o                  common/printf.s:8
_strcat (strcat.o):
    boot.o                    boot.s:14
_strcmp (strcmp.o):
    volumes.o                 volumes.s:15
    ttp.o                     ttp.s:25
    ci.o                      ci.s:20
    boot.o                    boot.s:15
_strlen (strlen.o):
    _printf.o                 common/_printf.s:13
    puts.o                    ../libwrk/cx16/puts.s:15
    ci.o                      ci.s:22
_strlower (strlower.o):
    _printf.o                 common/_printf.s:13
_strncmp (strncmp.o):
    trk.o                     trk.s:14
    ci.o                      ci.s:23
_strncpy (strncpy.o):
    ttp.o                     ttp.s:27
_textcolor (color.o):
    main.o                    main.s:18
_time (time.o):
    ttp.o                     ttp.s:29
_tolower (tolower.o):
    _scanf.o                  ../libwrk/cx16/_scanf.s:20
    ci.o                      ci.s:25
_toupper (toupper.o):
    ci.o                      ci.s:24
_trk_findByClli (trk.o):
    ttp.o                     ttp.s:44
_trk_getTrunkAlarmCount (trk.o):
    ttp.o                     ttp.s:40
_trk_getTrunkAlarmType (trk.o):
    ttp.o                     ttp.s:41
_trk_getTrunkSeverity (trk.o):
    ttp.o                     ttp.s:42
_trk_initTrunks (trk.o):
    main.o                    main.s:21
_trk_print (trk.o):
    ttp.o                     ttp.s:43
_trkmem (trk.o):
    ttp.o                     ttp.s:54
_ttp_run (ttp.o):
    ci.o                      ci.s:40
_ultoa (ltoa.o):
    _printf.o                 common/_printf.s:12
_vcprintf (vcprintf.o):
    cprintf.o                 conio/cprintf.s:8
_vfprintf (vfprintf.o):
    printf.o                  common/printf.s:8
_volumes_find (volumes.o):
    boot.o                    boot.s:18
_volumes_findEntry (volumes.o):
    boot.o                    boot.s:19
_volumes_list (volumes.o):
    diskut.o                  diskut.s:15
_volumes_listfiles (volumes.o):
    diskut.o                  diskut.s:16
_vsscanf (vsscanf.o):
    sscanf.o                  common/sscanf.s:8
_write (write.o):
    fwrite.o                  common/fwrite.s:10
    puts.o                    ../libwrk/cx16/puts.s:16
addeq0sp (addeqsp.o):
    ttp.o                     ttp.s:1073
    trk.o                     trk.s:550
addeqysp (addeqsp.o):
    fgets.o                   ../libwrk/cx16/fgets.s:111
    ttp.o                     ttp.s:1073
    ci.o                      ci.s:912
    ci.o                      ci.s:912
    ci.o                      ci.s:912
    ci.o                      ci.s:912
    boot.o                    boot.s:285
addysp (addysp.o):
    mktime.o                  ../libwrk/cx16/mktime.s:618
    fwrite.o                  common/fwrite.s:11
    sscanf.o                  common/sscanf.s:8
    printf.o                  common/printf.s:8
    incsp8.o                  runtime/incsp8.s:8
    incsp6.o                  runtime/incsp6.s:8
    incsp5.o                  runtime/incsp5.s:8
    incsp4.o                  runtime/incsp4.s:8
    incsp3.o                  runtime/incsp3.s:8
    fgets.o                   ../libwrk/cx16/fgets.s:111
    cprintf.o                 conio/cprintf.s:8
    volumes.o                 volumes.s:884
    ttp.o                     ttp.s:1073
addysp1 (addysp.o):
    lsub.o                    runtime/lsub.s:11
    sub.o                     runtime/sub.s:8
    ludiv.o                   runtime/ludiv.s:9
    lmul.o                    runtime/lmul.s:9
    ladd.o                    runtime/ladd.s:8
aslax1 (aslax1.o):
    mktime.o                  ../libwrk/cx16/mktime.s:618
    volumes.o                 volumes.s:884
    volumes.o                 volumes.s:884
    ttp.o                     ttp.s:1073
    trk.o                     trk.s:550
    boot.o                    boot.s:285
aslax2 (aslax2.o):
    volumes.o                 volumes.s:884
    volumes.o                 volumes.s:884
    volumes.o                 volumes.s:884
    ttp.o                     ttp.s:1073
aslax4 (aslax4.o):
    volumes.o                 volumes.s:884
    volumes.o                 volumes.s:884
    ttp.o                     ttp.s:1073
    trk.o                     trk.s:550
    boot.o                    boot.s:285
asleax1 (asleax1.o):
    volumes.o                 volumes.s:884
asleax2 (asleax2.o):
    volumes.o                 volumes.s:884
axlong (axlong.o):
    _printf.o                 common/_printf.s:11
    volumes.o                 volumes.s:884
axulong (axlong.o):
    mktime.o                  ../libwrk/cx16/mktime.s:618
    _scanf.o                  ../libwrk/cx16/_scanf.s:1057
    _scanf.o                  ../libwrk/cx16/_scanf.s:1057
    _printf.o                 common/_printf.s:11
    volumes.o                 volumes.s:884
    pause.o                   pause.s:111
booleq (makebool.o):
    _scanf.o                  ../libwrk/cx16/_scanf.s:1057
boolult (makebool.o):
    lult.o                    runtime/lult.s:8
callmain (callmain.o):
    crt0.o                    cx16/crt0.s:9
complax (compl.o):
    _scanf.o                  ../libwrk/cx16/_scanf.s:1057
cputdirect (cputc.o):
    cclear.o                  cbm/cclear.s:9
ctypemask (ctypemask.o):
    isxdigit.o                common/isxdigit.s:15
    isspace.o                 common/isspace.s:15
    isdigit.o                 common/isdigit.s:15
ctypemaskdirect (ctypemask.o):
    strlower.o                common/strlower.s:14
    toupper.o                 common/toupper.s:15
    tolower.o                 common/tolower.s:15
cursor (_cursor.o):
    cgetc.o                   cx16/cgetc.s:10
decax1 (decax1.o):
    mktime.o                  ../libwrk/cx16/mktime.s:618
    ttp.o                     ttp.s:1073
    ci.o                      ci.s:912
decax4 (decax4.o):
    volumes.o                 volumes.s:884
decaxy (decaxy.o):
    mktime.o                  ../libwrk/cx16/mktime.s:618
    _scanf.o                  ../libwrk/cx16/_scanf.s:1057
    ci.o                      ci.s:912
decsp1 (decsp1.o):
    fgetc.o                   ../libwrk/cx16/fgetc.s:94
    time.o                    common/time.s:9
    ttp.o                     ttp.s:1073
    ttp.o                     ttp.s:1073
    trk.o                     trk.s:550
    common.o                  common.s:234
decsp2 (decsp2.o):
    ttp.o                     ttp.s:1073
    trk.o                     trk.s:550
    boot.o                    boot.s:285
decsp4 (decsp4.o):
    mktime.o                  ../libwrk/cx16/mktime.s:618
    gmtime.o                  ../libwrk/cx16/gmtime.s:92
    sscanf.o                  common/sscanf.s:8
    lpush.o                   runtime/lpush.s:12
    localtime.o               ../libwrk/cx16/localtime.s:53
    fgets.o                   ../libwrk/cx16/fgets.s:111
decsp5 (decsp5.o):
    trk.o                     trk.s:550
decsp6 (decsp6.o):
    _printf.o                 common/_printf.s:11
donelib (condes.o):
    crt0.o                    cx16/crt0.s:8
fdtab (filedes.o):
    read.o                    cbm/filedes.inc:7
    write.o                   cbm/filedes.inc:7
getlop (ludiv.o):
    lumod.o                   runtime/lumod.s:9
gotoxy (gotoxy.o):
    cputs.o                   conio/cputs.s:9
    cputc.o                   cx16/cputc.s:11
    cclear.o                  cbm/cclear.s:9
incax4 (incaxy.o):
    mktime.o                  ../libwrk/cx16/mktime.s:618
incaxy (incaxy.o):
    volumes.o                 volumes.s:884
    volumes.o                 volumes.s:884
    volumes.o                 volumes.s:884
    ttp.o                     ttp.s:1073
    ttp.o                     ttp.s:1073
    boot.o                    boot.s:285
inceaxy (linc.o):
    gmtime.o                  ../libwrk/cx16/gmtime.s:92
incsp1 (incsp1.o):
    gettime.o                 cx16/gettime.s:10
    _scanf.o                  ../libwrk/cx16/_scanf.s:1057
    _scanf.o                  ../libwrk/cx16/_scanf.s:1057
    _scanf.o                  ../libwrk/cx16/_scanf.s:1057
    _scanf.o                  ../libwrk/cx16/_scanf.s:1057
    _scanf.o                  ../libwrk/cx16/_scanf.s:1057
    ttp.o                     ttp.s:1073
    trk.o                     trk.s:550
    trk.o                     trk.s:550
    common.o                  common.s:234
    common.o                  common.s:234
    common.o                  common.s:234
    common.o                  common.s:234
    ci.o                      ci.s:912
incsp2 (incsp2.o):
    staxspi.o                 runtime/staxspi.s:9
    mktime.o                  ../libwrk/cx16/mktime.s:618
    staspidx.o                runtime/staspidx.s:8
    puts.o                    ../libwrk/cx16/puts.s:77
    popptr1.o                 runtime/popptr1.s:8
    ttp.o                     ttp.s:1073
    ttp.o                     ttp.s:1073
    trk.o                     trk.s:550
    trk.o                     trk.s:550
    ci.o                      ci.s:912
incsp3 (incsp3.o):
    fgetc.o                   ../libwrk/cx16/fgetc.s:94
    common.o                  common.s:234
    common.o                  common.s:234
    common.o                  common.s:234
incsp4 (incsp4.o):
    lcmp.o                    runtime/lcmp.s:9
    volumes.o                 volumes.s:884
    volumes.o                 volumes.s:884
    volumes.o                 volumes.s:884
    ttp.o                     ttp.s:1073
    trk.o                     trk.s:550
    ci.o                      ci.s:912
    ci.o                      ci.s:912
    ci.o                      ci.s:912
    ci.o                      ci.s:912
incsp5 (incsp5.o):
    trk.o                     trk.s:550
incsp6 (incsp6.o):
    gmtime.o                  ../libwrk/cx16/gmtime.s:92
    fwrite.o                  common/fwrite.s:11
    vfprintf.o                common/vfprintf.s:9
    localtime.o               ../libwrk/cx16/localtime.s:53
    pause.o                   pause.s:111
    boot.o                    boot.s:285
incsp8 (incsp8.o):
    _scanf.o                  ../libwrk/cx16/_scanf.s:1057
    ttp.o                     ttp.s:1073
    boot.o                    boot.s:285
initlib (condes.o):
    crt0.o                    cx16/crt0.s:8
jmpvec (jmpvec.o):
    _scanf.o                  ../libwrk/cx16/_scanf.s:1057
    _scanf.o                  ../libwrk/cx16/_scanf.s:1057
ldax0sp (ldaxsp.o):
    mktime.o                  ../libwrk/cx16/mktime.s:618
    ttp.o                     ttp.s:1073
    trk.o                     trk.s:550
    ci.o                      ci.s:912
    ci.o                      ci.s:912
    ci.o                      ci.s:912
    ci.o                      ci.s:912
    ci.o                      ci.s:912
    boot.o                    boot.s:285
ldaxi (ldaxi.o):
    mktime.o                  ../libwrk/cx16/mktime.s:618
    _scanf.o                  ../libwrk/cx16/_scanf.s:1057
    _scanf.o                  ../libwrk/cx16/_scanf.s:1057
    trk.o                     trk.s:550
    trk.o                     trk.s:550
    ci.o                      ci.s:912
    ci.o                      ci.s:912
ldaxysp (ldaxsp.o):
    mktime.o                  ../libwrk/cx16/mktime.s:618
    gmtime.o                  ../libwrk/cx16/gmtime.s:92
    fwrite.o                  common/fwrite.s:11
    _scanf.o                  ../libwrk/cx16/_scanf.s:1057
    puts.o                    ../libwrk/cx16/puts.s:77
    localtime.o               ../libwrk/cx16/localtime.s:53
    fgets.o                   ../libwrk/cx16/fgets.s:111
    volumes.o                 volumes.s:884
    volumes.o                 volumes.s:884
    ttp.o                     ttp.s:1073
    ttp.o                     ttp.s:1073
    ttp.o                     ttp.s:1073
    trk.o                     trk.s:550
    trk.o                     trk.s:550
    pause.o                   pause.s:111
    common.o                  common.s:234
    common.o                  common.s:234
    ci.o                      ci.s:912
    ci.o                      ci.s:912
    ci.o                      ci.s:912
    ci.o                      ci.s:912
    boot.o                    boot.s:285
    boot.o                    boot.s:285
ldeax0sp (ldeaxysp.o):
    gmtime.o                  ../libwrk/cx16/gmtime.s:92
ldeaxi (ldeaxi.o):
    gmtime.o                  ../libwrk/cx16/gmtime.s:92
    time.o                    common/time.s:9
    localtime.o               ../libwrk/cx16/localtime.s:53
ldeaxidx (ldeaxi.o):
    volumes.o                 volumes.s:884
ldeaxysp (ldeaxysp.o):
    volumes.o                 volumes.s:884
    pause.o                   pause.s:111
leaa0sp (leaaxsp.o):
    fgetc.o                   ../libwrk/cx16/fgetc.s:94
    volumes.o                 volumes.s:884
    ttp.o                     ttp.s:1073
    trk.o                     trk.s:550
load_jiffy (tmcommon.o):
    gettime.o                 cx16/gettime.s:11
mul8x16 (mul8.o):
    mul.o                     runtime/mul.s:8
mul8x16a (mul8.o):
    mul.o                     runtime/mul.s:8
mulax10 (mulax10.o):
    _scanf.o                  ../libwrk/cx16/_scanf.s:1057
mulax3 (mulax3.o):
    ttp.o                     ttp.s:1073
mulax5 (mulax5.o):
    ttp.o                     ttp.s:1073
negax (negabs.o):
    div.o                     runtime/div.s:11
    divt.o                    common/divt.s:17
    shelp.o                   runtime/shelp.s:11
    mod.o                     runtime/mod.s:11
negeax (lneg.o):
    ltoa.o                    common/ltoa.s:9
    _scanf.o                  ../libwrk/cx16/_scanf.s:1057
plot (cputc.o):
    gotoxy.o                  cx16/gotoxy.s:9
    gotox.o                   cx16/gotox.s:9
popa (popa.o):
    gotoxy.o                  cx16/gotoxy.s:9
    c_setlfs.o                cbm/c_setlfs.s:12
    c_load.o                  cbm/c_load.s:11
popax (incsp2.o):
    rwcommon.o                cbm/rwcommon.s:9
    ltoa.o                    common/ltoa.s:9
    _printf.o                 common/_printf.s:11
    vsscanf.o                 common/vsscanf.s:11
    vcprintf.o                conio/vcprintf.s:8
    strncpy.o                 common/strncpy.s:8
    strncmp.o                 common/strncmp.s:8
    strcat.o                  common/strcat.s:9
    shelp.o                   runtime/shelp.s:11
    memcpy.o                  common/memcpy.s:14
popptr1 (popptr1.o):
    umod.o                    runtime/umod.s:8
    steaxspi.o                runtime/steaxspi.s:9
    rwcommon.o                cbm/rwcommon.s:9
    ltoa.o                    common/ltoa.s:9
    longjmp.o                 common/longjmp.s:9
    vcprintf.o                conio/vcprintf.s:8
    udiv.o                    runtime/udiv.s:9
    strncpy.o                 common/strncpy.s:8
    strncmp.o                 common/strncmp.s:8
    strcmp.o                  common/strcmp.s:8
    mul8.o                    runtime/mul8.s:9
    mul.o                     runtime/mul.s:9
    memcpy.o                  common/memcpy.s:14
popsargsudiv16 (shelp.o):
    div.o                     runtime/div.s:11
    mod.o                     runtime/mod.s:11
ptr1 (zeropage.o):
    div.o                     runtime/div.s:12
    strlower.o                common/strlower.s:13
    steaxspi.o                runtime/steaxspi.s:10
    staxspi.o                 runtime/staxspi.s:10
    setjmp.o                  common/setjmp.s:11
    read.o                    cbm/read.s:13
    mulax10.o                 runtime/mulax10.s:9
    mktime.o                  ../libwrk/cx16/mktime.s:11
    ludiv.o                   runtime/ludiv.s:10
    ltoa.o                    common/ltoa.s:11
    longjmp.o                 common/longjmp.s:10
    lcmp.o                    runtime/lcmp.s:10
    fwrite.o                  common/fwrite.s:14
    _scanf.o                  ../libwrk/cx16/_scanf.s:11
    _printf.o                 /Users/rje/git/cc65/asminc/zeropage.inc:12
    zerobss.o                 common/zerobss.s:9
    write.o                   cbm/write.s:11
    vsscanf.o                 common/vsscanf.s:12
    vfprintf.o                common/vfprintf.s:11
    vcprintf.o                conio/vcprintf.s:10
    udiv.o                    runtime/udiv.s:10
    time.o                    common/time.s:10
    strncpy.o                 common/strncpy.s:9
    strncmp.o                 common/strncmp.s:9
    strcmp.o                  common/strcmp.s:9
    strcat.o                  common/strcat.s:10
    staspidx.o                runtime/staspidx.s:9
    sscanf.o                  common/sscanf.s:9
    shelp.o                   runtime/shelp.s:12
    puts.o                    ../libwrk/cx16/puts.s:11
    pushw.o                   runtime/pushw.s:9
    printf.o                  common/printf.s:9
    popptr1.o                 runtime/popptr1.s:9
    mulax5.o                  runtime/mulax5.s:9
    mulax3.o                  runtime/mulax3.s:9
    mul8.o                    runtime/mul8.s:10
    mul.o                     runtime/mul.s:10
    memcpy.o                  common/memcpy.s:15
    lmul.o                    runtime/lmul.s:10
    ldeaxi.o                  runtime/ldeaxi.s:8
    ldaxi.o                   runtime/ldaxi.s:8
    cputs.o                   conio/cputs.s:10
    cprintf.o                 conio/cprintf.s:9
    c_setnam.o                cbm/c_setnam.s:10
    c_load.o                  cbm/c_load.s:12
    volumes.o                 volumes.s:11
    ttp.o                     ttp.s:11
    trk.o                     trk.s:11
    ci.o                      ci.s:11
    boot.o                    boot.s:11
ptr2 (zeropage.o):
    strlower.o                common/strlower.s:13
    rwcommon.o                cbm/rwcommon.s:10
    read.o                    cbm/read.s:13
    lumod.o                   runtime/lumod.s:10
    ludiv.o                   runtime/ludiv.s:10
    ltoa.o                    common/ltoa.s:11
    longjmp.o                 common/longjmp.s:10
    _printf.o                 /Users/rje/git/cc65/asminc/zeropage.inc:12
    write.o                   cbm/write.s:11
    vsscanf.o                 common/vsscanf.s:12
    vcprintf.o                conio/vcprintf.s:10
    strncpy.o                 common/strncpy.s:9
    strncmp.o                 common/strncmp.s:9
    strlen.o                  common/strlen.s:12
    strcmp.o                  common/strcmp.s:9
    strcat.o                  common/strcat.s:10
    memcpy.o                  common/memcpy.s:15
ptr3 (zeropage.o):
    rwcommon.o                cbm/rwcommon.s:10
    read.o                    cbm/read.s:13
    ludiv.o                   runtime/ludiv.s:10
    ltoa.o                    common/ltoa.s:11
    write.o                   cbm/write.s:11
    vcprintf.o                conio/vcprintf.s:10
    strncmp.o                 common/strncmp.s:9
    memcpy.o                  common/memcpy.s:15
    lmul.o                    runtime/lmul.s:10
ptr4 (zeropage.o):
    umod.o                    runtime/umod.s:9
    ludiv.o                   runtime/ludiv.s:10
    linc.o                    runtime/linc.s:8
    udiv.o                    runtime/udiv.s:10
    shelp.o                   runtime/shelp.s:12
    mul8.o                    runtime/mul8.s:10
    mul.o                     runtime/mul.s:10
    lmul.o                    runtime/lmul.s:10
push0 (pushax.o):
    ttp.o                     ttp.s:1073
push1 (push1.o):
    _printf.o                 common/_printf.s:11
    vfprintf.o                common/vfprintf.s:9
pusha (pusha.o):
    _scanf.o                  ../libwrk/cx16/_scanf.s:1057
    _scanf.o                  ../libwrk/cx16/_scanf.s:1057
    _scanf.o                  ../libwrk/cx16/_scanf.s:1057
    _scanf.o                  ../libwrk/cx16/_scanf.s:1057
    _scanf.o                  ../libwrk/cx16/_scanf.s:1057
    ttp.o                     ttp.s:1073
    ttp.o                     ttp.s:1073
    ttp.o                     ttp.s:1073
    ttp.o                     ttp.s:1073
    ttp.o                     ttp.s:1073
    ttp.o                     ttp.s:1073
    trk.o                     trk.s:550
    trk.o                     trk.s:550
    trk.o                     trk.s:550
    common.o                  common.s:234
    common.o                  common.s:234
    common.o                  common.s:234
    common.o                  common.s:234
    common.o                  common.s:234
    common.o                  common.s:234
    common.o                  common.s:234
    ci.o                      ci.s:912
    main.o                    main.s:82
pusha0 (pushax.o):
    push1.o                   runtime/push1.s:8
    fgetc.o                   ../libwrk/cx16/fgetc.s:94
    _scanf.o                  ../libwrk/cx16/_scanf.s:1057
    puts.o                    ../libwrk/cx16/puts.s:77
    volumes.o                 volumes.s:884
    volumes.o                 volumes.s:884
    ttp.o                     ttp.s:1073
    ttp.o                     ttp.s:1073
    ttp.o                     ttp.s:1073
    ttp.o                     ttp.s:1073
    trk.o                     trk.s:550
    restart.o                 restart.s:99
    diskut.o                  diskut.s:217
    common.o                  common.s:234
    ci.o                      ci.s:912
    ci.o                      ci.s:912
    ci.o                      ci.s:912
    ci.o                      ci.s:912
    boot.o                    boot.s:285
pushax (pushax.o):
    mktime.o                  ../libwrk/cx16/mktime.s:618
    mktime.o                  ../libwrk/cx16/mktime.s:618
    gmtime.o                  ../libwrk/cx16/gmtime.s:92
    gettime.o                 cx16/gettime.s:10
    fwrite.o                  common/fwrite.s:11
    fgetc.o                   ../libwrk/cx16/fgetc.s:94
    callmain.o                runtime/callmain.s:11
    _scanf.o                  ../libwrk/cx16/_scanf.s:1057
    _scanf.o                  ../libwrk/cx16/_scanf.s:1057
    _printf.o                 common/_printf.s:11
    vcprintf.o                conio/vcprintf.s:8
    puts.o                    ../libwrk/cx16/puts.s:77
    pushw.o                   runtime/pushw.s:8
    printf.o                  common/printf.s:8
    localtime.o               ../libwrk/cx16/localtime.s:53
    fgets.o                   ../libwrk/cx16/fgets.s:111
    cprintf.o                 conio/cprintf.s:8
    volumes.o                 volumes.s:884
    volumes.o                 volumes.s:884
    volumes.o                 volumes.s:884
    volumes.o                 volumes.s:884
    ttp.o                     ttp.s:1073
    ttp.o                     ttp.s:1073
    ttp.o                     ttp.s:1073
    ttp.o                     ttp.s:1073
    ttp.o                     ttp.s:1073
    trk.o                     trk.s:550
    trk.o                     trk.s:550
    restart.o                 restart.s:99
    pause.o                   pause.s:111
    pause.o                   pause.s:111
    pause.o                   pause.s:111
    pause.o                   pause.s:111
    diskut.o                  diskut.s:217
    ci.o                      ci.s:912
    ci.o                      ci.s:912
    ci.o                      ci.s:912
    ci.o                      ci.s:912
    ci.o                      ci.s:912
    ci.o                      ci.s:912
    ci.o                      ci.s:912
    ci.o                      ci.s:912
    ci.o                      ci.s:912
    ci.o                      ci.s:912
    boot.o                    boot.s:285
    boot.o                    boot.s:285
    main.o                    main.s:82
pusheax (lpush.o):
    mktime.o                  ../libwrk/cx16/mktime.s:618
    gmtime.o                  ../libwrk/cx16/gmtime.s:92
    gettime.o                 cx16/gettime.s:10
    _scanf.o                  ../libwrk/cx16/_scanf.s:1057
    _printf.o                 common/_printf.s:11
    localtime.o               ../libwrk/cx16/localtime.s:53
    volumes.o                 volumes.s:884
    volumes.o                 volumes.s:884
    pause.o                   pause.s:111
pushw (pushw.o):
    ttp.o                     ttp.s:1073
    ci.o                      ci.s:912
    ci.o                      ci.s:912
pushw0sp (pushwsp.o):
    mktime.o                  ../libwrk/cx16/mktime.s:618
    ci.o                      ci.s:912
    ci.o                      ci.s:912
    ci.o                      ci.s:912
    ci.o                      ci.s:912
    boot.o                    boot.s:285
pushwidx (pushw.o):
    ttp.o                     ttp.s:1073
pushwysp (pushwsp.o):
    fwrite.o                  common/fwrite.s:11
    vfprintf.o                common/vfprintf.s:9
    puts.o                    ../libwrk/cx16/puts.s:77
    volumes.o                 volumes.s:884
    volumes.o                 volumes.s:884
    ttp.o                     ttp.s:1073
    ttp.o                     ttp.s:1073
    trk.o                     trk.s:550
    ci.o                      ci.s:912
    ci.o                      ci.s:912
    boot.o                    boot.s:285
    boot.o                    boot.s:285
regbank (zeropage.o):
    mktime.o                  ../libwrk/cx16/mktime.s:10
    fgetc.o                   ../libwrk/cx16/fgetc.s:10
    _scanf.o                  ../libwrk/cx16/_scanf.s:10
    _printf.o                 /Users/rje/git/cc65/asminc/zeropage.inc:14
    regswap2.o                runtime/regswap2.s:8
    fgets.o                   ../libwrk/cx16/fgets.s:10
regsave (zeropage.o):
    _scanf.o                  ../libwrk/cx16/_scanf.s:10
    ci.o                      ci.s:10
regswap2 (regswap2.o):
    mktime.o                  ../libwrk/cx16/mktime.s:618
    fgetc.o                   ../libwrk/cx16/fgetc.s:94
    fgets.o                   ../libwrk/cx16/fgets.s:111
return0 (return0.o):
    setjmp.o                  common/setjmp.s:10
    gettime.o                 cx16/gettime.s:10
rwcommon (rwcommon.o):
    read.o                    cbm/read.s:11
    write.o                   cbm/write.s:10
shlax1 (aslax1.o):
    trk.o                     trk.s:550
    trk.o                     trk.s:550
    trk.o                     trk.s:550
    trk.o                     trk.s:550
shlax2 (aslax2.o):
    volumes.o                 volumes.s:884
shlax4 (aslax4.o):
    volumes.o                 volumes.s:884
    trk.o                     trk.s:550
    trk.o                     trk.s:550
    trk.o                     trk.s:550
    trk.o                     trk.s:550
shrax2 (shrax2.o):
    mktime.o                  ../libwrk/cx16/mktime.s:618
sp (zeropage.o):
    lsub.o                    runtime/lsub.s:12
    sub.o                     runtime/sub.s:9
    staxspi.o                 runtime/staxspi.s:10
    setjmp.o                  common/setjmp.s:11
    mktime.o                  ../libwrk/cx16/mktime.s:10
    ludiv.o                   runtime/ludiv.s:10
    longjmp.o                 common/longjmp.s:10
    lcmp.o                    runtime/lcmp.s:10
    gmtime.o                  ../libwrk/cx16/gmtime.s:10
    fgetc.o                   ../libwrk/cx16/fgetc.s:10
    decsp6.o                  runtime/decsp6.s:8
    decsp4.o                  runtime/decsp4.s:8
    _scanf.o                  ../libwrk/cx16/_scanf.s:10
    _printf.o                 /Users/rje/git/cc65/asminc/zeropage.inc:11
    vsscanf.o                 common/vsscanf.s:12
    vfprintf.o                common/vfprintf.s:11
    vcprintf.o                conio/vcprintf.s:10
    subysp.o                  runtime/subysp.s:9
    subeqsp.o                 runtime/subeqsp.s:8
    steaxsp.o                 runtime/steaxsp.s:8
    staxsp.o                  runtime/staxsp.s:8
    staspidx.o                runtime/staspidx.s:9
    sscanf.o                  common/sscanf.s:9
    regswap2.o                runtime/regswap2.s:8
    pushwsp.o                 runtime/pushwsp.s:8
    pushax.o                  runtime/pushax.s:8
    pusha.o                   runtime/pusha.s:8
    printf.o                  common/printf.s:9
    popptr1.o                 runtime/popptr1.s:9
    popa.o                    runtime/popa.s:8
    memcpy.o                  common/memcpy.s:15
    lpush.o                   runtime/lpush.s:13
    localtime.o               ../libwrk/cx16/localtime.s:10
    lmul.o                    runtime/lmul.s:10
    leaaxsp.o                 runtime/leaaxsp.s:8
    ldeaxysp.o                runtime/ldeaxysp.s:12
    ldaxsp.o                  runtime/ldaxsp.s:8
    ladd.o                    runtime/ladd.s:9
    incsp2.o                  runtime/incsp2.s:8
    incsp1.o                  runtime/incsp1.s:8
    icmp.o                    runtime/icmp.s:9
    fgets.o                   ../libwrk/cx16/fgets.s:10
    decsp5.o                  runtime/decsp5.s:8
    decsp2.o                  runtime/decsp2.s:8
    decsp1.o                  runtime/decsp1.s:8
    crt0.o                    /Users/rje/git/cc65/asminc/zeropage.inc:11
    cprintf.o                 conio/cprintf.s:9
    addysp.o                  runtime/addysp.s:8
    addeqsp.o                 runtime/addeqsp.s:8
    volumes.o                 volumes.s:10
    ttp.o                     ttp.s:10
    trk.o                     trk.s:10
    common.o                  common.s:10
    ci.o                      ci.s:10
    boot.o                    boot.s:10
sreg (zeropage.o):
    lsub.o                    runtime/lsub.s:12
    divt.o                    common/divt.s:18
    umod.o                    runtime/umod.s:9
    tmcommon.o                cx16/tmcommon.s:9
    steaxspi.o                runtime/steaxspi.s:10
    mktime.o                  ../libwrk/cx16/mktime.s:10
    lumod.o                   runtime/lumod.s:10
    ludiv.o                   runtime/ludiv.s:10
    ltoa.o                    common/ltoa.s:11
    lneg.o                    runtime/lneg.s:11
    linc.o                    runtime/linc.s:8
    lcmp.o                    runtime/lcmp.s:10
    gmtime.o                  ../libwrk/cx16/gmtime.s:10
    _scanf.o                  ../libwrk/cx16/_scanf.s:10
    _printf.o                 /Users/rje/git/cc65/asminc/zeropage.inc:11
    udiv.o                    runtime/udiv.s:10
    time.o                    common/time.s:10
    steaxsp.o                 runtime/steaxsp.s:8
    mod.o                     runtime/mod.s:12
    lpush.o                   runtime/lpush.s:13
    localtime.o               ../libwrk/cx16/localtime.s:10
    lmul.o                    runtime/lmul.s:10
    ldeaxysp.o                runtime/ldeaxysp.s:12
    ldeaxi.o                  runtime/ldeaxi.s:8
    ladd.o                    runtime/ladd.s:9
    icmp.o                    runtime/icmp.s:9
    clock.o                   cx16/clock.s:12
    axlong.o                  runtime/axlong.s:9
    asleax2.o                 runtime/asleax2.s:8
    asleax1.o                 runtime/asleax1.s:8
    volumes.o                 volumes.s:10
    ttp.o                     ttp.s:10
    boot.o                    boot.s:10
staspidx (staspidx.o):
    ci.o                      ci.s:912
    ci.o                      ci.s:912
    ci.o                      ci.s:912
    ci.o                      ci.s:912
    boot.o                    boot.s:285
stax0sp (staxsp.o):
    mktime.o                  ../libwrk/cx16/mktime.s:618
    fgets.o                   ../libwrk/cx16/fgets.s:111
    volumes.o                 volumes.s:884
    volumes.o                 volumes.s:884
    ttp.o                     ttp.s:1073
    trk.o                     trk.s:550
    boot.o                    boot.s:285
    boot.o                    boot.s:285
staxspidx (staxspi.o):
    mktime.o                  ../libwrk/cx16/mktime.s:618
staxysp (staxsp.o):
    mktime.o                  ../libwrk/cx16/mktime.s:618
    fgets.o                   ../libwrk/cx16/fgets.s:111
    ttp.o                     ttp.s:1073
    ttp.o                     ttp.s:1073
    boot.o                    boot.s:285
steax0sp (steaxsp.o):
    gmtime.o                  ../libwrk/cx16/gmtime.s:92
    localtime.o               ../libwrk/cx16/localtime.s:53
steaxspidx (steaxspi.o):
    gettime.o                 cx16/gettime.s:10
subeq0sp (subeqsp.o):
    common.o                  common.s:234
subeqysp (subeqsp.o):
    fgets.o                   ../libwrk/cx16/fgets.s:111
subysp (subysp.o):
    volumes.o                 volumes.s:884
    ttp.o                     ttp.s:1073
tmp1 (zeropage.o):
    div.o                     runtime/div.s:12
    divt.o                    common/divt.s:18
    steaxspi.o                runtime/steaxspi.s:10
    staxspi.o                 runtime/staxspi.s:10
    shrax2.o                  runtime/shrax2.s:8
    read.o                    cbm/read.s:13
    mktime.o                  ../libwrk/cx16/mktime.s:11
    ltoa.o                    common/ltoa.s:11
    _printf.o                 /Users/rje/git/cc65/asminc/zeropage.inc:13
    vcprintf.o                conio/vcprintf.s:10
    time.o                    common/time.s:10
    strncpy.o                 common/strncpy.s:9
    staspidx.o                runtime/staspidx.s:9
    shelp.o                   runtime/shelp.s:12
    mul.o                     runtime/mul.s:10
    mod.o                     runtime/mod.s:12
    ladd.o                    runtime/ladd.s:9
    incaxy.o                  runtime/incaxy.s:8
    fgets.o                   ../libwrk/cx16/fgets.s:11
    decaxy.o                  runtime/decaxy.s:8
    cputs.o                   conio/cputs.s:10
    color.o                   cx16/color.s:11
    cclear.o                  cbm/cclear.s:10
    c_setlfs.o                cbm/c_setlfs.s:13
    asleax2.o                 runtime/asleax2.s:8
    asleax1.o                 runtime/asleax1.s:8
    aslax4.o                  runtime/aslax4.s:8
    aslax2.o                  runtime/aslax2.s:8
    aslax1.o                  runtime/aslax1.s:8
    volumes.o                 volumes.s:11
    ttp.o                     ttp.s:11
    trk.o                     trk.s:11
    restart.o                 restart.s:11
    common.o                  common.s:11
    ci.o                      ci.s:11
    boot.o                    boot.s:11
tmp2 (zeropage.o):
    div.o                     runtime/div.s:12
    steaxspi.o                runtime/steaxspi.s:10
    rwcommon.o                cbm/rwcommon.s:10
    read.o                    cbm/read.s:13
    time.o                    common/time.s:10
    strncpy.o                 common/strncpy.s:9
    shelp.o                   runtime/shelp.s:12
    lmul.o                    runtime/lmul.s:10
tmp3 (zeropage.o):
    steaxspi.o                runtime/steaxspi.s:10
    read.o                    cbm/read.s:13
    lumod.o                   runtime/lumod.s:10
    ludiv.o                   runtime/ludiv.s:10
    strncpy.o                 common/strncpy.s:9
    strcat.o                  common/strcat.s:10
    lmul.o                    runtime/lmul.s:10
tmp4 (zeropage.o):
    lumod.o                   runtime/lumod.s:10
    ludiv.o                   runtime/ludiv.s:10
    lmul.o                    runtime/lmul.s:10
tosaddeax (ladd.o):
    mktime.o                  ../libwrk/cx16/mktime.s:618
    _scanf.o                  ../libwrk/cx16/_scanf.s:1057
    localtime.o               ../libwrk/cx16/localtime.s:53
    volumes.o                 volumes.s:884
    volumes.o                 volumes.s:884
    pause.o                   pause.s:111
tosdivax (div.o):
    divt.o                    common/divt.s:17
tosicmp (icmp.o):
    mktime.o                  ../libwrk/cx16/mktime.s:618
    ttp.o                     ttp.s:1073
    restart.o                 restart.s:99
    diskut.o                  diskut.s:217
    ci.o                      ci.s:912
    ci.o                      ci.s:912
tosicmp0 (icmp.o):
    volumes.o                 volumes.s:884
    volumes.o                 volumes.s:884
    boot.o                    boot.s:285
toslcmp (lcmp.o):
    lult.o                    runtime/lult.s:8
tosmoda0 (mod.o):
    pause.o                   pause.s:111
    pause.o                   pause.s:111
    pause.o                   pause.s:111
    ci.o                      ci.s:912
    boot.o                    boot.s:285
tosmul0ax (lmul.o):
    gettime.o                 cx16/gettime.s:10
    volumes.o                 volumes.s:884
tosmulax (mul.o):
    pause.o                   pause.s:111
tosmuleax (lmul.o):
    _scanf.o                  ../libwrk/cx16/_scanf.s:1057
tossuba0 (sub.o):
    _scanf.o                  ../libwrk/cx16/_scanf.s:1057
tossubeax (lsub.o):
    mktime.o                  ../libwrk/cx16/mktime.s:618
tosudiv0ax (ludiv.o):
    gmtime.o                  ../libwrk/cx16/gmtime.s:92
tosudivax (udiv.o):
    fwrite.o                  common/fwrite.s:12
tosudiveax (ludiv.o):
    gmtime.o                  ../libwrk/cx16/gmtime.s:92
tosulteax (lult.o):
    pause.o                   pause.s:111
tosumod0ax (lumod.o):
    gmtime.o                  ../libwrk/cx16/gmtime.s:92
tosumoda0 (umod.o):
    mktime.o                  ../libwrk/cx16/mktime.s:618
    mktime.o                  ../libwrk/cx16/mktime.s:618
tosumodax (umod.o):
    mktime.o                  ../libwrk/cx16/mktime.s:618
tosumul0ax (lmul.o):
    mktime.o                  ../libwrk/cx16/mktime.s:618
tosumula0 (mul8.o):
    mktime.o                  ../libwrk/cx16/mktime.s:618
tosumulax (mul.o):
    mktime.o                  ../libwrk/cx16/mktime.s:618
    fwrite.o                  common/fwrite.s:12
tosumuleax (lmul.o):
    mktime.o                  ../libwrk/cx16/mktime.s:618
udiv16 (udiv.o):
    umod.o                    runtime/umod.s:8
    shelp.o                   runtime/shelp.s:11
udiv32 (ludiv.o):
    lumod.o                   runtime/lumod.s:9
unittab (filedes.o):
    read.o                    cbm/filedes.inc:8
zerobss (zerobss.o):
    crt0.o                    cx16/crt0.s:9

